
--- STDERR ---
WARNING:__main__:
*****************************************
Setting OMP_NUM_THREADS environment variable for each process to be 1 in default, to avoid your system being overloaded, please further tune the variable for optimal performance in your application as needed. 
*****************************************
[rank3]: Traceback (most recent call last):
[rank3]:   File "/home/ubuntu/mini-train-sys/scripts/run_dist_bench.py", line 953, in <module>
[rank3]:     main()
[rank3]:   File "/home/ubuntu/mini-train-sys/scripts/run_dist_bench.py", line 939, in main
[rank3]:     worker(args)
[rank3]:   File "/home/ubuntu/mini-train-sys/scripts/run_dist_bench.py", line 120, in worker
[rank3]:     trainer.train_step(batch)
[rank3]:   File "/home/ubuntu/mini-train-sys/minitrain/train/trainer.py", line 138, in train_step
[rank3]:     loss.backward()
[rank3]:   File "/home/ubuntu/mini-train-sys/.venv/lib/python3.10/site-packages/torch/_tensor.py", line 581, in backward
[rank3]:     torch.autograd.backward(
[rank3]:   File "/home/ubuntu/mini-train-sys/.venv/lib/python3.10/site-packages/torch/autograd/__init__.py", line 347, in backward
[rank3]:     _engine_run_backward(
[rank3]:   File "/home/ubuntu/mini-train-sys/.venv/lib/python3.10/site-packages/torch/autograd/graph.py", line 825, in _engine_run_backward
[rank3]:     return Variable._execution_engine.run_backward(  # Calls into the C++ engine to run the backward pass
[rank3]: RuntimeError: CUDA error: CUBLAS_STATUS_ALLOC_FAILED when calling `cublasCreate(handle)`
[rank1]: Traceback (most recent call last):
[rank1]:   File "/home/ubuntu/mini-train-sys/scripts/run_dist_bench.py", line 953, in <module>
[rank1]:     main()
[rank1]:   File "/home/ubuntu/mini-train-sys/scripts/run_dist_bench.py", line 939, in main
[rank1]:     worker(args)
[rank1]:   File "/home/ubuntu/mini-train-sys/scripts/run_dist_bench.py", line 120, in worker
[rank1]:     trainer.train_step(batch)
[rank1]:   File "/home/ubuntu/mini-train-sys/minitrain/train/trainer.py", line 138, in train_step
[rank1]:     loss.backward()
[rank1]:   File "/home/ubuntu/mini-train-sys/.venv/lib/python3.10/site-packages/torch/_tensor.py", line 581, in backward
[rank1]:     torch.autograd.backward(
[rank1]:   File "/home/ubuntu/mini-train-sys/.venv/lib/python3.10/site-packages/torch/autograd/__init__.py", line 347, in backward
[rank1]:     _engine_run_backward(
[rank1]:   File "/home/ubuntu/mini-train-sys/.venv/lib/python3.10/site-packages/torch/autograd/graph.py", line 825, in _engine_run_backward
[rank1]:     return Variable._execution_engine.run_backward(  # Calls into the C++ engine to run the backward pass
[rank1]:   File "/home/ubuntu/mini-train-sys/.venv/lib/python3.10/site-packages/torch/autograd/function.py", line 307, in apply
[rank1]:     return user_fn(self, *args)
[rank1]:   File "/home/ubuntu/mini-train-sys/minitrain/kernels/triton/fused_moe.py", line 29, in wrapper
[rank1]:     return fn(ctx, *args, **kwargs)
[rank1]:   File "/home/ubuntu/mini-train-sys/minitrain/kernels/triton/fused_moe.py", line 373, in backward
[rank1]:     dx_expanded = torch.empty(TK, H, dtype=dO.dtype, device=dO.device)
[rank1]: torch.OutOfMemoryError: CUDA out of memory. Tried to allocate 192.00 MiB. GPU 1 has a total capacity of 23.65 GiB of which 142.56 MiB is free. Including non-PyTorch memory, this process has 23.51 GiB memory in use. Of the allocated memory 22.28 GiB is allocated by PyTorch, and 584.67 MiB is reserved by PyTorch but unallocated. If reserved but unallocated memory is large try setting PYTORCH_CUDA_ALLOC_CONF=expandable_segments:True to avoid fragmentation.  See documentation for Memory Management  (https://pytorch.org/docs/stable/notes/cuda.html#environment-variables)
[rank2]: Traceback (most recent call last):
[rank2]:   File "/home/ubuntu/mini-train-sys/scripts/run_dist_bench.py", line 953, in <module>
[rank2]:     main()
[rank2]:   File "/home/ubuntu/mini-train-sys/scripts/run_dist_bench.py", line 939, in main
[rank2]:     worker(args)
[rank2]:   File "/home/ubuntu/mini-train-sys/scripts/run_dist_bench.py", line 120, in worker
[rank2]:     trainer.train_step(batch)
[rank2]:   File "/home/ubuntu/mini-train-sys/minitrain/train/trainer.py", line 138, in train_step
[rank2]:     loss.backward()
[rank2]:   File "/home/ubuntu/mini-train-sys/.venv/lib/python3.10/site-packages/torch/_tensor.py", line 581, in backward
[rank2]:     torch.autograd.backward(
[rank2]:   File "/home/ubuntu/mini-train-sys/.venv/lib/python3.10/site-packages/torch/autograd/__init__.py", line 347, in backward
[rank2]:     _engine_run_backward(
[rank2]:   File "/home/ubuntu/mini-train-sys/.venv/lib/python3.10/site-packages/torch/autograd/graph.py", line 825, in _engine_run_backward
[rank2]:     return Variable._execution_engine.run_backward(  # Calls into the C++ engine to run the backward pass
[rank2]: RuntimeError: CUDA error: CUBLAS_STATUS_ALLOC_FAILED when calling `cublasCreate(handle)`
W0725 20:07:42.264000 257885 .venv/lib/python3.10/site-packages/torch/distributed/elastic/multiprocessing/api.py:897] Sending process 257943 closing signal SIGTERM
W0725 20:07:42.265000 257885 .venv/lib/python3.10/site-packages/torch/distributed/elastic/multiprocessing/api.py:897] Sending process 257945 closing signal SIGTERM
W0725 20:07:42.265000 257885 .venv/lib/python3.10/site-packages/torch/distributed/elastic/multiprocessing/api.py:897] Sending process 257946 closing signal SIGTERM
E0725 20:07:42.483000 257885 .venv/lib/python3.10/site-packages/torch/distributed/elastic/multiprocessing/api.py:869] failed (exitcode: 1) local_rank: 1 (pid: 257944) of binary: /home/ubuntu/mini-train-sys/.venv/bin/python
Traceback (most recent call last):
  File "/usr/lib/python3.10/runpy.py", line 196, in _run_module_as_main
    return _run_code(code, main_globals, None,
  File "/usr/lib/python3.10/runpy.py", line 86, in _run_code
    exec(code, run_globals)
  File "/home/ubuntu/mini-train-sys/.venv/lib/python3.10/site-packages/torch/distributed/run.py", line 923, in <module>
    main()
  File "/home/ubuntu/mini-train-sys/.venv/lib/python3.10/site-packages/torch/distributed/elastic/multiprocessing/errors/__init__.py", line 355, in wrapper
    return f(*args, **kwargs)
  File "/home/ubuntu/mini-train-sys/.venv/lib/python3.10/site-packages/torch/distributed/run.py", line 919, in main
    run(args)
  File "/home/ubuntu/mini-train-sys/.venv/lib/python3.10/site-packages/torch/distributed/run.py", line 910, in run
    elastic_launch(
  File "/home/ubuntu/mini-train-sys/.venv/lib/python3.10/site-packages/torch/distributed/launcher/api.py", line 138, in __call__
    return launch_agent(self._config, self._entrypoint, list(args))
  File "/home/ubuntu/mini-train-sys/.venv/lib/python3.10/site-packages/torch/distributed/launcher/api.py", line 269, in launch_agent
    raise ChildFailedError(
torch.distributed.elastic.multiprocessing.errors.ChildFailedError: 
============================================================
scripts/run_dist_bench.py FAILED
------------------------------------------------------------
Failures:
  <NO_OTHER_FAILURES>
------------------------------------------------------------
Root Cause (first observed failure):
[0]:
  time      : 2026-07-25_20:07:42
  host      : ml-ubuntu22-04-desktop-v3-2-128gb-25m
  rank      : 1 (local_rank: 1)
  exitcode  : 1 (pid: 257944)
  error_file: <N/A>
  traceback : To enable traceback see: https://pytorch.org/docs/stable/elastic/errors.html
============================================================
