ninja: no work to do.
ninja: no work to do.
{"schema_version": 1, "case_identity": "fdba4a734db5eb197f046ab3b4b9903d436b698b9ba19766e388da2651075f22", "timestamp_utc": "2026-07-26T02:45:24.073998+00:00", "strategy": "fsdp", "world_size": 4, "local_batch_size": 96, "global_batch_size": 384, "seq_len": 512, "global_tokens_per_step": 196608, "warmup_steps": 5, "measure_steps": 20, "repeat": 0, "parameter_count": 293494272, "precision": "bf16", "workers_per_rank": 4, "workers_per_node": 16, "prefetch_factor": 2, "step_time_ms_mean": 557.4349798999776, "step_time_ms_p50": 557.7345769999624, "step_time_ms_p95": 563.391493649965, "throughput_tokens_per_sec": 352725.2950661654, "data_wait_ms_mean": 4.88118094997958, "data_wait_ms_p95": 9.270572399998404, "data_stall_percent": 0.8756502777876309, "peak_memory_allocated_mb": 18054.99609375, "peak_memory_reserved_mb": 19804.0, "system_peak_memory_allocated_mb": 72204.43505859375, "system_peak_memory_reserved_mb": 78794.0, "gpu_memory_total_mb": 24217.3125, "system_gpu_memory_total_mb": 96869.25, "memory_utilization_percent": 74.55408643609815, "system_memory_utilization_percent": 74.53803457608451, "last_loss": 4.496176719665527, "ops_backend": "cuda", "backend_dispatch": {"attention": {"native_cuda": 300, "fallback": 0}, "native_cuda_operators": ["attention"], "fallback_chain": "CUDA -> Triton -> PyTorch"}, "torch_version": "2.5.1+cu118", "cuda_version": "11.8", "gpu_name": "NVIDIA GeForce RTX 4090"}

--- STDERR ---
WARNING:__main__:
*****************************************
Setting OMP_NUM_THREADS environment variable for each process to be 1 in default, to avoid your system being overloaded, please further tune the variable for optimal performance in your application as needed. 
*****************************************
Detected CUDA files, patching ldflags
Emitting ninja build file /data/mini-train-sys/cache/cuda_ext/cpython-310_5217543196fa/minitrain_cuda_flash_8d01e50dc6dc/build.ninja...
Building extension module minitrain_cuda_flash_8d01e50dc6dc...
Using envvar MAX_JOBS (2) as the number of workers...
Loading extension module minitrain_cuda_flash_8d01e50dc6dc...
Detected CUDA files, patching ldflags
Emitting ninja build file /data/mini-train-sys/cache/cuda_ext/cpython-310_5217543196fa/minitrain_cuda_flash_8d01e50dc6dc/build.ninja...
Building extension module minitrain_cuda_flash_8d01e50dc6dc...
Using envvar MAX_JOBS (2) as the number of workers...
Loading extension module minitrain_cuda_flash_8d01e50dc6dc...
Loading extension module minitrain_cuda_flash_8d01e50dc6dc...
Loading extension module minitrain_cuda_flash_8d01e50dc6dc...
