ninja: no work to do.
ninja: no work to do.
ninja: no work to do.
{"schema_version": 1, "case_identity": "862a65103d74c60b2a27288ae4dea26ffca5ce7d0266e2d53f21246e674b4e43", "timestamp_utc": "2026-07-26T02:47:36.353499+00:00", "strategy": "fsdp", "world_size": 4, "local_batch_size": 120, "global_batch_size": 480, "seq_len": 512, "global_tokens_per_step": 245760, "warmup_steps": 5, "measure_steps": 20, "repeat": 0, "parameter_count": 293494272, "precision": "bf16", "workers_per_rank": 4, "workers_per_node": 16, "prefetch_factor": 2, "step_time_ms_mean": 847.1233619000145, "step_time_ms_p50": 827.9408025000521, "step_time_ms_p95": 1008.0110616498814, "throughput_tokens_per_sec": 294640.33034196345, "data_wait_ms_mean": 3.8740232500231286, "data_wait_ms_p95": 5.366873399793803, "data_stall_percent": 0.45731512365968463, "peak_memory_allocated_mb": 22285.20654296875, "peak_memory_reserved_mb": 23510.0, "system_peak_memory_allocated_mb": 89133.99951171875, "system_peak_memory_reserved_mb": 93996.0, "gpu_memory_total_mb": 24217.3125, "system_gpu_memory_total_mb": 96869.25, "memory_utilization_percent": 92.021798632564, "system_memory_utilization_percent": 92.01475133927305, "last_loss": 4.626927852630615, "ops_backend": "cuda", "backend_dispatch": {"attention": {"native_cuda": 300, "fallback": 0}, "native_cuda_operators": ["attention"], "fallback_chain": "CUDA -> Triton -> PyTorch"}, "torch_version": "2.5.1+cu118", "cuda_version": "11.8", "gpu_name": "NVIDIA GeForce RTX 4090"}

--- STDERR ---
WARNING:__main__:
*****************************************
Setting OMP_NUM_THREADS environment variable for each process to be 1 in default, to avoid your system being overloaded, please further tune the variable for optimal performance in your application as needed. 
*****************************************
Detected CUDA files, patching ldflags
Emitting ninja build file /data/mini-train-sys/cache/cuda_ext/cpython-310_5217543196fa/minitrain_cuda_flash_8d01e50dc6dc/build.ninja...
Building extension module minitrain_cuda_flash_8d01e50dc6dc...
Using envvar MAX_JOBS (2) as the number of workers...
Loading extension module minitrain_cuda_flash_8d01e50dc6dc...
Detected CUDA files, patching ldflags
Emitting ninja build file /data/mini-train-sys/cache/cuda_ext/cpython-310_5217543196fa/minitrain_cuda_flash_8d01e50dc6dc/build.ninja...
Building extension module minitrain_cuda_flash_8d01e50dc6dc...
Using envvar MAX_JOBS (2) as the number of workers...
Loading extension module minitrain_cuda_flash_8d01e50dc6dc...
Detected CUDA files, patching ldflags
Emitting ninja build file /data/mini-train-sys/cache/cuda_ext/cpython-310_5217543196fa/minitrain_cuda_flash_8d01e50dc6dc/build.ninja...
Building extension module minitrain_cuda_flash_8d01e50dc6dc...
Using envvar MAX_JOBS (2) as the number of workers...
Loading extension module minitrain_cuda_flash_8d01e50dc6dc...
Loading extension module minitrain_cuda_flash_8d01e50dc6dc...
