ninja: no work to do.
ninja: no work to do.
ninja: no work to do.
{"schema_version": 1, "case_identity": "19b4f0fc0ea936470c561757ac20b222dc1155f3a7d4ac5a7c0189c83cf18d4c", "timestamp_utc": "2026-07-26T02:41:12.688176+00:00", "strategy": "fsdp", "world_size": 4, "local_batch_size": 24, "global_batch_size": 96, "seq_len": 512, "global_tokens_per_step": 49152, "warmup_steps": 5, "measure_steps": 20, "repeat": 1, "parameter_count": 293494272, "precision": "bf16", "workers_per_rank": 4, "workers_per_node": 16, "prefetch_factor": 2, "step_time_ms_mean": 231.0193110499995, "step_time_ms_p50": 230.92133199997988, "step_time_ms_p95": 234.78597859999013, "throughput_tokens_per_sec": 212790.15788130643, "data_wait_ms_mean": 1.8669431499972688, "data_wait_ms_p95": 3.013118000046689, "data_stall_percent": 0.8081329398446724, "peak_memory_allocated_mb": 5358.7529296875, "peak_memory_reserved_mb": 6690.0, "system_peak_memory_allocated_mb": 21433.775390625, "system_peak_memory_reserved_mb": 26460.0, "gpu_memory_total_mb": 24217.3125, "system_gpu_memory_total_mb": 96869.25, "memory_utilization_percent": 22.127777100318212, "system_memory_utilization_percent": 22.126500814887077, "last_loss": 4.600396633148193, "ops_backend": "cuda", "backend_dispatch": {"attention": {"native_cuda": 300, "fallback": 0}, "native_cuda_operators": ["attention"], "fallback_chain": "CUDA -> Triton -> PyTorch"}, "torch_version": "2.5.1+cu118", "cuda_version": "11.8", "gpu_name": "NVIDIA GeForce RTX 4090"}

--- STDERR ---
WARNING:__main__:
*****************************************
Setting OMP_NUM_THREADS environment variable for each process to be 1 in default, to avoid your system being overloaded, please further tune the variable for optimal performance in your application as needed. 
*****************************************
Detected CUDA files, patching ldflags
Emitting ninja build file /data/mini-train-sys/cache/cuda_ext/cpython-310_5217543196fa/minitrain_cuda_flash_8d01e50dc6dc/build.ninja...
Building extension module minitrain_cuda_flash_8d01e50dc6dc...
Using envvar MAX_JOBS (2) as the number of workers...
Loading extension module minitrain_cuda_flash_8d01e50dc6dc...
Detected CUDA files, patching ldflags
Emitting ninja build file /data/mini-train-sys/cache/cuda_ext/cpython-310_5217543196fa/minitrain_cuda_flash_8d01e50dc6dc/build.ninja...
Building extension module minitrain_cuda_flash_8d01e50dc6dc...
Using envvar MAX_JOBS (2) as the number of workers...
Loading extension module minitrain_cuda_flash_8d01e50dc6dc...
Detected CUDA files, patching ldflags
Emitting ninja build file /data/mini-train-sys/cache/cuda_ext/cpython-310_5217543196fa/minitrain_cuda_flash_8d01e50dc6dc/build.ninja...
Building extension module minitrain_cuda_flash_8d01e50dc6dc...
Using envvar MAX_JOBS (2) as the number of workers...
Loading extension module minitrain_cuda_flash_8d01e50dc6dc...
Loading extension module minitrain_cuda_flash_8d01e50dc6dc...
