ninja: no work to do.
ninja: no work to do.
ninja: no work to do.
ninja: no work to do.
{"schema_version": 1, "case_identity": "22f9d417e7bd1de8dee77503156469c076f7da7f59d2bd969095d7326d5fa9f5", "timestamp_utc": "2026-07-26T02:39:27.507277+00:00", "strategy": "fsdp", "world_size": 4, "local_batch_size": 8, "global_batch_size": 32, "seq_len": 512, "global_tokens_per_step": 16384, "warmup_steps": 5, "measure_steps": 20, "repeat": 1, "parameter_count": 293494272, "precision": "bf16", "workers_per_rank": 4, "workers_per_node": 16, "prefetch_factor": 2, "step_time_ms_mean": 185.33757984999397, "step_time_ms_p50": 185.74418450003805, "step_time_ms_p95": 191.82013064998387, "throughput_tokens_per_sec": 88461.52304879934, "data_wait_ms_mean": 0.689585050002961, "data_wait_ms_p95": 1.0989379499619647, "data_stall_percent": 0.37206973920836134, "peak_memory_allocated_mb": 2563.44189453125, "peak_memory_reserved_mb": 3580.0, "system_peak_memory_allocated_mb": 10245.00390625, "system_peak_memory_reserved_mb": 14140.0, "gpu_memory_total_mb": 24217.3125, "system_gpu_memory_total_mb": 96869.25, "memory_utilization_percent": 10.585162554809704, "system_memory_utilization_percent": 10.576115646864201, "last_loss": 4.532415390014648, "ops_backend": "cuda", "backend_dispatch": {"attention": {"native_cuda": 300, "fallback": 0}, "native_cuda_operators": ["attention"], "fallback_chain": "CUDA -> Triton -> PyTorch"}, "torch_version": "2.5.1+cu118", "cuda_version": "11.8", "gpu_name": "NVIDIA GeForce RTX 4090"}

--- STDERR ---
WARNING:__main__:
*****************************************
Setting OMP_NUM_THREADS environment variable for each process to be 1 in default, to avoid your system being overloaded, please further tune the variable for optimal performance in your application as needed. 
*****************************************
Detected CUDA files, patching ldflags
Emitting ninja build file /data/mini-train-sys/cache/cuda_ext/cpython-310_5217543196fa/minitrain_cuda_flash_8d01e50dc6dc/build.ninja...
Building extension module minitrain_cuda_flash_8d01e50dc6dc...
Using envvar MAX_JOBS (2) as the number of workers...
Loading extension module minitrain_cuda_flash_8d01e50dc6dc...
Detected CUDA files, patching ldflags
Emitting ninja build file /data/mini-train-sys/cache/cuda_ext/cpython-310_5217543196fa/minitrain_cuda_flash_8d01e50dc6dc/build.ninja...
Building extension module minitrain_cuda_flash_8d01e50dc6dc...
Using envvar MAX_JOBS (2) as the number of workers...
Loading extension module minitrain_cuda_flash_8d01e50dc6dc...
Detected CUDA files, patching ldflags
Emitting ninja build file /data/mini-train-sys/cache/cuda_ext/cpython-310_5217543196fa/minitrain_cuda_flash_8d01e50dc6dc/build.ninja...
Building extension module minitrain_cuda_flash_8d01e50dc6dc...
Using envvar MAX_JOBS (2) as the number of workers...
Loading extension module minitrain_cuda_flash_8d01e50dc6dc...
Detected CUDA files, patching ldflags
Emitting ninja build file /data/mini-train-sys/cache/cuda_ext/cpython-310_5217543196fa/minitrain_cuda_flash_8d01e50dc6dc/build.ninja...
Building extension module minitrain_cuda_flash_8d01e50dc6dc...
Using envvar MAX_JOBS (2) as the number of workers...
Loading extension module minitrain_cuda_flash_8d01e50dc6dc...
[E726 10:39:28.516627283 ProcessGroupNCCL.cpp:542] [Rank 2] Collective WorkNCCL(SeqNum=993, OpType=ALLREDUCE, NumelIn=2, NumelOut=2, Timeout(ms)=1800000) raised the following async exception: NCCL error: unhandled system error (run with NCCL_DEBUG=INFO for details), NCCL version 2.21.5
ncclSystemError: System call (e.g. socket, malloc) or external library call failed or device error. 
Last error:

Exception raised from checkForNCCLErrorsInternal at ../torch/csrc/distributed/c10d/ProcessGroupNCCL.cpp:2027 (most recent call first):
frame #0: c10::Error::Error(c10::SourceLocation, std::string) + 0x96 (0x7fe4ced2c446 in /home/ubuntu/mini-train-sys/.venv/lib/python3.10/site-packages/torch/lib/libc10.so)
frame #1: c10d::ProcessGroupNCCL::checkForNCCLErrorsInternal(std::shared_ptr<c10d::NCCLComm>&) + 0x220 (0x7fe4cff7de80 in /home/ubuntu/mini-train-sys/.venv/lib/python3.10/site-packages/torch/lib/libtorch_cuda.so)
frame #2: c10d::ProcessGroupNCCL::WorkNCCL::checkAndSetException() + 0x7c (0x7fe4cff7e0cc in /home/ubuntu/mini-train-sys/.venv/lib/python3.10/site-packages/torch/lib/libtorch_cuda.so)
frame #3: c10d::ProcessGroupNCCL::WorkNCCL::isStarted() + 0x90 (0x7fe4cff7e3a0 in /home/ubuntu/mini-train-sys/.venv/lib/python3.10/site-packages/torch/lib/libtorch_cuda.so)
frame #4: c10d::ProcessGroupNCCL::watchdogHandler() + 0x9f8 (0x7fe4cff86278 in /home/ubuntu/mini-train-sys/.venv/lib/python3.10/site-packages/torch/lib/libtorch_cuda.so)
frame #5: c10d::ProcessGroupNCCL::ncclCommWatchdog() + 0x14d (0x7fe4cff8751d in /home/ubuntu/mini-train-sys/.venv/lib/python3.10/site-packages/torch/lib/libtorch_cuda.so)
frame #6: <unknown function> + 0x145c0 (0x7fe51e3ee5c0 in /home/ubuntu/mini-train-sys/.venv/lib/python3.10/site-packages/torch/lib/libtorch.so)
frame #7: <unknown function> + 0x94ac3 (0x7fe51f7aeac3 in /lib/x86_64-linux-gnu/libc.so.6)
frame #8: <unknown function> + 0x126850 (0x7fe51f840850 in /lib/x86_64-linux-gnu/libc.so.6)

