ninja: no work to do.
ninja: no work to do.
ninja: no work to do.
{"schema_version": 1, "case_identity": "24247d30f920ecd1bdab0349dbeb6fb1a67807fc003edef56c28f754aa500a78", "timestamp_utc": "2026-07-26T02:42:08.804689+00:00", "strategy": "fsdp", "world_size": 4, "local_batch_size": 32, "global_batch_size": 128, "seq_len": 512, "global_tokens_per_step": 65536, "warmup_steps": 5, "measure_steps": 20, "repeat": 1, "parameter_count": 293494272, "precision": "bf16", "workers_per_rank": 4, "workers_per_node": 16, "prefetch_factor": 2, "step_time_ms_mean": 262.35467215001336, "step_time_ms_p50": 263.7263525000435, "step_time_ms_p95": 268.3285316000024, "throughput_tokens_per_sec": 249864.11780622564, "data_wait_ms_mean": 3.6605130499879124, "data_wait_ms_p95": 6.903474100022324, "data_stall_percent": 1.3952536160266455, "peak_memory_allocated_mb": 6763.06103515625, "peak_memory_reserved_mb": 7984.0, "system_peak_memory_allocated_mb": 27049.9404296875, "system_peak_memory_reserved_mb": 31690.0, "gpu_memory_total_mb": 24217.3125, "system_gpu_memory_total_mb": 96869.25, "memory_utilization_percent": 27.92655475357247, "system_memory_utilization_percent": 27.9241765882233, "last_loss": 4.474039554595947, "ops_backend": "cuda", "backend_dispatch": {"attention": {"native_cuda": 300, "fallback": 0}, "native_cuda_operators": ["attention"], "fallback_chain": "CUDA -> Triton -> PyTorch"}, "torch_version": "2.5.1+cu118", "cuda_version": "11.8", "gpu_name": "NVIDIA GeForce RTX 4090"}

--- STDERR ---
WARNING:__main__:
*****************************************
Setting OMP_NUM_THREADS environment variable for each process to be 1 in default, to avoid your system being overloaded, please further tune the variable for optimal performance in your application as needed. 
*****************************************
Detected CUDA files, patching ldflags
Emitting ninja build file /data/mini-train-sys/cache/cuda_ext/cpython-310_5217543196fa/minitrain_cuda_flash_8d01e50dc6dc/build.ninja...
Building extension module minitrain_cuda_flash_8d01e50dc6dc...
Using envvar MAX_JOBS (2) as the number of workers...
Loading extension module minitrain_cuda_flash_8d01e50dc6dc...
Detected CUDA files, patching ldflags
Emitting ninja build file /data/mini-train-sys/cache/cuda_ext/cpython-310_5217543196fa/minitrain_cuda_flash_8d01e50dc6dc/build.ninja...
Building extension module minitrain_cuda_flash_8d01e50dc6dc...
Using envvar MAX_JOBS (2) as the number of workers...
Loading extension module minitrain_cuda_flash_8d01e50dc6dc...
Detected CUDA files, patching ldflags
Emitting ninja build file /data/mini-train-sys/cache/cuda_ext/cpython-310_5217543196fa/minitrain_cuda_flash_8d01e50dc6dc/build.ninja...
Building extension module minitrain_cuda_flash_8d01e50dc6dc...
Using envvar MAX_JOBS (2) as the number of workers...
Loading extension module minitrain_cuda_flash_8d01e50dc6dc...
Loading extension module minitrain_cuda_flash_8d01e50dc6dc...
[E726 10:42:09.790990995 ProcessGroupNCCL.cpp:542] [Rank 1] Collective WorkNCCL(SeqNum=993, OpType=ALLREDUCE, NumelIn=2, NumelOut=2, Timeout(ms)=1800000) raised the following async exception: NCCL error: unhandled system error (run with NCCL_DEBUG=INFO for details), NCCL version 2.21.5
ncclSystemError: System call (e.g. socket, malloc) or external library call failed or device error. 
Last error:

Exception raised from checkForNCCLErrorsInternal at ../torch/csrc/distributed/c10d/ProcessGroupNCCL.cpp:2027 (most recent call first):
frame #0: c10::Error::Error(c10::SourceLocation, std::string) + 0x96 (0x7f124952c446 in /home/ubuntu/mini-train-sys/.venv/lib/python3.10/site-packages/torch/lib/libc10.so)
frame #1: c10d::ProcessGroupNCCL::checkForNCCLErrorsInternal(std::shared_ptr<c10d::NCCLComm>&) + 0x220 (0x7f124a77de80 in /home/ubuntu/mini-train-sys/.venv/lib/python3.10/site-packages/torch/lib/libtorch_cuda.so)
frame #2: c10d::ProcessGroupNCCL::WorkNCCL::checkAndSetException() + 0x7c (0x7f124a77e0cc in /home/ubuntu/mini-train-sys/.venv/lib/python3.10/site-packages/torch/lib/libtorch_cuda.so)
frame #3: c10d::ProcessGroupNCCL::WorkNCCL::isStarted() + 0x90 (0x7f124a77e3a0 in /home/ubuntu/mini-train-sys/.venv/lib/python3.10/site-packages/torch/lib/libtorch_cuda.so)
frame #4: c10d::ProcessGroupNCCL::watchdogHandler() + 0x9f8 (0x7f124a786278 in /home/ubuntu/mini-train-sys/.venv/lib/python3.10/site-packages/torch/lib/libtorch_cuda.so)
frame #5: c10d::ProcessGroupNCCL::ncclCommWatchdog() + 0x14d (0x7f124a78751d in /home/ubuntu/mini-train-sys/.venv/lib/python3.10/site-packages/torch/lib/libtorch_cuda.so)
frame #6: <unknown function> + 0x145c0 (0x7f1298bee5c0 in /home/ubuntu/mini-train-sys/.venv/lib/python3.10/site-packages/torch/lib/libtorch.so)
frame #7: <unknown function> + 0x94ac3 (0x7f1299f9eac3 in /lib/x86_64-linux-gnu/libc.so.6)
frame #8: <unknown function> + 0x126850 (0x7f129a030850 in /lib/x86_64-linux-gnu/libc.so.6)

