ninja: no work to do.
ninja: no work to do.
{"schema_version": 1, "case_identity": "7caad5d627588c9deb8ed7a234cfc3092a69267d12959aea7b923a068128d5c6", "timestamp_utc": "2026-07-26T02:48:24.595922+00:00", "strategy": "fsdp", "world_size": 4, "local_batch_size": 120, "global_batch_size": 480, "seq_len": 512, "global_tokens_per_step": 245760, "warmup_steps": 5, "measure_steps": 20, "repeat": 1, "parameter_count": 293494272, "precision": "bf16", "workers_per_rank": 4, "workers_per_node": 16, "prefetch_factor": 2, "step_time_ms_mean": 832.4075951499935, "step_time_ms_p50": 832.7227569999422, "step_time_ms_p95": 918.0155811000986, "throughput_tokens_per_sec": 297715.4442352606, "data_wait_ms_mean": 8.056332199998906, "data_wait_ms_p95": 15.449572000056833, "data_stall_percent": 0.9678350181976915, "peak_memory_allocated_mb": 22294.92919921875, "peak_memory_reserved_mb": 23514.0, "system_peak_memory_allocated_mb": 89142.96533203125, "system_peak_memory_reserved_mb": 93968.0, "gpu_memory_total_mb": 24217.3125, "system_gpu_memory_total_mb": 96869.25, "memory_utilization_percent": 92.06194617680534, "system_memory_utilization_percent": 92.02400692895965, "last_loss": 4.563561916351318, "ops_backend": "cuda", "backend_dispatch": {"attention": {"native_cuda": 300, "fallback": 0}, "native_cuda_operators": ["attention"], "fallback_chain": "CUDA -> Triton -> PyTorch"}, "torch_version": "2.5.1+cu118", "cuda_version": "11.8", "gpu_name": "NVIDIA GeForce RTX 4090"}

--- STDERR ---
WARNING:__main__:
*****************************************
Setting OMP_NUM_THREADS environment variable for each process to be 1 in default, to avoid your system being overloaded, please further tune the variable for optimal performance in your application as needed. 
*****************************************
Detected CUDA files, patching ldflags
Emitting ninja build file /data/mini-train-sys/cache/cuda_ext/cpython-310_5217543196fa/minitrain_cuda_flash_8d01e50dc6dc/build.ninja...
Building extension module minitrain_cuda_flash_8d01e50dc6dc...
Using envvar MAX_JOBS (2) as the number of workers...
Loading extension module minitrain_cuda_flash_8d01e50dc6dc...
Loading extension module minitrain_cuda_flash_8d01e50dc6dc...
Detected CUDA files, patching ldflags
Emitting ninja build file /data/mini-train-sys/cache/cuda_ext/cpython-310_5217543196fa/minitrain_cuda_flash_8d01e50dc6dc/build.ninja...
Building extension module minitrain_cuda_flash_8d01e50dc6dc...
Using envvar MAX_JOBS (2) as the number of workers...
Loading extension module minitrain_cuda_flash_8d01e50dc6dc...
Loading extension module minitrain_cuda_flash_8d01e50dc6dc...
