ninja: no work to do.
ninja: no work to do.
ninja: no work to do.
{"schema_version": 1, "case_identity": "b7f0fd6404e43e2e24cd52f0047123712966d2a62504d8860037fa21ae51bb33", "timestamp_utc": "2026-07-26T02:42:32.578436+00:00", "strategy": "fsdp", "world_size": 4, "local_batch_size": 48, "global_batch_size": 192, "seq_len": 512, "global_tokens_per_step": 98304, "warmup_steps": 5, "measure_steps": 20, "repeat": 0, "parameter_count": 293494272, "precision": "bf16", "workers_per_rank": 4, "workers_per_node": 16, "prefetch_factor": 2, "step_time_ms_mean": 318.6156146999906, "step_time_ms_p50": 314.358039500064, "step_time_ms_p95": 331.21976979995225, "throughput_tokens_per_sec": 308724.7367939535, "data_wait_ms_mean": 2.2469406499908473, "data_wait_ms_p95": 2.99491569996917, "data_stall_percent": 0.7052198782242902, "peak_memory_allocated_mb": 9593.0302734375, "peak_memory_reserved_mb": 11224.0, "system_peak_memory_allocated_mb": 38365.31640625, "system_peak_memory_reserved_mb": 44102.0, "gpu_memory_total_mb": 24217.3125, "system_gpu_memory_total_mb": 96869.25, "memory_utilization_percent": 39.612282632259465, "system_memory_utilization_percent": 39.60525802176645, "last_loss": 4.539371490478516, "ops_backend": "cuda", "backend_dispatch": {"attention": {"native_cuda": 300, "fallback": 0}, "native_cuda_operators": ["attention"], "fallback_chain": "CUDA -> Triton -> PyTorch"}, "torch_version": "2.5.1+cu118", "cuda_version": "11.8", "gpu_name": "NVIDIA GeForce RTX 4090"}

--- STDERR ---
WARNING:__main__:
*****************************************
Setting OMP_NUM_THREADS environment variable for each process to be 1 in default, to avoid your system being overloaded, please further tune the variable for optimal performance in your application as needed. 
*****************************************
Detected CUDA files, patching ldflags
Emitting ninja build file /data/mini-train-sys/cache/cuda_ext/cpython-310_5217543196fa/minitrain_cuda_flash_8d01e50dc6dc/build.ninja...
Building extension module minitrain_cuda_flash_8d01e50dc6dc...
Using envvar MAX_JOBS (2) as the number of workers...
Loading extension module minitrain_cuda_flash_8d01e50dc6dc...
Detected CUDA files, patching ldflags
Emitting ninja build file /data/mini-train-sys/cache/cuda_ext/cpython-310_5217543196fa/minitrain_cuda_flash_8d01e50dc6dc/build.ninja...
Building extension module minitrain_cuda_flash_8d01e50dc6dc...
Using envvar MAX_JOBS (2) as the number of workers...
Loading extension module minitrain_cuda_flash_8d01e50dc6dc...
Loading extension module minitrain_cuda_flash_8d01e50dc6dc...
Detected CUDA files, patching ldflags
Emitting ninja build file /data/mini-train-sys/cache/cuda_ext/cpython-310_5217543196fa/minitrain_cuda_flash_8d01e50dc6dc/build.ninja...
Building extension module minitrain_cuda_flash_8d01e50dc6dc...
Using envvar MAX_JOBS (2) as the number of workers...
Loading extension module minitrain_cuda_flash_8d01e50dc6dc...
