ninja: no work to do.
ninja: no work to do.
ninja: no work to do.
ninja: no work to do.
{"schema_version": 1, "case_identity": "e48cc72066bcc7e3efeefd36fd46c68bf62645ff76d686f06cf11c7d89202e16", "timestamp_utc": "2026-07-25T11:21:20.300770+00:00", "strategy": "fsdp", "world_size": 4, "local_batch_size": 112, "global_batch_size": 448, "seq_len": 512, "global_tokens_per_step": 229376, "warmup_steps": 10, "measure_steps": 30, "repeat": 2, "parameter_count": 293494272, "precision": "bf16", "workers_per_rank": 4, "workers_per_node": 16, "prefetch_factor": 2, "step_time_ms_mean": 622.8694036336188, "step_time_ms_p50": 619.737613500547, "step_time_ms_p95": 638.4531598483591, "throughput_tokens_per_sec": 368312.87662491127, "data_wait_ms_mean": 5.26616093350943, "data_wait_ms_p95": 9.79049485122232, "data_stall_percent": 0.8454679107351154, "peak_memory_allocated_mb": 20874.8203125, "peak_memory_reserved_mb": 22830.0, "system_peak_memory_allocated_mb": 83482.16064453125, "system_peak_memory_reserved_mb": 91138.0, "gpu_memory_total_mb": 24217.3125, "system_gpu_memory_total_mb": 96869.25, "memory_utilization_percent": 86.19792271541279, "system_memory_utilization_percent": 86.18024878331488, "last_loss": 3.9274773597717285, "ops_backend": "cuda", "backend_dispatch": {"attention": {"native_cuda": 480, "fallback": 0}, "native_cuda_operators": ["attention"], "fallback_chain": "CUDA -> Triton -> PyTorch"}, "torch_version": "2.5.1+cu118", "cuda_version": "11.8", "gpu_name": "NVIDIA GeForce RTX 4090"}

--- STDERR ---
WARNING:__main__:
*****************************************
Setting OMP_NUM_THREADS environment variable for each process to be 1 in default, to avoid your system being overloaded, please further tune the variable for optimal performance in your application as needed. 
*****************************************
Detected CUDA files, patching ldflags
Emitting ninja build file /data/mini-train-sys/cache/cuda_ext/cpython-310_5217543196fa/minitrain_cuda_flash_8d01e50dc6dc/build.ninja...
Building extension module minitrain_cuda_flash_8d01e50dc6dc...
Using envvar MAX_JOBS (2) as the number of workers...
Loading extension module minitrain_cuda_flash_8d01e50dc6dc...
Detected CUDA files, patching ldflags
Emitting ninja build file /data/mini-train-sys/cache/cuda_ext/cpython-310_5217543196fa/minitrain_cuda_flash_8d01e50dc6dc/build.ninja...
Building extension module minitrain_cuda_flash_8d01e50dc6dc...
Using envvar MAX_JOBS (2) as the number of workers...
Loading extension module minitrain_cuda_flash_8d01e50dc6dc...
Detected CUDA files, patching ldflags
Emitting ninja build file /data/mini-train-sys/cache/cuda_ext/cpython-310_5217543196fa/minitrain_cuda_flash_8d01e50dc6dc/build.ninja...
Building extension module minitrain_cuda_flash_8d01e50dc6dc...
Using envvar MAX_JOBS (2) as the number of workers...
Loading extension module minitrain_cuda_flash_8d01e50dc6dc...
Detected CUDA files, patching ldflags
Emitting ninja build file /data/mini-train-sys/cache/cuda_ext/cpython-310_5217543196fa/minitrain_cuda_flash_8d01e50dc6dc/build.ninja...
Building extension module minitrain_cuda_flash_8d01e50dc6dc...
Using envvar MAX_JOBS (2) as the number of workers...
Loading extension module minitrain_cuda_flash_8d01e50dc6dc...
