
--- STDERR ---
WARNING:__main__:
*****************************************
Setting OMP_NUM_THREADS environment variable for each process to be 1 in default, to avoid your system being overloaded, please further tune the variable for optimal performance in your application as needed. 
*****************************************
[rank2]: Traceback (most recent call last):
[rank2]:   File "/home/ubuntu/mini-train-sys/scripts/run_dist_bench.py", line 953, in <module>
[rank2]:     main()
[rank2]:   File "/home/ubuntu/mini-train-sys/scripts/run_dist_bench.py", line 939, in main
[rank2]:     worker(args)
[rank2]:   File "/home/ubuntu/mini-train-sys/scripts/run_dist_bench.py", line 120, in worker
[rank2]:     trainer.train_step(batch)
[rank2]:   File "/home/ubuntu/mini-train-sys/minitrain/train/trainer.py", line 138, in train_step
[rank2]:     loss.backward()
[rank2]:   File "/home/ubuntu/mini-train-sys/.venv/lib/python3.10/site-packages/torch/_tensor.py", line 581, in backward
[rank2]:     torch.autograd.backward(
[rank2]:   File "/home/ubuntu/mini-train-sys/.venv/lib/python3.10/site-packages/torch/autograd/__init__.py", line 347, in backward
[rank2]:     _engine_run_backward(
[rank2]:   File "/home/ubuntu/mini-train-sys/.venv/lib/python3.10/site-packages/torch/autograd/graph.py", line 825, in _engine_run_backward
[rank2]:     return Variable._execution_engine.run_backward(  # Calls into the C++ engine to run the backward pass
[rank2]: torch.OutOfMemoryError: CUDA out of memory. Tried to allocate 3.07 GiB. GPU 2 has a total capacity of 23.65 GiB of which 1.55 GiB is free. Including non-PyTorch memory, this process has 22.10 GiB memory in use. Of the allocated memory 18.19 GiB is allocated by PyTorch, and 3.24 GiB is reserved by PyTorch but unallocated. If reserved but unallocated memory is large try setting PYTORCH_CUDA_ALLOC_CONF=expandable_segments:True to avoid fragmentation.  See documentation for Memory Management  (https://pytorch.org/docs/stable/notes/cuda.html#environment-variables)
[rank0]: Traceback (most recent call last):
[rank0]:   File "/home/ubuntu/mini-train-sys/scripts/run_dist_bench.py", line 953, in <module>
[rank0]:     main()
[rank0]:   File "/home/ubuntu/mini-train-sys/scripts/run_dist_bench.py", line 939, in main
[rank0]:     worker(args)
[rank0]:   File "/home/ubuntu/mini-train-sys/scripts/run_dist_bench.py", line 120, in worker
[rank0]:     trainer.train_step(batch)
[rank0]:   File "/home/ubuntu/mini-train-sys/minitrain/train/trainer.py", line 138, in train_step
[rank0]:     loss.backward()
[rank0]:   File "/home/ubuntu/mini-train-sys/.venv/lib/python3.10/site-packages/torch/_tensor.py", line 581, in backward
[rank0]:     torch.autograd.backward(
[rank0]:   File "/home/ubuntu/mini-train-sys/.venv/lib/python3.10/site-packages/torch/autograd/__init__.py", line 347, in backward
[rank0]:     _engine_run_backward(
[rank0]:   File "/home/ubuntu/mini-train-sys/.venv/lib/python3.10/site-packages/torch/autograd/graph.py", line 825, in _engine_run_backward
[rank0]:     return Variable._execution_engine.run_backward(  # Calls into the C++ engine to run the backward pass
[rank0]: torch.OutOfMemoryError: CUDA out of memory. Tried to allocate 3.07 GiB. GPU 0 has a total capacity of 23.65 GiB of which 1.63 GiB is free. Including non-PyTorch memory, this process has 22.02 GiB memory in use. Of the allocated memory 18.19 GiB is allocated by PyTorch, and 3.16 GiB is reserved by PyTorch but unallocated. If reserved but unallocated memory is large try setting PYTORCH_CUDA_ALLOC_CONF=expandable_segments:True to avoid fragmentation.  See documentation for Memory Management  (https://pytorch.org/docs/stable/notes/cuda.html#environment-variables)
[rank1]: Traceback (most recent call last):
[rank1]:   File "/home/ubuntu/mini-train-sys/scripts/run_dist_bench.py", line 953, in <module>
[rank1]:     main()
[rank1]:   File "/home/ubuntu/mini-train-sys/scripts/run_dist_bench.py", line 939, in main
[rank1]:     worker(args)
[rank1]:   File "/home/ubuntu/mini-train-sys/scripts/run_dist_bench.py", line 120, in worker
[rank1]:     trainer.train_step(batch)
[rank1]:   File "/home/ubuntu/mini-train-sys/minitrain/train/trainer.py", line 138, in train_step
[rank1]:     loss.backward()
[rank1]:   File "/home/ubuntu/mini-train-sys/.venv/lib/python3.10/site-packages/torch/_tensor.py", line 581, in backward
[rank1]:     torch.autograd.backward(
[rank1]:   File "/home/ubuntu/mini-train-sys/.venv/lib/python3.10/site-packages/torch/autograd/__init__.py", line 347, in backward
[rank1]:     _engine_run_backward(
[rank1]:   File "/home/ubuntu/mini-train-sys/.venv/lib/python3.10/site-packages/torch/autograd/graph.py", line 825, in _engine_run_backward
[rank1]:     return Variable._execution_engine.run_backward(  # Calls into the C++ engine to run the backward pass
[rank1]: torch.OutOfMemoryError: CUDA out of memory. Tried to allocate 3.07 GiB. GPU 1 has a total capacity of 23.65 GiB of which 1.75 GiB is free. Including non-PyTorch memory, this process has 21.90 GiB memory in use. Of the allocated memory 18.19 GiB is allocated by PyTorch, and 3.04 GiB is reserved by PyTorch but unallocated. If reserved but unallocated memory is large try setting PYTORCH_CUDA_ALLOC_CONF=expandable_segments:True to avoid fragmentation.  See documentation for Memory Management  (https://pytorch.org/docs/stable/notes/cuda.html#environment-variables)
[rank3]: Traceback (most recent call last):
[rank3]:   File "/home/ubuntu/mini-train-sys/scripts/run_dist_bench.py", line 953, in <module>
[rank3]:     main()
[rank3]:   File "/home/ubuntu/mini-train-sys/scripts/run_dist_bench.py", line 939, in main
[rank3]:     worker(args)
[rank3]:   File "/home/ubuntu/mini-train-sys/scripts/run_dist_bench.py", line 120, in worker
[rank3]:     trainer.train_step(batch)
[rank3]:   File "/home/ubuntu/mini-train-sys/minitrain/train/trainer.py", line 138, in train_step
[rank3]:     loss.backward()
[rank3]:   File "/home/ubuntu/mini-train-sys/.venv/lib/python3.10/site-packages/torch/_tensor.py", line 581, in backward
[rank3]:     torch.autograd.backward(
[rank3]:   File "/home/ubuntu/mini-train-sys/.venv/lib/python3.10/site-packages/torch/autograd/__init__.py", line 347, in backward
[rank3]:     _engine_run_backward(
[rank3]:   File "/home/ubuntu/mini-train-sys/.venv/lib/python3.10/site-packages/torch/autograd/graph.py", line 825, in _engine_run_backward
[rank3]:     return Variable._execution_engine.run_backward(  # Calls into the C++ engine to run the backward pass
[rank3]: torch.OutOfMemoryError: CUDA out of memory. Tried to allocate 3.07 GiB. GPU 3 has a total capacity of 23.65 GiB of which 1.71 GiB is free. Including non-PyTorch memory, this process has 21.94 GiB memory in use. Of the allocated memory 18.19 GiB is allocated by PyTorch, and 3.08 GiB is reserved by PyTorch but unallocated. If reserved but unallocated memory is large try setting PYTORCH_CUDA_ALLOC_CONF=expandable_segments:True to avoid fragmentation.  See documentation for Memory Management  (https://pytorch.org/docs/stable/notes/cuda.html#environment-variables)
W0725 19:25:31.324000 172935 .venv/lib/python3.10/site-packages/torch/distributed/elastic/multiprocessing/api.py:897] Sending process 173032 closing signal SIGTERM
W0725 19:25:31.324000 172935 .venv/lib/python3.10/site-packages/torch/distributed/elastic/multiprocessing/api.py:897] Sending process 173034 closing signal SIGTERM
W0725 19:25:31.325000 172935 .venv/lib/python3.10/site-packages/torch/distributed/elastic/multiprocessing/api.py:897] Sending process 173035 closing signal SIGTERM
E0725 19:25:31.640000 172935 .venv/lib/python3.10/site-packages/torch/distributed/elastic/multiprocessing/api.py:869] failed (exitcode: 1) local_rank: 1 (pid: 173033) of binary: /home/ubuntu/mini-train-sys/.venv/bin/python
Traceback (most recent call last):
  File "/usr/lib/python3.10/runpy.py", line 196, in _run_module_as_main
    return _run_code(code, main_globals, None,
  File "/usr/lib/python3.10/runpy.py", line 86, in _run_code
    exec(code, run_globals)
  File "/home/ubuntu/mini-train-sys/.venv/lib/python3.10/site-packages/torch/distributed/run.py", line 923, in <module>
    main()
  File "/home/ubuntu/mini-train-sys/.venv/lib/python3.10/site-packages/torch/distributed/elastic/multiprocessing/errors/__init__.py", line 355, in wrapper
    return f(*args, **kwargs)
  File "/home/ubuntu/mini-train-sys/.venv/lib/python3.10/site-packages/torch/distributed/run.py", line 919, in main
    run(args)
  File "/home/ubuntu/mini-train-sys/.venv/lib/python3.10/site-packages/torch/distributed/run.py", line 910, in run
    elastic_launch(
  File "/home/ubuntu/mini-train-sys/.venv/lib/python3.10/site-packages/torch/distributed/launcher/api.py", line 138, in __call__
    return launch_agent(self._config, self._entrypoint, list(args))
  File "/home/ubuntu/mini-train-sys/.venv/lib/python3.10/site-packages/torch/distributed/launcher/api.py", line 269, in launch_agent
    raise ChildFailedError(
torch.distributed.elastic.multiprocessing.errors.ChildFailedError: 
============================================================
scripts/run_dist_bench.py FAILED
------------------------------------------------------------
Failures:
  <NO_OTHER_FAILURES>
------------------------------------------------------------
Root Cause (first observed failure):
[0]:
  time      : 2026-07-25_19:25:31
  host      : ml-ubuntu22-04-desktop-v3-2-128gb-25m
  rank      : 1 (local_rank: 1)
  exitcode  : 1 (pid: 173033)
  error_file: <N/A>
  traceback : To enable traceback see: https://pytorch.org/docs/stable/elastic/errors.html
============================================================
