{
  "schema_version": 2,
  "protocol": "ground_truth_first_whole_rank_matched_v1",
  "condition": "single",
  "identity": {
    "data": "/data/mini-train-sys/artifacts/synbios_moe/single",
    "probe_cache": "/data/mini-train-sys/artifacts/synbios_moe/single/probe_cache",
    "probe_dir": "/data/mini-train-sys/artifacts/synbios_moe/results/single_fsdp_4gpu/probe_pipeline/formal/training",
    "checkpoint": "/data/mini-train-sys/artifacts/synbios_moe/checkpoints/synbios_moe_single_fsdp_4gpu/epoch_000540_step_000017280",
    "probe_cache_manifest_sha256": "9dcfd2cff38d6f3d29d7f10c2a3247b634f31395b3cda3755a755c8964ffaf5b"
  },
  "tasks": 5,
  "baseline": {
    "summary": "/data/mini-train-sys/artifacts/synbios_moe/results/single_fsdp_4gpu/probe_pipeline/formal/summary/summary.json",
    "sha256": "bf2757a303efa261a970e315782f9523ac855f0ac9687e76c08f70f0d3ac054a",
    "protocol": "original_formal_whole_probe"
  },
  "rows": [
    {
      "kind": "p",
      "attribute": "birth_city",
      "source_position": 0,
      "source_position_label": "birth date",
      "first_accuracy": 1.0,
      "original_whole_accuracy": 0.0071032363921403885,
      "whole_accuracy": 0.14836984716070076,
      "delta_vs_original_whole": 0.14126661076856037,
      "recovery_gap": -0.8516301528392992,
      "classes": 200,
      "steps": 4000,
      "batch_size": 128
    },
    {
      "kind": "p",
      "attribute": "birth_city",
      "source_position": 1,
      "source_position_label": "birth city",
      "first_accuracy": 1.0,
      "original_whole_accuracy": 0.5255995988845825,
      "whole_accuracy": 0.9755975896883355,
      "delta_vs_original_whole": 0.449997990803753,
      "recovery_gap": -0.024402410311664458,
      "classes": 200,
      "steps": 4000,
      "batch_size": 128
    },
    {
      "kind": "p",
      "attribute": "birth_city",
      "source_position": 2,
      "source_position_label": "university",
      "first_accuracy": 1.0,
      "original_whole_accuracy": 0.9973263144493103,
      "whole_accuracy": 0.9640448541442196,
      "delta_vs_original_whole": -0.033281460305090715,
      "recovery_gap": -0.03595514585578041,
      "classes": 200,
      "steps": 4000,
      "batch_size": 128
    },
    {
      "kind": "p",
      "attribute": "birth_city",
      "source_position": 3,
      "source_position_label": "major",
      "first_accuracy": 1.0,
      "original_whole_accuracy": 0.9968873262405396,
      "whole_accuracy": 0.9814637455604772,
      "delta_vs_original_whole": -0.015423580680062332,
      "recovery_gap": -0.01853625443952278,
      "classes": 200,
      "steps": 4000,
      "batch_size": 128
    },
    {
      "kind": "p",
      "attribute": "birth_city",
      "source_position": 4,
      "source_position_label": "company",
      "first_accuracy": 1.0,
      "original_whole_accuracy": 0.9969272613525391,
      "whole_accuracy": 0.9839179536294346,
      "delta_vs_original_whole": -0.01300930772310449,
      "recovery_gap": -0.016082046370565428,
      "classes": 200,
      "steps": 4000,
      "batch_size": 128
    },
    {
      "kind": "p",
      "attribute": "birth_city",
      "source_position": 5,
      "source_position_label": "company city",
      "first_accuracy": 1.0,
      "original_whole_accuracy": 0.9970070719718933,
      "whole_accuracy": 0.9661598627239715,
      "delta_vs_original_whole": -0.030847209247921836,
      "recovery_gap": -0.033840137276028526,
      "classes": 200,
      "steps": 4000,
      "batch_size": 128
    },
    {
      "kind": "p",
      "attribute": "university",
      "source_position": 0,
      "source_position_label": "birth date",
      "first_accuracy": 1.0,
      "original_whole_accuracy": 0.003731194417923689,
      "whole_accuracy": 0.0805698551418652,
      "delta_vs_original_whole": 0.07683866072394151,
      "recovery_gap": -0.9194301448581348,
      "classes": 300,
      "steps": 4000,
      "batch_size": 128
    },
    {
      "kind": "p",
      "attribute": "university",
      "source_position": 1,
      "source_position_label": "birth city",
      "first_accuracy": 1.0,
      "original_whole_accuracy": 0.013887226581573486,
      "whole_accuracy": 0.09900634502573925,
      "delta_vs_original_whole": 0.08511911844416577,
      "recovery_gap": -0.9009936549742608,
      "classes": 300,
      "steps": 4000,
      "batch_size": 128
    },
    {
      "kind": "p",
      "attribute": "university",
      "source_position": 2,
      "source_position_label": "university",
      "first_accuracy": 1.0,
      "original_whole_accuracy": 0.1286962777376175,
      "whole_accuracy": 0.94227622810168,
      "delta_vs_original_whole": 0.8135799503640625,
      "recovery_gap": -0.05772377189832001,
      "classes": 300,
      "steps": 4000,
      "batch_size": 128
    },
    {
      "kind": "p",
      "attribute": "university",
      "source_position": 3,
      "source_position_label": "major",
      "first_accuracy": 1.0,
      "original_whole_accuracy": 0.9961091876029968,
      "whole_accuracy": 0.9714673370844806,
      "delta_vs_original_whole": -0.024641850518516195,
      "recovery_gap": -0.02853266291551937,
      "classes": 300,
      "steps": 4000,
      "batch_size": 128
    },
    {
      "kind": "p",
      "attribute": "university",
      "source_position": 4,
      "source_position_label": "company",
      "first_accuracy": 1.0,
      "original_whole_accuracy": 0.9969472289085388,
      "whole_accuracy": 0.9833193662955425,
      "delta_vs_original_whole": -0.013627862612996311,
      "recovery_gap": -0.016680633704457493,
      "classes": 300,
      "steps": 4000,
      "batch_size": 128
    },
    {
      "kind": "p",
      "attribute": "university",
      "source_position": 5,
      "source_position_label": "company city",
      "first_accuracy": 1.0,
      "original_whole_accuracy": 0.998623251914978,
      "whole_accuracy": 0.9833193662955425,
      "delta_vs_original_whole": -0.01530388561943552,
      "recovery_gap": -0.016680633704457493,
      "classes": 300,
      "steps": 4000,
      "batch_size": 128
    },
    {
      "kind": "p",
      "attribute": "major",
      "source_position": 0,
      "source_position_label": "birth date",
      "first_accuracy": 1.0,
      "original_whole_accuracy": 0.012071510776877403,
      "whole_accuracy": 0.21820503611476916,
      "delta_vs_original_whole": 0.20613352533789175,
      "recovery_gap": -0.7817949638852308,
      "classes": 100,
      "steps": 4000,
      "batch_size": 128
    },
    {
      "kind": "p",
      "attribute": "major",
      "source_position": 1,
      "source_position_label": "birth city",
      "first_accuracy": 1.0,
      "original_whole_accuracy": 0.017239315435290337,
      "whole_accuracy": 0.29035476275988664,
      "delta_vs_original_whole": 0.2731154473245963,
      "recovery_gap": -0.7096452372401134,
      "classes": 100,
      "steps": 4000,
      "batch_size": 128
    },
    {
      "kind": "p",
      "attribute": "major",
      "source_position": 2,
      "source_position_label": "university",
      "first_accuracy": 1.0,
      "original_whole_accuracy": 0.01927451230585575,
      "whole_accuracy": 0.2919709485613951,
      "delta_vs_original_whole": 0.27269643625553935,
      "recovery_gap": -0.708029051438605,
      "classes": 100,
      "steps": 4000,
      "batch_size": 128
    },
    {
      "kind": "p",
      "attribute": "major",
      "source_position": 3,
      "source_position_label": "major",
      "first_accuracy": 1.0,
      "original_whole_accuracy": 0.7707011699676514,
      "whole_accuracy": 0.883654575202522,
      "delta_vs_original_whole": 0.11295340523487063,
      "recovery_gap": -0.116345424797478,
      "classes": 100,
      "steps": 4000,
      "batch_size": 128
    },
    {
      "kind": "p",
      "attribute": "major",
      "source_position": 4,
      "source_position_label": "company",
      "first_accuracy": 1.0,
      "original_whole_accuracy": 0.9962488412857056,
      "whole_accuracy": 0.9073386807135161,
      "delta_vs_original_whole": -0.08891016057218948,
      "recovery_gap": -0.09266131928648391,
      "classes": 100,
      "steps": 4000,
      "batch_size": 128
    },
    {
      "kind": "p",
      "attribute": "major",
      "source_position": 5,
      "source_position_label": "company city",
      "first_accuracy": 1.0,
      "original_whole_accuracy": 0.9651222825050354,
      "whole_accuracy": 0.7365218085318648,
      "delta_vs_original_whole": -0.22860047397317063,
      "recovery_gap": -0.2634781914681352,
      "classes": 100,
      "steps": 4000,
      "batch_size": 128
    },
    {
      "kind": "p",
      "attribute": "company",
      "source_position": 0,
      "source_position_label": "birth date",
      "first_accuracy": 1.0,
      "original_whole_accuracy": 0.004210064187645912,
      "whole_accuracy": 0.08142783032044375,
      "delta_vs_original_whole": 0.07721776613279784,
      "recovery_gap": -0.9185721696795562,
      "classes": 263,
      "steps": 4000,
      "batch_size": 128
    },
    {
      "kind": "p",
      "attribute": "company",
      "source_position": 1,
      "source_position_label": "birth city",
      "first_accuracy": 1.0,
      "original_whole_accuracy": 0.005087992176413536,
      "whole_accuracy": 0.09776926453569576,
      "delta_vs_original_whole": 0.09268127235928222,
      "recovery_gap": -0.9022307354643042,
      "classes": 263,
      "steps": 4000,
      "batch_size": 128
    },
    {
      "kind": "p",
      "attribute": "company",
      "source_position": 2,
      "source_position_label": "university",
      "first_accuracy": 1.0,
      "original_whole_accuracy": 0.004908415954560041,
      "whole_accuracy": 0.10718703858893013,
      "delta_vs_original_whole": 0.10227862263437008,
      "recovery_gap": -0.8928129614110699,
      "classes": 263,
      "steps": 4000,
      "batch_size": 128
    },
    {
      "kind": "p",
      "attribute": "company",
      "source_position": 3,
      "source_position_label": "major",
      "first_accuracy": 1.0,
      "original_whole_accuracy": 0.006145496852695942,
      "whole_accuracy": 0.1493475398060577,
      "delta_vs_original_whole": 0.14320204295336175,
      "recovery_gap": -0.8506524601939423,
      "classes": 263,
      "steps": 4000,
      "batch_size": 128
    },
    {
      "kind": "p",
      "attribute": "company",
      "source_position": 4,
      "source_position_label": "company",
      "first_accuracy": 1.0,
      "original_whole_accuracy": 0.1354004591703415,
      "whole_accuracy": 0.9029689931761044,
      "delta_vs_original_whole": 0.7675685340057629,
      "recovery_gap": -0.09703100682389565,
      "classes": 263,
      "steps": 4000,
      "batch_size": 128
    },
    {
      "kind": "p",
      "attribute": "company",
      "source_position": 5,
      "source_position_label": "company city",
      "first_accuracy": 1.0,
      "original_whole_accuracy": 0.999800443649292,
      "whole_accuracy": 0.9902430264575601,
      "delta_vs_original_whole": -0.009557417191731865,
      "recovery_gap": -0.009756973542439873,
      "classes": 263,
      "steps": 4000,
      "batch_size": 128
    },
    {
      "kind": "p",
      "attribute": "company_city",
      "source_position": 0,
      "source_position_label": "birth date",
      "first_accuracy": 1.0,
      "original_whole_accuracy": 0.1309908628463745,
      "whole_accuracy": 0.23237160301688017,
      "delta_vs_original_whole": 0.10138074017050566,
      "recovery_gap": -0.7676283969831198,
      "classes": 200,
      "steps": 4000,
      "batch_size": 128
    },
    {
      "kind": "p",
      "attribute": "company_city",
      "source_position": 1,
      "source_position_label": "birth city",
      "first_accuracy": 1.0,
      "original_whole_accuracy": 0.13420328497886658,
      "whole_accuracy": 0.23690091384332973,
      "delta_vs_original_whole": 0.10269762886446315,
      "recovery_gap": -0.7630990861566702,
      "classes": 200,
      "steps": 4000,
      "batch_size": 128
    },
    {
      "kind": "p",
      "attribute": "company_city",
      "source_position": 2,
      "source_position_label": "university",
      "first_accuracy": 1.0,
      "original_whole_accuracy": 0.13404366374015808,
      "whole_accuracy": 0.23316971946206952,
      "delta_vs_original_whole": 0.09912605572191144,
      "recovery_gap": -0.7668302805379305,
      "classes": 200,
      "steps": 4000,
      "batch_size": 128
    },
    {
      "kind": "p",
      "attribute": "company_city",
      "source_position": 3,
      "source_position_label": "major",
      "first_accuracy": 1.0,
      "original_whole_accuracy": 0.1323077529668808,
      "whole_accuracy": 0.23538449259746996,
      "delta_vs_original_whole": 0.10307673963058916,
      "recovery_gap": -0.76461550740253,
      "classes": 200,
      "steps": 4000,
      "batch_size": 128
    },
    {
      "kind": "p",
      "attribute": "company_city",
      "source_position": 4,
      "source_position_label": "company",
      "first_accuracy": 1.0,
      "original_whole_accuracy": 0.14180533587932587,
      "whole_accuracy": 0.2674288678718225,
      "delta_vs_original_whole": 0.12562353199249665,
      "recovery_gap": -0.7325711321281775,
      "classes": 200,
      "steps": 4000,
      "batch_size": 128
    },
    {
      "kind": "p",
      "attribute": "company_city",
      "source_position": 5,
      "source_position_label": "company city",
      "first_accuracy": 1.0,
      "original_whole_accuracy": 1.0,
      "whole_accuracy": 1.0,
      "delta_vs_original_whole": 0.0,
      "recovery_gap": 0.0,
      "classes": 200,
      "steps": 4000,
      "batch_size": 128
    }
  ],
  "figures": [
    "figures/ground_truth_first_p_overview.png",
    "figures/ground_truth_first_p_overview.pdf"
  ]
}
{
  "schema_version": 2,
  "protocol": "ground_truth_first_whole_rank_matched_v1",
  "condition": "multi5+permute",
  "identity": {
    "data": "/data/mini-train-sys/artifacts/synbios_moe/multi5_permute",
    "probe_cache": "/data/mini-train-sys/artifacts/synbios_moe/multi5_permute/probe_cache",
    "probe_dir": "/data/mini-train-sys/artifacts/synbios_moe/results/multi5_permute_fsdp_4gpu/probe_pipeline/formal/training",
    "checkpoint": "/data/mini-train-sys/artifacts/synbios_moe/checkpoints/synbios_moe_multi5_permute_fsdp_4gpu/epoch_000108_step_000017388",
    "probe_cache_manifest_sha256": "acd78360d0daa7cf0d2c557fc9f68f07431bc3063cee1145daa3f14c320a232f"
  },
  "tasks": 5,
  "baseline": {
    "summary": "/data/mini-train-sys/artifacts/synbios_moe/results/multi5_permute_fsdp_4gpu/probe_pipeline/formal/summary/summary.json",
    "sha256": "8a80c15823263a72d6b189af70803e1265230171bc2f19c6e80503e75e03cb0e",
    "protocol": "original_formal_whole_probe"
  },
  "rows": [
    {
      "kind": "p",
      "attribute": "birth_city",
      "source_position": 0,
      "source_position_label": "birth date",
      "first_accuracy": 1.0,
      "original_whole_accuracy": 0.12942256033420563,
      "whole_accuracy": 0.9992178458837144,
      "delta_vs_original_whole": 0.8697952855495088,
      "recovery_gap": -0.0007821541162855716,
      "classes": 200,
      "steps": 4000,
      "batch_size": 128
    },
    {
      "kind": "p",
      "attribute": "birth_city",
      "source_position": 1,
      "source_position_label": "birth city",
      "first_accuracy": 1.0,
      "original_whole_accuracy": 0.13150165975093842,
      "whole_accuracy": 0.9998124426353805,
      "delta_vs_original_whole": 0.8683107828844421,
      "recovery_gap": -0.00018755736461950612,
      "classes": 200,
      "steps": 4000,
      "batch_size": 128
    },
    {
      "kind": "p",
      "attribute": "birth_city",
      "source_position": 2,
      "source_position_label": "university",
      "first_accuracy": 1.0,
      "original_whole_accuracy": 0.13202042877674103,
      "whole_accuracy": 0.9999082166088032,
      "delta_vs_original_whole": 0.8678877878320622,
      "recovery_gap": -9.17833911967536e-05,
      "classes": 200,
      "steps": 4000,
      "batch_size": 128
    },
    {
      "kind": "p",
      "attribute": "birth_city",
      "source_position": 3,
      "source_position_label": "major",
      "first_accuracy": 1.0,
      "original_whole_accuracy": 0.13200047612190247,
      "whole_accuracy": 0.9999441318488368,
      "delta_vs_original_whole": 0.8679436557269343,
      "recovery_gap": -5.5868151163207536e-05,
      "classes": 200,
      "steps": 4000,
      "batch_size": 128
    },
    {
      "kind": "p",
      "attribute": "birth_city",
      "source_position": 4,
      "source_position_label": "company",
      "first_accuracy": 1.0,
      "original_whole_accuracy": 0.13323356211185455,
      "whole_accuracy": 0.9999441318488368,
      "delta_vs_original_whole": 0.8667105697369822,
      "recovery_gap": -5.5868151163207536e-05,
      "classes": 200,
      "steps": 4000,
      "batch_size": 128
    },
    {
      "kind": "p",
      "attribute": "birth_city",
      "source_position": 5,
      "source_position_label": "company city",
      "first_accuracy": 1.0,
      "original_whole_accuracy": 0.13350892066955566,
      "whole_accuracy": 0.9999042260265772,
      "delta_vs_original_whole": 0.8663953053570216,
      "recovery_gap": -9.577397342275251e-05,
      "classes": 200,
      "steps": 4000,
      "batch_size": 128
    },
    {
      "kind": "p",
      "attribute": "university",
      "source_position": 0,
      "source_position_label": "birth date",
      "first_accuracy": 1.0,
      "original_whole_accuracy": 0.08531864732503891,
      "whole_accuracy": 0.9987110419410192,
      "delta_vs_original_whole": 0.9133923946159803,
      "recovery_gap": -0.0012889580589807714,
      "classes": 300,
      "steps": 4000,
      "batch_size": 128
    },
    {
      "kind": "p",
      "attribute": "university",
      "source_position": 1,
      "source_position_label": "birth city",
      "first_accuracy": 1.0,
      "original_whole_accuracy": 0.08649586886167526,
      "whole_accuracy": 0.9997645556486692,
      "delta_vs_original_whole": 0.9132686867869939,
      "recovery_gap": -0.00023544435133082686,
      "classes": 300,
      "steps": 4000,
      "batch_size": 128
    },
    {
      "kind": "p",
      "attribute": "university",
      "source_position": 2,
      "source_position_label": "university",
      "first_accuracy": 1.0,
      "original_whole_accuracy": 0.08673929423093796,
      "whole_accuracy": 0.9998403767109622,
      "delta_vs_original_whole": 0.9131010824800242,
      "recovery_gap": -0.00015962328903784684,
      "classes": 300,
      "steps": 4000,
      "batch_size": 128
    },
    {
      "kind": "p",
      "attribute": "university",
      "source_position": 3,
      "source_position_label": "major",
      "first_accuracy": 1.0,
      "original_whole_accuracy": 0.08710642904043198,
      "whole_accuracy": 0.9999042260265772,
      "delta_vs_original_whole": 0.9127977969861453,
      "recovery_gap": -9.577397342275251e-05,
      "classes": 300,
      "steps": 4000,
      "batch_size": 128
    },
    {
      "kind": "p",
      "attribute": "university",
      "source_position": 4,
      "source_position_label": "company",
      "first_accuracy": 1.0,
      "original_whole_accuracy": 0.0869029089808464,
      "whole_accuracy": 0.999920188355481,
      "delta_vs_original_whole": 0.9130172793746346,
      "recovery_gap": -7.981164451897893e-05,
      "classes": 300,
      "steps": 4000,
      "batch_size": 128
    },
    {
      "kind": "p",
      "attribute": "university",
      "source_position": 5,
      "source_position_label": "company city",
      "first_accuracy": 1.0,
      "original_whole_accuracy": 0.08703060448169708,
      "whole_accuracy": 0.9999002354443514,
      "delta_vs_original_whole": 0.9128696309626543,
      "recovery_gap": -9.97645556486404e-05,
      "classes": 300,
      "steps": 4000,
      "batch_size": 128
    },
    {
      "kind": "p",
      "attribute": "major",
      "source_position": 0,
      "source_position_label": "birth date",
      "first_accuracy": 1.0,
      "original_whole_accuracy": 0.4779680073261261,
      "whole_accuracy": 0.833433097888982,
      "delta_vs_original_whole": 0.3554650905628559,
      "recovery_gap": -0.166566902111018,
      "classes": 100,
      "steps": 4000,
      "batch_size": 128
    },
    {
      "kind": "p",
      "attribute": "major",
      "source_position": 1,
      "source_position_label": "birth city",
      "first_accuracy": 1.0,
      "original_whole_accuracy": 0.4927690625190735,
      "whole_accuracy": 0.839279300849994,
      "delta_vs_original_whole": 0.34651023833092054,
      "recovery_gap": -0.16072069915000597,
      "classes": 100,
      "steps": 4000,
      "batch_size": 128
    },
    {
      "kind": "p",
      "attribute": "major",
      "source_position": 2,
      "source_position_label": "university",
      "first_accuracy": 1.0,
      "original_whole_accuracy": 0.49562233686447144,
      "whole_accuracy": 0.8412745919629674,
      "delta_vs_original_whole": 0.34565225509849595,
      "recovery_gap": -0.1587254080370326,
      "classes": 100,
      "steps": 4000,
      "batch_size": 128
    },
    {
      "kind": "p",
      "attribute": "major",
      "source_position": 3,
      "source_position_label": "major",
      "first_accuracy": 1.0,
      "original_whole_accuracy": 0.49894648790359497,
      "whole_accuracy": 0.8438644798276068,
      "delta_vs_original_whole": 0.34491799192401185,
      "recovery_gap": -0.15613552017239318,
      "classes": 100,
      "steps": 4000,
      "batch_size": 128
    },
    {
      "kind": "p",
      "attribute": "major",
      "source_position": 4,
      "source_position_label": "company",
      "first_accuracy": 1.0,
      "original_whole_accuracy": 0.5011652708053589,
      "whole_accuracy": 0.8447743325751227,
      "delta_vs_original_whole": 0.3436090617697638,
      "recovery_gap": -0.1552256674248773,
      "classes": 100,
      "steps": 4000,
      "batch_size": 128
    },
    {
      "kind": "p",
      "attribute": "major",
      "source_position": 5,
      "source_position_label": "company city",
      "first_accuracy": 1.0,
      "original_whole_accuracy": 0.5011732578277588,
      "whole_accuracy": 0.8452252683666547,
      "delta_vs_original_whole": 0.3440520105388959,
      "recovery_gap": -0.15477473163334532,
      "classes": 100,
      "steps": 4000,
      "batch_size": 128
    },
    {
      "kind": "p",
      "attribute": "company",
      "source_position": 0,
      "source_position_label": "birth date",
      "first_accuracy": 1.0,
      "original_whole_accuracy": 0.45133087038993835,
      "whole_accuracy": 0.9755457121193982,
      "delta_vs_original_whole": 0.5242148417294599,
      "recovery_gap": -0.024454287880601777,
      "classes": 263,
      "steps": 4000,
      "batch_size": 128
    },
    {
      "kind": "p",
      "attribute": "company",
      "source_position": 1,
      "source_position_label": "birth city",
      "first_accuracy": 1.0,
      "original_whole_accuracy": 0.6178538799285889,
      "whole_accuracy": 0.9858972824135042,
      "delta_vs_original_whole": 0.3680434024849153,
      "recovery_gap": -0.014102717586495839,
      "classes": 263,
      "steps": 4000,
      "batch_size": 128
    },
    {
      "kind": "p",
      "attribute": "company",
      "source_position": 2,
      "source_position_label": "university",
      "first_accuracy": 1.0,
      "original_whole_accuracy": 0.7442435622215271,
      "whole_accuracy": 0.9905941976934435,
      "delta_vs_original_whole": 0.24635063547191638,
      "recovery_gap": -0.009405802306556521,
      "classes": 263,
      "steps": 4000,
      "batch_size": 128
    },
    {
      "kind": "p",
      "attribute": "company",
      "source_position": 3,
      "source_position_label": "major",
      "first_accuracy": 1.0,
      "original_whole_accuracy": 0.8429067134857178,
      "whole_accuracy": 0.9941298535456323,
      "delta_vs_original_whole": 0.15122314005991455,
      "recovery_gap": -0.005870146454367675,
      "classes": 263,
      "steps": 4000,
      "batch_size": 128
    },
    {
      "kind": "p",
      "attribute": "company",
      "source_position": 4,
      "source_position_label": "company",
      "first_accuracy": 1.0,
      "original_whole_accuracy": 0.9125064611434937,
      "whole_accuracy": 0.996404485414422,
      "delta_vs_original_whole": 0.0838980242709283,
      "recovery_gap": -0.0035955145855780524,
      "classes": 263,
      "steps": 4000,
      "batch_size": 128
    },
    {
      "kind": "p",
      "attribute": "company",
      "source_position": 5,
      "source_position_label": "company city",
      "first_accuracy": 1.0,
      "original_whole_accuracy": 0.9508679509162903,
      "whole_accuracy": 0.9977373398778882,
      "delta_vs_original_whole": 0.04686938896159787,
      "recovery_gap": -0.002262660122111848,
      "classes": 263,
      "steps": 4000,
      "batch_size": 128
    },
    {
      "kind": "p",
      "attribute": "company_city",
      "source_position": 0,
      "source_position_label": "birth date",
      "first_accuracy": 1.0,
      "original_whole_accuracy": 0.4855620861053467,
      "whole_accuracy": 0.9742407917315137,
      "delta_vs_original_whole": 0.488678705626167,
      "recovery_gap": -0.025759208268486322,
      "classes": 200,
      "steps": 4000,
      "batch_size": 128
    },
    {
      "kind": "p",
      "attribute": "company_city",
      "source_position": 1,
      "source_position_label": "birth city",
      "first_accuracy": 1.0,
      "original_whole_accuracy": 0.6543996334075928,
      "whole_accuracy": 0.9821740691966958,
      "delta_vs_original_whole": 0.32777443578910304,
      "recovery_gap": -0.01782593080330419,
      "classes": 200,
      "steps": 4000,
      "batch_size": 128
    },
    {
      "kind": "p",
      "attribute": "company_city",
      "source_position": 2,
      "source_position_label": "university",
      "first_accuracy": 1.0,
      "original_whole_accuracy": 0.7910850644111633,
      "whole_accuracy": 0.9881040743844527,
      "delta_vs_original_whole": 0.19701900997328936,
      "recovery_gap": -0.01189592561554731,
      "classes": 200,
      "steps": 4000,
      "batch_size": 128
    },
    {
      "kind": "p",
      "attribute": "company_city",
      "source_position": 3,
      "source_position_label": "major",
      "first_accuracy": 1.0,
      "original_whole_accuracy": 0.893994152545929,
      "whole_accuracy": 0.992729159184325,
      "delta_vs_original_whole": 0.09873500663839607,
      "recovery_gap": -0.007270840815674973,
      "classes": 200,
      "steps": 4000,
      "batch_size": 128
    },
    {
      "kind": "p",
      "attribute": "company_city",
      "source_position": 4,
      "source_position_label": "company",
      "first_accuracy": 1.0,
      "original_whole_accuracy": 0.962927520275116,
      "whole_accuracy": 0.9951753860888304,
      "delta_vs_original_whole": 0.032247865813714416,
      "recovery_gap": -0.004824613911169617,
      "classes": 200,
      "steps": 4000,
      "batch_size": 128
    },
    {
      "kind": "p",
      "attribute": "company_city",
      "source_position": 5,
      "source_position_label": "company city",
      "first_accuracy": 1.0,
      "original_whole_accuracy": 0.9986192584037781,
      "whole_accuracy": 0.9955505008180694,
      "delta_vs_original_whole": -0.0030687575857086813,
      "recovery_gap": -0.004449499181930605,
      "classes": 200,
      "steps": 4000,
      "batch_size": 128
    }
  ],
  "figures": [
    "figures/ground_truth_first_p_overview.png",
    "figures/ground_truth_first_p_overview.pdf"
  ]
}
Exported Git-trackable test results to /home/ubuntu/mini-train-sys/results
All checks passed!
......                                                                   [100%]
6 passed in 1.55s
