ninja: no work to do.
ninja: no work to do.
ninja: no work to do.
ninja: no work to do.
{"schema_version": 1, "case_identity": "926eda1e6e8a1d5b29a6e42b2f5a75df6026dd4e3fcdf61cead167aec65b2175", "timestamp_utc": "2026-07-26T02:54:14.371630+00:00", "strategy": "fsdp", "world_size": 4, "local_batch_size": 24, "global_batch_size": 96, "seq_len": 512, "global_tokens_per_step": 49152, "warmup_steps": 10, "measure_steps": 30, "repeat": 2, "parameter_count": 293494272, "precision": "bf16", "workers_per_rank": 4, "workers_per_node": 16, "prefetch_factor": 2, "step_time_ms_mean": 226.04597093336452, "step_time_ms_p50": 228.71987450002962, "step_time_ms_p95": 231.7547193500559, "throughput_tokens_per_sec": 217528.54402014785, "data_wait_ms_mean": 1.5635561666840658, "data_wait_ms_p95": 2.268593000098917, "data_stall_percent": 0.6916983126166767, "peak_memory_allocated_mb": 5357.7529296875, "peak_memory_reserved_mb": 6690.0, "system_peak_memory_allocated_mb": 21428.775390625, "system_peak_memory_reserved_mb": 26464.0, "gpu_memory_total_mb": 24217.3125, "system_gpu_memory_total_mb": 96869.25, "memory_utilization_percent": 22.123647822967555, "system_memory_utilization_percent": 22.12133921819876, "last_loss": 3.98303484916687, "ops_backend": "cuda", "backend_dispatch": {"attention": {"native_cuda": 480, "fallback": 0}, "native_cuda_operators": ["attention"], "fallback_chain": "CUDA -> Triton -> PyTorch"}, "torch_version": "2.5.1+cu118", "cuda_version": "11.8", "gpu_name": "NVIDIA GeForce RTX 4090"}

--- STDERR ---
WARNING:__main__:
*****************************************
Setting OMP_NUM_THREADS environment variable for each process to be 1 in default, to avoid your system being overloaded, please further tune the variable for optimal performance in your application as needed. 
*****************************************
Detected CUDA files, patching ldflags
Emitting ninja build file /data/mini-train-sys/cache/cuda_ext/cpython-310_5217543196fa/minitrain_cuda_flash_8d01e50dc6dc/build.ninja...
Building extension module minitrain_cuda_flash_8d01e50dc6dc...
Using envvar MAX_JOBS (2) as the number of workers...
Loading extension module minitrain_cuda_flash_8d01e50dc6dc...
Detected CUDA files, patching ldflags
Emitting ninja build file /data/mini-train-sys/cache/cuda_ext/cpython-310_5217543196fa/minitrain_cuda_flash_8d01e50dc6dc/build.ninja...
Building extension module minitrain_cuda_flash_8d01e50dc6dc...
Using envvar MAX_JOBS (2) as the number of workers...
Loading extension module minitrain_cuda_flash_8d01e50dc6dc...
Detected CUDA files, patching ldflags
Emitting ninja build file /data/mini-train-sys/cache/cuda_ext/cpython-310_5217543196fa/minitrain_cuda_flash_8d01e50dc6dc/build.ninja...
Building extension module minitrain_cuda_flash_8d01e50dc6dc...
Using envvar MAX_JOBS (2) as the number of workers...
Loading extension module minitrain_cuda_flash_8d01e50dc6dc...
Detected CUDA files, patching ldflags
Emitting ninja build file /data/mini-train-sys/cache/cuda_ext/cpython-310_5217543196fa/minitrain_cuda_flash_8d01e50dc6dc/build.ninja...
Building extension module minitrain_cuda_flash_8d01e50dc6dc...
Using envvar MAX_JOBS (2) as the number of workers...
Loading extension module minitrain_cuda_flash_8d01e50dc6dc...
[E726 10:54:14.370119560 ProcessGroupNCCL.cpp:542] [Rank 2] Collective WorkNCCL(SeqNum=1578, OpType=ALLREDUCE, NumelIn=2, NumelOut=2, Timeout(ms)=1800000) raised the following async exception: NCCL error: unhandled system error (run with NCCL_DEBUG=INFO for details), NCCL version 2.21.5
ncclSystemError: System call (e.g. socket, malloc) or external library call failed or device error. 
Last error:

Exception raised from checkForNCCLErrorsInternal at ../torch/csrc/distributed/c10d/ProcessGroupNCCL.cpp:2027 (most recent call first):
frame #0: c10::Error::Error(c10::SourceLocation, std::string) + 0x96 (0x7f776a56c446 in /home/ubuntu/mini-train-sys/.venv/lib/python3.10/site-packages/torch/lib/libc10.so)
frame #1: c10d::ProcessGroupNCCL::checkForNCCLErrorsInternal(std::shared_ptr<c10d::NCCLComm>&) + 0x220 (0x7f771c17de80 in /home/ubuntu/mini-train-sys/.venv/lib/python3.10/site-packages/torch/lib/libtorch_cuda.so)
frame #2: c10d::ProcessGroupNCCL::WorkNCCL::checkAndSetException() + 0x7c (0x7f771c17e0cc in /home/ubuntu/mini-train-sys/.venv/lib/python3.10/site-packages/torch/lib/libtorch_cuda.so)
frame #3: c10d::ProcessGroupNCCL::WorkNCCL::isStarted() + 0x90 (0x7f771c17e3a0 in /home/ubuntu/mini-train-sys/.venv/lib/python3.10/site-packages/torch/lib/libtorch_cuda.so)
frame #4: c10d::ProcessGroupNCCL::watchdogHandler() + 0x9f8 (0x7f771c186278 in /home/ubuntu/mini-train-sys/.venv/lib/python3.10/site-packages/torch/lib/libtorch_cuda.so)
frame #5: c10d::ProcessGroupNCCL::ncclCommWatchdog() + 0x14d (0x7f771c18751d in /home/ubuntu/mini-train-sys/.venv/lib/python3.10/site-packages/torch/lib/libtorch_cuda.so)
frame #6: <unknown function> + 0x145c0 (0x7f776a9ce5c0 in /home/ubuntu/mini-train-sys/.venv/lib/python3.10/site-packages/torch/lib/libtorch.so)
frame #7: <unknown function> + 0x94ac3 (0x7f776baccac3 in /lib/x86_64-linux-gnu/libc.so.6)
frame #8: <unknown function> + 0x126850 (0x7f776bb5e850 in /lib/x86_64-linux-gnu/libc.so.6)

