ninja: no work to do.
ninja: no work to do.
ninja: no work to do.
ninja: no work to do.
{"schema_version": 1, "case_identity": "5e21b36a8bddba3ac04e74e7ef39d6ce7be71d8b69717a08c035c07729ac4674", "timestamp_utc": "2026-07-26T02:53:48.142924+00:00", "strategy": "fsdp", "world_size": 4, "local_batch_size": 24, "global_batch_size": 96, "seq_len": 512, "global_tokens_per_step": 49152, "warmup_steps": 10, "measure_steps": 30, "repeat": 1, "parameter_count": 293494272, "precision": "bf16", "workers_per_rank": 4, "workers_per_node": 16, "prefetch_factor": 2, "step_time_ms_mean": 230.78005983336425, "step_time_ms_p50": 229.7140779999154, "step_time_ms_p95": 244.00750770004151, "throughput_tokens_per_sec": 213149.2949066064, "data_wait_ms_mean": 1.9182201333327005, "data_wait_ms_p95": 3.2354126500763405, "data_stall_percent": 0.8311897200814315, "peak_memory_allocated_mb": 5357.7529296875, "peak_memory_reserved_mb": 6680.0, "system_peak_memory_allocated_mb": 21429.775390625, "system_peak_memory_reserved_mb": 26438.0, "gpu_memory_total_mb": 24217.3125, "system_gpu_memory_total_mb": 96869.25, "memory_utilization_percent": 22.123647822967555, "system_memory_utilization_percent": 22.12237153753642, "last_loss": 3.9135987758636475, "ops_backend": "cuda", "backend_dispatch": {"attention": {"native_cuda": 480, "fallback": 0}, "native_cuda_operators": ["attention"], "fallback_chain": "CUDA -> Triton -> PyTorch"}, "torch_version": "2.5.1+cu118", "cuda_version": "11.8", "gpu_name": "NVIDIA GeForce RTX 4090"}

--- STDERR ---
WARNING:__main__:
*****************************************
Setting OMP_NUM_THREADS environment variable for each process to be 1 in default, to avoid your system being overloaded, please further tune the variable for optimal performance in your application as needed. 
*****************************************
Detected CUDA files, patching ldflags
Emitting ninja build file /data/mini-train-sys/cache/cuda_ext/cpython-310_5217543196fa/minitrain_cuda_flash_8d01e50dc6dc/build.ninja...
Building extension module minitrain_cuda_flash_8d01e50dc6dc...
Using envvar MAX_JOBS (2) as the number of workers...
Loading extension module minitrain_cuda_flash_8d01e50dc6dc...
Detected CUDA files, patching ldflags
Emitting ninja build file /data/mini-train-sys/cache/cuda_ext/cpython-310_5217543196fa/minitrain_cuda_flash_8d01e50dc6dc/build.ninja...
Building extension module minitrain_cuda_flash_8d01e50dc6dc...
Using envvar MAX_JOBS (2) as the number of workers...
Loading extension module minitrain_cuda_flash_8d01e50dc6dc...
Detected CUDA files, patching ldflags
Emitting ninja build file /data/mini-train-sys/cache/cuda_ext/cpython-310_5217543196fa/minitrain_cuda_flash_8d01e50dc6dc/build.ninja...
Building extension module minitrain_cuda_flash_8d01e50dc6dc...
Using envvar MAX_JOBS (2) as the number of workers...
Loading extension module minitrain_cuda_flash_8d01e50dc6dc...
Detected CUDA files, patching ldflags
Emitting ninja build file /data/mini-train-sys/cache/cuda_ext/cpython-310_5217543196fa/minitrain_cuda_flash_8d01e50dc6dc/build.ninja...
Building extension module minitrain_cuda_flash_8d01e50dc6dc...
Using envvar MAX_JOBS (2) as the number of workers...
Loading extension module minitrain_cuda_flash_8d01e50dc6dc...
[E726 10:53:48.127663702 ProcessGroupNCCL.cpp:542] [Rank 2] Collective WorkNCCL(SeqNum=1577, OpType=ALLREDUCE, NumelIn=2, NumelOut=2, Timeout(ms)=1800000) raised the following async exception: NCCL error: unhandled system error (run with NCCL_DEBUG=INFO for details), NCCL version 2.21.5
ncclSystemError: System call (e.g. socket, malloc) or external library call failed or device error. 
Last error:

Exception raised from checkForNCCLErrorsInternal at ../torch/csrc/distributed/c10d/ProcessGroupNCCL.cpp:2027 (most recent call first):
frame #0: c10::Error::Error(c10::SourceLocation, std::string) + 0x96 (0x7fefbe16c446 in /home/ubuntu/mini-train-sys/.venv/lib/python3.10/site-packages/torch/lib/libc10.so)
frame #1: c10d::ProcessGroupNCCL::checkForNCCLErrorsInternal(std::shared_ptr<c10d::NCCLComm>&) + 0x220 (0x7fef6fd7de80 in /home/ubuntu/mini-train-sys/.venv/lib/python3.10/site-packages/torch/lib/libtorch_cuda.so)
frame #2: c10d::ProcessGroupNCCL::WorkNCCL::checkAndSetException() + 0x7c (0x7fef6fd7e0cc in /home/ubuntu/mini-train-sys/.venv/lib/python3.10/site-packages/torch/lib/libtorch_cuda.so)
frame #3: c10d::ProcessGroupNCCL::WorkNCCL::isCompleted() + 0x90 (0x7fef6fd7e2e0 in /home/ubuntu/mini-train-sys/.venv/lib/python3.10/site-packages/torch/lib/libtorch_cuda.so)
frame #4: c10d::ProcessGroupNCCL::watchdogHandler() + 0x1da (0x7fef6fd85a5a in /home/ubuntu/mini-train-sys/.venv/lib/python3.10/site-packages/torch/lib/libtorch_cuda.so)
frame #5: c10d::ProcessGroupNCCL::ncclCommWatchdog() + 0x14d (0x7fef6fd8751d in /home/ubuntu/mini-train-sys/.venv/lib/python3.10/site-packages/torch/lib/libtorch_cuda.so)
frame #6: <unknown function> + 0x145c0 (0x7fefbe63f5c0 in /home/ubuntu/mini-train-sys/.venv/lib/python3.10/site-packages/torch/lib/libtorch.so)
frame #7: <unknown function> + 0x94ac3 (0x7fefbf73dac3 in /lib/x86_64-linux-gnu/libc.so.6)
frame #8: <unknown function> + 0x126850 (0x7fefbf7cf850 in /lib/x86_64-linux-gnu/libc.so.6)

