{
  "schema_version": 1,
  "captured_at": "2026-07-25T08:48:41.699690+00:00",
  "output_dir": "/data/mini-train-sys/artifacts/operator_benchmark/rtx4090_24gb/moe_r2_relative_gate",
  "inventory": {
    "python": "/home/ubuntu/mini-train-sys/.venv/bin/python",
    "torch": "2.5.1+cu118",
    "torch_cuda": "11.8",
    "gpu": "NVIDIA GeForce RTX 4090",
    "compute_capability": "8.9",
    "memory_gib": 23.64971923828125,
    "profiles": {
      "project_formal": {
        "name": "project_formal",
        "num_experts": 8,
        "hidden": 768,
        "intermediate": 1024,
        "top_k": 2,
        "token_sizes": [
          512,
          2048,
          8192,
          32768,
          57344
        ]
      },
      "mixtral_7b": {
        "name": "mixtral_7b",
        "num_experts": 8,
        "hidden": 4096,
        "intermediate": 14336,
        "top_k": 2,
        "token_sizes": [
          16,
          64,
          256
        ]
      }
    },
    "router_sizes": [
      1024,
      4096,
      16384,
      65536,
      262144
    ]
  },
  "settings": {
    "warmup_ms": 50,
    "rep_ms": 200,
    "case_timeout_seconds": 1200,
    "isolation": "one CUDA process per shape"
  },
  "rows": [
    {
      "kernel": "router_postprocess",
      "provider": "torch",
      "size": 1024,
      "size_label": "tokens; E=8, K=2",
      "status": "ok",
      "fwd_correct": true,
      "fwd_max_abs": 0.0,
      "fwd_max_rel": 0.0,
      "fwd_relative_l2": 0.0,
      "fwd_cosine_similarity": 1.0,
      "bwd_correct": true,
      "bwd_max_abs": 0.0,
      "bwd_max_rel": 0.0,
      "bwd_relative_l2": 0.0,
      "bwd_cosine_similarity": 1.0,
      "fwd_p50_ms": 0.06351999938488007,
      "fwd_p95_ms": 0.08261118829250336,
      "fwd_peak_mem_mb": 0.1298828125,
      "timer": "cuda_events_backward_only",
      "full_p50_ms": 1.5615999698638916,
      "full_p95_ms": 1.926144003868103,
      "full_peak_mem_mb": 0.1806640625,
      "bwd_p50_ms": 1.0548319816589355,
      "bwd_p95_ms": 1.1742207884788514,
      "bwd_peak_mem_mb": 0.06689453125,
      "fwd_speedup": 1.0,
      "bwd_speedup": 1.0,
      "full_speedup": 1.0,
      "profile": "default"
    },
    {
      "kernel": "router_postprocess",
      "provider": "triton",
      "size": 1024,
      "size_label": "tokens; E=8, K=2",
      "status": "ok",
      "fwd_correct": true,
      "fwd_max_abs": 4.76837158203125e-07,
      "fwd_max_rel": 5.283383757159754e-07,
      "fwd_relative_l2": 8.898505345893158e-08,
      "fwd_cosine_similarity": 0.9999999999999961,
      "bwd_correct": true,
      "bwd_max_abs": 3.5762786865234375e-07,
      "bwd_max_rel": 0.002722162753343582,
      "bwd_relative_l2": 1.5036963693418035e-07,
      "bwd_cosine_similarity": 0.9999999999999889,
      "fwd_p50_ms": 0.011008000001311302,
      "fwd_p95_ms": 0.011264000087976456,
      "fwd_peak_mem_mb": 0.01708984375,
      "timer": "cuda_events_backward_only",
      "full_p50_ms": 0.7797600030899048,
      "full_p95_ms": 0.8660991787910461,
      "full_peak_mem_mb": 0.0654296875,
      "bwd_p50_ms": 0.6261759996414185,
      "bwd_p95_ms": 0.7588351964950562,
      "bwd_peak_mem_mb": 0.04833984375,
      "fwd_speedup": 5.770348780642569,
      "bwd_speedup": 1.684561500701062,
      "full_speedup": 2.0026674408482608,
      "profile": "default"
    },
    {
      "kernel": "router_postprocess",
      "provider": "torch",
      "size": 4096,
      "size_label": "tokens; E=8, K=2",
      "status": "ok",
      "fwd_correct": true,
      "fwd_max_abs": 0.0,
      "fwd_max_rel": 0.0,
      "fwd_relative_l2": 0.0,
      "fwd_cosine_similarity": 1.0,
      "bwd_correct": true,
      "bwd_max_abs": 0.0,
      "bwd_max_rel": 0.0,
      "bwd_relative_l2": 0.0,
      "bwd_cosine_similarity": 1.0,
      "fwd_p50_ms": 0.07065600156784058,
      "fwd_p95_ms": 0.07168000191450119,
      "fwd_peak_mem_mb": 0.5166015625,
      "timer": "cuda_events_backward_only",
      "full_p50_ms": 1.5790079832077026,
      "full_p95_ms": 1.900704026222229,
      "full_peak_mem_mb": 0.7197265625,
      "bwd_p50_ms": 1.0423840284347534,
      "bwd_p95_ms": 1.1798528373241424,
      "bwd_peak_mem_mb": 0.26611328125,
      "fwd_speedup": 1.0,
      "bwd_speedup": 1.0,
      "full_speedup": 1.0,
      "profile": "default"
    },
    {
      "kernel": "router_postprocess",
      "provider": "triton",
      "size": 4096,
      "size_label": "tokens; E=8, K=2",
      "status": "ok",
      "fwd_correct": true,
      "fwd_max_abs": 1.9073486328125e-06,
      "fwd_max_rel": 5.283383757159754e-07,
      "fwd_relative_l2": 9.718265465697472e-08,
      "fwd_cosine_similarity": 0.9999999999999951,
      "bwd_correct": true,
      "bwd_max_abs": 3.8743019104003906e-07,
      "bwd_max_rel": 0.49094465374946594,
      "bwd_relative_l2": 1.498194947117479e-07,
      "bwd_cosine_similarity": 0.9999999999999888,
      "fwd_p50_ms": 0.01228800043463707,
      "fwd_p95_ms": 0.013088000006973743,
      "fwd_peak_mem_mb": 0.06396484375,
      "timer": "cuda_events_backward_only",
      "full_p50_ms": 0.7536640167236328,
      "full_p95_ms": 0.8053119778633118,
      "full_peak_mem_mb": 0.2529296875,
      "bwd_p50_ms": 0.6225279867649078,
      "bwd_p95_ms": 0.7580159902572632,
      "bwd_peak_mem_mb": 0.18896484375,
      "fwd_speedup": 5.749999924208778,
      "bwd_speedup": 1.674437215026608,
      "full_speedup": 2.0951086268813097,
      "profile": "default"
    },
    {
      "kernel": "router_postprocess",
      "provider": "torch",
      "size": 16384,
      "size_label": "tokens; E=8, K=2",
      "status": "ok",
      "fwd_correct": true,
      "fwd_max_abs": 0.0,
      "fwd_max_rel": 0.0,
      "fwd_relative_l2": 0.0,
      "fwd_cosine_similarity": 1.0,
      "bwd_correct": true,
      "bwd_max_abs": 0.0,
      "bwd_max_rel": 0.0,
      "bwd_relative_l2": 0.0,
      "bwd_cosine_similarity": 1.0,
      "fwd_p50_ms": 0.09830400347709656,
      "fwd_p95_ms": 0.09932799637317657,
      "fwd_peak_mem_mb": 2.0634765625,
      "timer": "cuda_events_backward_only",
      "full_p50_ms": 1.5494720935821533,
      "full_p95_ms": 1.917081594467163,
      "full_peak_mem_mb": 2.8759765625,
      "bwd_p50_ms": 1.0624319911003113,
      "bwd_p95_ms": 1.1766784191131592,
      "bwd_peak_mem_mb": 1.06298828125,
      "fwd_speedup": 1.0,
      "bwd_speedup": 1.0,
      "full_speedup": 1.0,
      "profile": "default"
    },
    {
      "kernel": "router_postprocess",
      "provider": "triton",
      "size": 16384,
      "size_label": "tokens; E=8, K=2",
      "status": "ok",
      "fwd_correct": true,
      "fwd_max_abs": 1.430511474609375e-06,
      "fwd_max_rel": 1.0720817726905807e-06,
      "fwd_relative_l2": 9.18097750052156e-08,
      "fwd_cosine_similarity": 0.9999999999999956,
      "bwd_correct": true,
      "bwd_max_abs": 4.172325134277344e-07,
      "bwd_max_rel": 0.7559888362884521,
      "bwd_relative_l2": 1.4787905704836068e-07,
      "bwd_cosine_similarity": 0.9999999999999891,
      "fwd_p50_ms": 0.018432000651955605,
      "fwd_p95_ms": 0.01945599913597107,
      "fwd_peak_mem_mb": 0.25146484375,
      "timer": "cuda_events_backward_only",
      "full_p50_ms": 0.7712640166282654,
      "full_p95_ms": 0.8305792212486267,
      "full_peak_mem_mb": 1.0029296875,
      "bwd_p50_ms": 0.631743997335434,
      "bwd_p95_ms": 0.7715231716632843,
      "bwd_peak_mem_mb": 0.75146484375,
      "fwd_speedup": 5.333333333333333,
      "bwd_speedup": 1.6817444971086872,
      "full_speedup": 2.0090034802297403,
      "profile": "default"
    },
    {
      "kernel": "router_postprocess",
      "provider": "torch",
      "size": 65536,
      "size_label": "tokens; E=8, K=2",
      "status": "ok",
      "fwd_correct": true,
      "fwd_max_abs": 0.0,
      "fwd_max_rel": 0.0,
      "fwd_relative_l2": 0.0,
      "fwd_cosine_similarity": 1.0,
      "bwd_correct": true,
      "bwd_max_abs": 0.0,
      "bwd_max_rel": 0.0,
      "bwd_relative_l2": 0.0,
      "bwd_cosine_similarity": 1.0,
      "fwd_p50_ms": 0.24063999950885773,
      "fwd_p95_ms": 0.24166400730609894,
      "fwd_peak_mem_mb": 8.2509765625,
      "timer": "cuda_events_backward_only",
      "full_p50_ms": 1.584671974182129,
      "full_p95_ms": 2.005708694458008,
      "full_peak_mem_mb": 11.5009765625,
      "bwd_p50_ms": 1.0859520435333252,
      "bwd_p95_ms": 1.156767946481705,
      "bwd_peak_mem_mb": 4.25048828125,
      "fwd_speedup": 1.0,
      "bwd_speedup": 1.0,
      "full_speedup": 1.0,
      "profile": "default"
    },
    {
      "kernel": "router_postprocess",
      "provider": "triton",
      "size": 65536,
      "size_label": "tokens; E=8, K=2",
      "status": "ok",
      "fwd_correct": true,
      "fwd_max_abs": 2.86102294921875e-06,
      "fwd_max_rel": 1.8976155615746393e-06,
      "fwd_relative_l2": 9.154604417496796e-08,
      "fwd_cosine_similarity": 0.9999999999999958,
      "bwd_correct": true,
      "bwd_max_abs": 4.76837158203125e-07,
      "bwd_max_rel": 2.322946786880493,
      "bwd_relative_l2": 1.4629898898535019e-07,
      "bwd_cosine_similarity": 0.9999999999999891,
      "fwd_p50_ms": 0.043007999658584595,
      "fwd_p95_ms": 0.04403200000524521,
      "fwd_peak_mem_mb": 1.00146484375,
      "timer": "cuda_events_backward_only",
      "full_p50_ms": 1.06496000289917,
      "full_p95_ms": 1.3289471864700317,
      "full_peak_mem_mb": 4.0029296875,
      "bwd_p50_ms": 0.6092159748077393,
      "bwd_p95_ms": 0.7740048170089722,
      "bwd_peak_mem_mb": 3.00146484375,
      "fwd_speedup": 5.595238128235636,
      "bwd_speedup": 1.7825403279617507,
      "full_speedup": 1.4880107890137966,
      "profile": "default"
    },
    {
      "kernel": "router_postprocess",
      "provider": "torch",
      "size": 262144,
      "size_label": "tokens; E=8, K=2",
      "status": "ok",
      "fwd_correct": true,
      "fwd_max_abs": 0.0,
      "fwd_max_rel": 0.0,
      "fwd_relative_l2": 0.0,
      "fwd_cosine_similarity": 1.0,
      "bwd_correct": true,
      "bwd_max_abs": 0.0,
      "bwd_max_rel": 0.0,
      "bwd_relative_l2": 0.0,
      "bwd_cosine_similarity": 1.0,
      "fwd_p50_ms": 0.6420480012893677,
      "fwd_p95_ms": 0.6470863819122314,
      "fwd_peak_mem_mb": 33.0009765625,
      "timer": "cuda_events_backward_only",
      "full_p50_ms": 1.551919937133789,
      "full_p95_ms": 2.059296131134033,
      "full_peak_mem_mb": 46.0009765625,
      "bwd_p50_ms": 1.0751839876174927,
      "bwd_p95_ms": 1.20005601644516,
      "bwd_peak_mem_mb": 17.00048828125,
      "fwd_speedup": 1.0,
      "bwd_speedup": 1.0,
      "full_speedup": 1.0,
      "profile": "default"
    },
    {
      "kernel": "router_postprocess",
      "provider": "triton",
      "size": 262144,
      "size_label": "tokens; E=8, K=2",
      "status": "ok",
      "fwd_correct": true,
      "fwd_max_abs": 1.9073486328125e-05,
      "fwd_max_rel": 4.039989562443225e-06,
      "fwd_relative_l2": 1.0360192577629484e-07,
      "fwd_cosine_similarity": 0.9999999999999948,
      "bwd_correct": true,
      "bwd_max_abs": 5.888286978006363e-07,
      "bwd_max_rel": 4.694758892059326,
      "bwd_relative_l2": 1.4574428828894972e-07,
      "bwd_cosine_similarity": 0.9999999999999893,
      "fwd_p50_ms": 0.13926400244235992,
      "fwd_p95_ms": 0.14028799533843994,
      "fwd_peak_mem_mb": 4.00146484375,
      "timer": "cuda_events_backward_only",
      "full_p50_ms": 0.7927359938621521,
      "full_p95_ms": 0.9959807991981506,
      "full_peak_mem_mb": 16.0029296875,
      "bwd_p50_ms": 0.623551994562149,
      "bwd_p95_ms": 0.7682112067937851,
      "bwd_peak_mem_mb": 12.00146484375,
      "fwd_speedup": 4.610294046051889,
      "bwd_speedup": 1.7242892284748033,
      "full_speedup": 1.9576756311681371,
      "profile": "default"
    },
    {
      "kernel": "fused_moe",
      "provider": "torch",
      "size": 512,
      "size_label": "tokens; E=8, H=768, I=1024, K=2",
      "status": "ok",
      "fwd_correct": true,
      "fwd_max_abs": 0.0,
      "fwd_max_rel": 0.0,
      "fwd_relative_l2": 0.0,
      "fwd_cosine_similarity": 1.0,
      "bwd_correct": true,
      "bwd_max_abs": 0.0,
      "bwd_max_rel": 0.0,
      "bwd_relative_l2": 0.0,
      "bwd_cosine_similarity": 1.0,
      "fwd_p50_ms": 1.9148800373077393,
      "fwd_p95_ms": 1.9455680847167969,
      "fwd_peak_mem_mb": 2.046875,
      "timer": "cuda_events_backward_only",
      "full_p50_ms": 11.58955192565918,
      "full_p95_ms": 11.996825218200684,
      "full_peak_mem_mb": 74.78759765625,
      "bwd_p50_ms": 10.052096366882324,
      "bwd_p95_ms": 10.139471864700317,
      "bwd_peak_mem_mb": 61.533203125,
      "fwd_speedup": 1.0,
      "bwd_speedup": 1.0,
      "full_speedup": 1.0,
      "profile": "project_formal"
    },
    {
      "kernel": "fused_moe",
      "provider": "triton",
      "size": 512,
      "size_label": "tokens; E=8, H=768, I=1024, K=2",
      "status": "ok",
      "fwd_correct": true,
      "fwd_max_abs": 0.00390625,
      "fwd_max_rel": 115203.859375,
      "fwd_relative_l2": 0.00532164789905497,
      "fwd_cosine_similarity": 0.999985854558063,
      "bwd_correct": true,
      "bwd_max_abs": 0.0625,
      "bwd_max_rel": 195312.5,
      "bwd_relative_l2": 0.004363249133164719,
      "bwd_cosine_similarity": 0.9999904917970357,
      "fwd_p50_ms": 0.21913599967956543,
      "fwd_p95_ms": 0.7773119807243347,
      "fwd_peak_mem_mb": 8.51416015625,
      "timer": "cuda_events_backward_only",
      "full_p50_ms": 1.9440960884094238,
      "full_p95_ms": 2.489312171936035,
      "full_peak_mem_mb": 50.0205078125,
      "bwd_p50_ms": 1.2846240401268005,
      "bwd_p95_ms": 1.438975989818573,
      "bwd_peak_mem_mb": 45.25634765625,
      "fwd_speedup": 8.738317940036318,
      "bwd_speedup": 7.824932472764653,
      "full_speedup": 5.961409003780906,
      "profile": "project_formal"
    },
    {
      "kernel": "fused_moe",
      "provider": "torch",
      "size": 2048,
      "size_label": "tokens; E=8, H=768, I=1024, K=2",
      "status": "ok",
      "fwd_correct": true,
      "fwd_max_abs": 0.0,
      "fwd_max_rel": 0.0,
      "fwd_relative_l2": 0.0,
      "fwd_cosine_similarity": 1.0,
      "bwd_correct": true,
      "bwd_max_abs": 0.0,
      "bwd_max_rel": 0.0,
      "bwd_relative_l2": 0.0,
      "bwd_cosine_similarity": 1.0,
      "fwd_p50_ms": 1.9404000043869019,
      "fwd_p95_ms": 1.976524829864502,
      "fwd_peak_mem_mb": 8.45751953125,
      "timer": "cuda_events_backward_only",
      "full_p50_ms": 14.820863723754883,
      "full_p95_ms": 15.094528198242188,
      "full_peak_mem_mb": 111.8603515625,
      "bwd_p50_ms": 9.852384090423584,
      "bwd_p95_ms": 9.87985954284668,
      "bwd_peak_mem_mb": 58.05859375,
      "fwd_speedup": 1.0,
      "bwd_speedup": 1.0,
      "full_speedup": 1.0,
      "profile": "project_formal"
    },
    {
      "kernel": "fused_moe",
      "provider": "triton",
      "size": 2048,
      "size_label": "tokens; E=8, H=768, I=1024, K=2",
      "status": "ok",
      "fwd_correct": true,
      "fwd_max_abs": 0.00390625,
      "fwd_max_rel": 153350.828125,
      "fwd_relative_l2": 0.005361754133087536,
      "fwd_cosine_similarity": 0.999985651809014,
      "bwd_correct": true,
      "bwd_max_abs": 0.0625,
      "bwd_max_rel": 146484.375,
      "bwd_relative_l2": 0.004251497893508699,
      "bwd_cosine_similarity": 0.9999909753721865,
      "fwd_p50_ms": 0.2887679934501648,
      "fwd_p95_ms": 0.290937602519989,
      "fwd_peak_mem_mb": 34.46337890625,
      "timer": "cuda_events_backward_only",
      "full_p50_ms": 2.4483840465545654,
      "full_p95_ms": 2.542579174041748,
      "full_peak_mem_mb": 92.4873046875,
      "bwd_p50_ms": 1.2702719569206238,
      "bwd_p95_ms": 1.4318592429161072,
      "bwd_peak_mem_mb": 72.89892578125,
      "fwd_speedup": 6.719581284626592,
      "bwd_speedup": 7.756121857800909,
      "full_speedup": 6.053324740704473,
      "profile": "project_formal"
    },
    {
      "kernel": "fused_moe",
      "provider": "torch",
      "size": 8192,
      "size_label": "tokens; E=8, H=768, I=1024, K=2",
      "status": "ok",
      "fwd_correct": true,
      "fwd_max_abs": 0.0,
      "fwd_max_rel": 0.0,
      "fwd_relative_l2": 0.0,
      "fwd_cosine_similarity": 1.0,
      "bwd_correct": true,
      "bwd_max_abs": 0.0,
      "bwd_max_rel": 0.0,
      "bwd_relative_l2": 0.0,
      "bwd_cosine_similarity": 1.0,
      "fwd_p50_ms": 2.3019518852233887,
      "fwd_p95_ms": 2.3246848583221436,
      "fwd_peak_mem_mb": 32.1103515625,
      "timer": "cuda_events_backward_only",
      "full_p50_ms": 15.045632362365723,
      "full_p95_ms": 15.194112777709961,
      "full_peak_mem_mb": 257.5087890625,
      "bwd_p50_ms": 9.941600322723389,
      "bwd_p95_ms": 10.037669992446899,
      "bwd_peak_mem_mb": 41.88623046875,
      "fwd_speedup": 1.0,
      "bwd_speedup": 1.0,
      "full_speedup": 1.0,
      "profile": "project_formal"
    },
    {
      "kernel": "fused_moe",
      "provider": "triton",
      "size": 8192,
      "size_label": "tokens; E=8, H=768, I=1024, K=2",
      "status": "ok",
      "fwd_correct": true,
      "fwd_max_abs": 0.00390625,
      "fwd_max_rel": 144958.5,
      "fwd_relative_l2": 0.005359799655267327,
      "fwd_cosine_similarity": 0.9999856585231357,
      "bwd_correct": true,
      "bwd_max_abs": 0.125,
      "bwd_max_rel": 195312.5,
      "bwd_relative_l2": 0.004305101133390634,
      "bwd_cosine_similarity": 0.9999907470580803,
      "fwd_p50_ms": 0.8898559808731079,
      "fwd_p95_ms": 0.8929280042648315,
      "fwd_peak_mem_mb": 132.19189453125,
      "timer": "cuda_events_backward_only",
      "full_p50_ms": 2.4033279418945312,
      "full_p95_ms": 2.4104959964752197,
      "full_peak_mem_mb": 257.14208984375,
      "bwd_p50_ms": 1.982975959777832,
      "bwd_p95_ms": 2.1178992629051208,
      "bwd_peak_mem_mb": 180.9501953125,
      "fwd_speedup": 2.5868813995774484,
      "bwd_speedup": 5.013474961056624,
      "full_speedup": 6.260332641289614,
      "bwd_elementwise_correct": false,
      "bwd_acceptance": "relative_l2<=1e-2_and_cosine>=0.9999",
      "profile": "project_formal"
    },
    {
      "kernel": "fused_moe",
      "provider": "torch",
      "size": 32768,
      "size_label": "tokens; E=8, H=768, I=1024, K=2",
      "status": "ok",
      "fwd_correct": true,
      "fwd_max_abs": 0.0,
      "fwd_max_rel": 0.0,
      "fwd_relative_l2": 0.0,
      "fwd_cosine_similarity": 1.0,
      "bwd_correct": true,
      "bwd_max_abs": 0.0,
      "bwd_max_rel": 0.0,
      "bwd_relative_l2": 0.0,
      "bwd_cosine_similarity": 1.0,
      "fwd_p50_ms": 5.236735820770264,
      "fwd_p95_ms": 5.26259183883667,
      "fwd_peak_mem_mb": 125.7109375,
      "timer": "cuda_events_backward_only",
      "full_p50_ms": 17.37990379333496,
      "full_p95_ms": 17.62387466430664,
      "full_peak_mem_mb": 949.23974609375,
      "bwd_p50_ms": 10.7433443069458,
      "bwd_p95_ms": 10.804377794265747,
      "bwd_peak_mem_mb": 71.86083984375,
      "fwd_speedup": 1.0,
      "bwd_speedup": 1.0,
      "full_speedup": 1.0,
      "profile": "project_formal"
    },
    {
      "kernel": "fused_moe",
      "provider": "triton",
      "size": 32768,
      "size_label": "tokens; E=8, H=768, I=1024, K=2",
      "status": "ok",
      "fwd_correct": true,
      "fwd_max_abs": 0.00390625,
      "fwd_max_rel": 172424.3125,
      "fwd_relative_l2": 0.005359724875789389,
      "fwd_cosine_similarity": 0.9999856591972454,
      "bwd_correct": true,
      "bwd_max_abs": 0.25,
      "bwd_max_rel": 279307.1875,
      "bwd_relative_l2": 0.004249600681514344,
      "bwd_cosine_similarity": 0.9999909834867549,
      "fwd_p50_ms": 3.4425599575042725,
      "fwd_p95_ms": 3.4482944011688232,
      "fwd_peak_mem_mb": 528.76025390625,
      "timer": "cuda_events_backward_only",
      "full_p50_ms": 10.02905559539795,
      "full_p95_ms": 10.0497407913208,
      "full_peak_mem_mb": 917.1357421875,
      "bwd_p50_ms": 6.740911960601807,
      "bwd_p95_ms": 6.879436945915222,
      "bwd_peak_mem_mb": 612.37548828125,
      "fwd_speedup": 1.5211749062946465,
      "bwd_speedup": 1.5937523542417946,
      "full_speedup": 1.7329551748930485,
      "bwd_elementwise_correct": false,
      "bwd_acceptance": "relative_l2<=1e-2_and_cosine>=0.9999",
      "profile": "project_formal"
    },
    {
      "kernel": "fused_moe",
      "provider": "torch",
      "size": 57344,
      "size_label": "tokens; E=8, H=768, I=1024, K=2",
      "status": "ok",
      "fwd_correct": true,
      "fwd_max_abs": 0.0,
      "fwd_max_rel": 0.0,
      "fwd_relative_l2": 0.0,
      "fwd_cosine_similarity": 1.0,
      "bwd_correct": true,
      "bwd_max_abs": 0.0,
      "bwd_max_rel": 0.0,
      "bwd_relative_l2": 0.0,
      "bwd_cosine_similarity": 1.0,
      "fwd_p50_ms": 7.930335998535156,
      "fwd_p95_ms": 8.031181335449219,
      "fwd_peak_mem_mb": 219.91650390625,
      "timer": "cuda_events_backward_only",
      "full_p50_ms": 25.32761573791504,
      "full_p95_ms": 25.706701278686523,
      "full_peak_mem_mb": 1666.7275390625,
      "bwd_p50_ms": 17.33580780029297,
      "bwd_p95_ms": 17.446604633331297,
      "bwd_peak_mem_mb": 126.00439453125,
      "fwd_speedup": 1.0,
      "bwd_speedup": 1.0,
      "full_speedup": 1.0,
      "profile": "project_formal"
    },
    {
      "kernel": "fused_moe",
      "provider": "triton",
      "size": 57344,
      "size_label": "tokens; E=8, H=768, I=1024, K=2",
      "status": "ok",
      "fwd_correct": true,
      "fwd_max_abs": 0.00390625,
      "fwd_max_rel": 204467.78125,
      "fwd_relative_l2": 0.005360759842687827,
      "fwd_cosine_similarity": 0.9999856540538221,
      "bwd_correct": true,
      "bwd_max_abs": 0.25,
      "bwd_max_rel": 292968.75,
      "bwd_relative_l2": 0.004250817080426238,
      "bwd_cosine_similarity": 0.9999909788847476,
      "fwd_p50_ms": 5.908927917480469,
      "fwd_p95_ms": 5.914624214172363,
      "fwd_peak_mem_mb": 925.32861328125,
      "timer": "cuda_events_backward_only",
      "full_p50_ms": 17.41107177734375,
      "full_p95_ms": 17.431039810180664,
      "full_peak_mem_mb": 1577.9853515625,
      "bwd_p50_ms": 11.52620792388916,
      "bwd_p95_ms": 11.5392014503479,
      "bwd_peak_mem_mb": 1044.65673828125,
      "fwd_speedup": 1.3420938805286025,
      "bwd_speedup": 1.5040339298723617,
      "full_speedup": 1.4546844709969398,
      "bwd_elementwise_correct": false,
      "bwd_acceptance": "relative_l2<=1e-2_and_cosine>=0.9999",
      "profile": "project_formal"
    },
    {
      "kernel": "fused_moe",
      "provider": "torch",
      "size": 16,
      "size_label": "tokens; E=8, H=4096, I=14336, K=2",
      "status": "ok",
      "fwd_correct": true,
      "fwd_max_abs": 0.0,
      "fwd_max_rel": 0.0,
      "fwd_relative_l2": 0.0,
      "fwd_cosine_similarity": 1.0,
      "bwd_correct": true,
      "bwd_max_abs": 0.0,
      "bwd_max_rel": 0.0,
      "bwd_relative_l2": 0.0,
      "bwd_cosine_similarity": 1.0,
      "fwd_p50_ms": 4.527103900909424,
      "fwd_p95_ms": 4.543488025665283,
      "fwd_peak_mem_mb": 0.82958984375,
      "timer": "cuda_events_backward_only",
      "full_p50_ms": 105.47404479980469,
      "full_p95_ms": 105.47404479980469,
      "full_peak_mem_mb": 4707.7421875,
      "bwd_p50_ms": 100.7983512878418,
      "bwd_p95_ms": 100.93509941101074,
      "bwd_peak_mem_mb": 4702.70263671875,
      "fwd_speedup": 1.0,
      "bwd_speedup": 1.0,
      "full_speedup": 1.0,
      "profile": "mixtral_7b"
    },
    {
      "kernel": "fused_moe",
      "provider": "triton",
      "size": 16,
      "size_label": "tokens; E=8, H=4096, I=14336, K=2",
      "status": "ok",
      "fwd_correct": true,
      "fwd_max_abs": 0.0625,
      "fwd_max_rel": 3015136.75,
      "fwd_relative_l2": 0.006136587853905962,
      "fwd_cosine_similarity": 0.9999811802848867,
      "bwd_correct": true,
      "bwd_max_abs": 2.0,
      "bwd_max_rel": 3125000.0,
      "bwd_relative_l2": 0.005523480510391361,
      "bwd_cosine_similarity": 0.9999847543441628,
      "fwd_p50_ms": 3.252319812774658,
      "fwd_p95_ms": 3.259852886199951,
      "fwd_peak_mem_mb": 3.00390625,
      "timer": "cuda_events_backward_only",
      "full_p50_ms": 12.25932788848877,
      "full_p95_ms": 12.269158363342285,
      "full_peak_mem_mb": 2693.25537109375,
      "bwd_p50_ms": 9.524223804473877,
      "bwd_p95_ms": 9.627750492095947,
      "bwd_peak_mem_mb": 2691.37646484375,
      "fwd_speedup": 1.3919614802725093,
      "bwd_speedup": 10.583366514391768,
      "full_speedup": 8.60357482556955,
      "bwd_elementwise_correct": false,
      "bwd_acceptance": "relative_l2<=1e-2_and_cosine>=0.9999",
      "profile": "mixtral_7b"
    },
    {
      "kernel": "fused_moe",
      "provider": "torch",
      "size": 64,
      "size_label": "tokens; E=8, H=4096, I=14336, K=2",
      "status": "ok",
      "fwd_correct": true,
      "fwd_max_abs": 0.0,
      "fwd_max_rel": 0.0,
      "fwd_relative_l2": 0.0,
      "fwd_cosine_similarity": 1.0,
      "bwd_correct": true,
      "bwd_max_abs": 0.0,
      "bwd_max_rel": 0.0,
      "bwd_relative_l2": 0.0,
      "bwd_cosine_similarity": 1.0,
      "fwd_p50_ms": 4.553728103637695,
      "fwd_p95_ms": 4.580351829528809,
      "fwd_peak_mem_mb": 3.07958984375,
      "timer": "cuda_events_backward_only",
      "full_p50_ms": 105.5068130493164,
      "full_p95_ms": 105.5068130493164,
      "full_peak_mem_mb": 4718.65625,
      "bwd_p50_ms": 100.78105545043945,
      "bwd_p95_ms": 101.02292594909667,
      "bwd_peak_mem_mb": 4700.60888671875,
      "fwd_speedup": 1.0,
      "bwd_speedup": 1.0,
      "full_speedup": 1.0,
      "profile": "mixtral_7b"
    },
    {
      "kernel": "fused_moe",
      "provider": "triton",
      "size": 64,
      "size_label": "tokens; E=8, H=4096, I=14336, K=2",
      "status": "ok",
      "fwd_correct": true,
      "fwd_max_abs": 0.0625,
      "fwd_max_rel": 2587890.75,
      "fwd_relative_l2": 0.0060928415838360055,
      "fwd_cosine_similarity": 0.9999814461209322,
      "bwd_correct": true,
      "bwd_max_abs": 4.0,
      "bwd_max_rel": 3906250.0,
      "bwd_relative_l2": 0.005260068867903778,
      "bwd_cosine_similarity": 0.9999861753579546,
      "fwd_p50_ms": 3.313663959503174,
      "fwd_p95_ms": 3.3177599906921387,
      "fwd_peak_mem_mb": 12.00390625,
      "timer": "cuda_events_backward_only",
      "full_p50_ms": 12.95257568359375,
      "full_p95_ms": 12.961126327514648,
      "full_peak_mem_mb": 2708.00537109375,
      "bwd_p50_ms": 10.247119903564453,
      "bwd_p95_ms": 10.267852544784546,
      "bwd_peak_mem_mb": 2700.50146484375,
      "fwd_speedup": 1.3742274893560564,
      "bwd_speedup": 9.835061597686861,
      "full_speedup": 8.145624131187711,
      "bwd_elementwise_correct": false,
      "bwd_acceptance": "relative_l2<=1e-2_and_cosine>=0.9999",
      "profile": "mixtral_7b"
    },
    {
      "kernel": "fused_moe",
      "provider": "torch",
      "size": 256,
      "size_label": "tokens; E=8, H=4096, I=14336, K=2",
      "status": "ok",
      "fwd_correct": true,
      "fwd_max_abs": 0.0,
      "fwd_max_rel": 0.0,
      "fwd_relative_l2": 0.0,
      "fwd_cosine_similarity": 1.0,
      "bwd_correct": true,
      "bwd_max_abs": 0.0,
      "bwd_max_rel": 0.0,
      "bwd_relative_l2": 0.0,
      "bwd_cosine_similarity": 1.0,
      "fwd_p50_ms": 4.710911750793457,
      "fwd_p95_ms": 4.731907367706299,
      "fwd_peak_mem_mb": 11.14453125,
      "timer": "cuda_events_backward_only",
      "full_p50_ms": 105.82630157470703,
      "full_p95_ms": 105.82630157470703,
      "full_peak_mem_mb": 4760.36376953125,
      "bwd_p50_ms": 100.95206451416016,
      "bwd_p95_ms": 101.11667098999024,
      "bwd_peak_mem_mb": 4692.54248046875,
      "fwd_speedup": 1.0,
      "bwd_speedup": 1.0,
      "full_speedup": 1.0,
      "profile": "mixtral_7b"
    },
    {
      "kernel": "fused_moe",
      "provider": "triton",
      "size": 256,
      "size_label": "tokens; E=8, H=4096, I=14336, K=2",
      "status": "ok",
      "fwd_correct": true,
      "fwd_max_abs": 0.078125,
      "fwd_max_rel": 3515625.0,
      "fwd_relative_l2": 0.0055970160915455635,
      "fwd_cosine_similarity": 0.9999843477639828,
      "bwd_correct": true,
      "bwd_max_abs": 2.828125,
      "bwd_max_rel": 4687500.0,
      "bwd_relative_l2": 0.004543490925215543,
      "bwd_cosine_similarity": 0.9999896843001227,
      "fwd_p50_ms": 4.034560203552246,
      "fwd_p95_ms": 4.050841331481934,
      "fwd_peak_mem_mb": 48.00830078125,
      "timer": "cuda_events_backward_only",
      "full_p50_ms": 13.8854398727417,
      "full_p95_ms": 13.940832138061523,
      "full_peak_mem_mb": 2768.33203125,
      "bwd_p50_ms": 10.292655944824219,
      "bwd_p95_ms": 10.419763565063477,
      "bwd_peak_mem_mb": 2738.00341796875,
      "fwd_speedup": 1.1676394732307414,
      "bwd_speedup": 9.80816468123809,
      "full_speedup": 7.621386325863041,
      "bwd_elementwise_correct": false,
      "bwd_acceptance": "relative_l2<=1e-2_and_cosine>=0.9999",
      "profile": "mixtral_7b"
    }
  ],
  "case_failures": [],
  "correctness_failures": [],
  "figures": [
    "figures/router_postprocess_default.png",
    "figures/fused_moe_project_formal.png",
    "figures/fused_moe_mixtral_7b.png"
  ],
  "quality_gate_passed": true
}
