Detected CUDA files, patching ldflags
Emitting ninja build file /data/mini-train-sys/cache/cuda_ext/cpython-310_5217543196fa/minitrain_cuda_flash_8d01e50dc6dc/build.ninja...
Building extension module minitrain_cuda_flash_8d01e50dc6dc...
Using envvar MAX_JOBS (2) as the number of workers...
[1/10] c++ -MMD -MF flash_api_upstream.o.d -DTORCH_EXTENSION_NAME=minitrain_cuda_flash_8d01e50dc6dc -DTORCH_API_INCLUDE_EXTENSION_H -DPYBIND11_COMPILER_TYPE=\"_gcc\" -DPYBIND11_STDLIB=\"_libstdcpp\" -DPYBIND11_BUILD_ABI=\"_cxxabi1011\" -I/home/ubuntu/mini-train-sys/minitrain/kernels/cuda_ext/csrc -I/home/ubuntu/mini-train-sys/minitrain/kernels/cuda_ext/csrc/third_party/flash_attn/src -I/home/ubuntu/mini-train-sys/minitrain/kernels/cuda_ext/csrc/third_party/cutlass/include -isystem /home/ubuntu/mini-train-sys/.venv/lib/python3.10/site-packages/torch/include -isystem /home/ubuntu/mini-train-sys/.venv/lib/python3.10/site-packages/torch/include/torch/csrc/api/include -isystem /home/ubuntu/mini-train-sys/.venv/lib/python3.10/site-packages/torch/include/TH -isystem /home/ubuntu/mini-train-sys/.venv/lib/python3.10/site-packages/torch/include/THC -isystem /usr/local/cuda/include -isystem /usr/include/python3.10 -D_GLIBCXX_USE_CXX11_ABI=0 -fPIC -std=c++17 -O3 -std=c++17 -DFLASH_NAMESPACE=minitrain_flash -DFLASHATTENTION_DISABLE_ALIBI -DFLASHATTENTION_DISABLE_LOCAL -DFLASHATTENTION_DISABLE_SOFTCAP -DMINITRAIN_FLASH_HDIM_64 -DMINITRAIN_FLASH_ENABLE_FP16 -DMINITRAIN_FLASH_ENABLE_BF16 -c /home/ubuntu/mini-train-sys/minitrain/kernels/cuda_ext/csrc/flash_api_upstream.cpp -o flash_api_upstream.o 
[2/10] /usr/local/cuda/bin/nvcc --generate-dependencies-with-compile --dependency-output flash_fwd_hdim64_fp16_sm80.cuda.o.d -DTORCH_EXTENSION_NAME=minitrain_cuda_flash_8d01e50dc6dc -DTORCH_API_INCLUDE_EXTENSION_H -DPYBIND11_COMPILER_TYPE=\"_gcc\" -DPYBIND11_STDLIB=\"_libstdcpp\" -DPYBIND11_BUILD_ABI=\"_cxxabi1011\" -I/home/ubuntu/mini-train-sys/minitrain/kernels/cuda_ext/csrc -I/home/ubuntu/mini-train-sys/minitrain/kernels/cuda_ext/csrc/third_party/flash_attn/src -I/home/ubuntu/mini-train-sys/minitrain/kernels/cuda_ext/csrc/third_party/cutlass/include -isystem /home/ubuntu/mini-train-sys/.venv/lib/python3.10/site-packages/torch/include -isystem /home/ubuntu/mini-train-sys/.venv/lib/python3.10/site-packages/torch/include/torch/csrc/api/include -isystem /home/ubuntu/mini-train-sys/.venv/lib/python3.10/site-packages/torch/include/TH -isystem /home/ubuntu/mini-train-sys/.venv/lib/python3.10/site-packages/torch/include/THC -isystem /usr/local/cuda/include -isystem /usr/include/python3.10 -D_GLIBCXX_USE_CXX11_ABI=0 -D__CUDA_NO_HALF_OPERATORS__ -D__CUDA_NO_HALF_CONVERSIONS__ -D__CUDA_NO_BFLOAT16_CONVERSIONS__ -D__CUDA_NO_HALF2_OPERATORS__ --expt-relaxed-constexpr -gencode=arch=compute_89,code=compute_89 -gencode=arch=compute_89,code=sm_89 --compiler-options '-fPIC' -O3 -std=c++17 --use_fast_math --expt-relaxed-constexpr --expt-extended-lambda -U__CUDA_NO_HALF_OPERATORS__ -U__CUDA_NO_HALF_CONVERSIONS__ -U__CUDA_NO_HALF2_OPERATORS__ -U__CUDA_NO_BFLOAT16_CONVERSIONS__ --ptxas-options=-v -DFLASH_NAMESPACE=minitrain_flash -DFLASHATTENTION_DISABLE_ALIBI -DFLASHATTENTION_DISABLE_LOCAL -DFLASHATTENTION_DISABLE_SOFTCAP -DMINITRAIN_FLASH_HDIM_64 -DMINITRAIN_FLASH_ENABLE_FP16 -DMINITRAIN_FLASH_ENABLE_BF16 -c /home/ubuntu/mini-train-sys/minitrain/kernels/cuda_ext/csrc/instantiations/flash_fwd_hdim64_fp16_sm80.cu -o flash_fwd_hdim64_fp16_sm80.cuda.o 
ptxas info    : 505 bytes gmem
ptxas info    : Compiling entry function '_ZN15minitrain_flash16flash_fwd_kernelI23Flash_fwd_kernel_traitsILi64ELi128ELi128ELi4ELb0ELb0EN7cutlass6half_tE19Flash_kernel_traitsILi64ELi128ELi128ELi4ES3_EELb0ELb0ELb0ELb0ELb0ELb1ELb0ELb0EEEvNS_16Flash_fwd_paramsE' for 'sm_89'
ptxas info    : Function properties for _ZN15minitrain_flash16flash_fwd_kernelI23Flash_fwd_kernel_traitsILi64ELi128ELi128ELi4ELb0ELb0EN7cutlass6half_tE19Flash_kernel_traitsILi64ELi128ELi128ELi4ES3_EELb0ELb0ELb0ELb0ELb0ELb1ELb0ELb0EEEvNS_16Flash_fwd_paramsE
    136 bytes stack frame, 144 bytes spill stores, 152 bytes spill loads
ptxas info    : Used 255 registers, 816 bytes cmem[0]
ptxas info    : Compiling entry function '_ZN15minitrain_flash16flash_fwd_kernelI23Flash_fwd_kernel_traitsILi64ELi128ELi128ELi4ELb0ELb0EN7cutlass6half_tE19Flash_kernel_traitsILi64ELi128ELi128ELi4ES3_EELb0ELb0ELb0ELb0ELb1ELb1ELb0ELb0EEEvNS_16Flash_fwd_paramsE' for 'sm_89'
ptxas info    : Function properties for _ZN15minitrain_flash16flash_fwd_kernelI23Flash_fwd_kernel_traitsILi64ELi128ELi128ELi4ELb0ELb0EN7cutlass6half_tE19Flash_kernel_traitsILi64ELi128ELi128ELi4ES3_EELb0ELb0ELb0ELb0ELb1ELb1ELb0ELb0EEEvNS_16Flash_fwd_paramsE
    104 bytes stack frame, 112 bytes spill stores, 120 bytes spill loads
ptxas info    : Used 255 registers, 816 bytes cmem[0]
ptxas info    : Compiling entry function '_ZN15minitrain_flash16flash_fwd_kernelI23Flash_fwd_kernel_traitsILi64ELi128ELi128ELi4ELb0ELb0EN7cutlass6half_tE19Flash_kernel_traitsILi64ELi128ELi128ELi4ES3_EELb0ELb0ELb0ELb0ELb0ELb0ELb0ELb0EEEvNS_16Flash_fwd_paramsE' for 'sm_89'
ptxas info    : Function properties for _ZN15minitrain_flash16flash_fwd_kernelI23Flash_fwd_kernel_traitsILi64ELi128ELi128ELi4ELb0ELb0EN7cutlass6half_tE19Flash_kernel_traitsILi64ELi128ELi128ELi4ES3_EELb0ELb0ELb0ELb0ELb0ELb0ELb0ELb0EEEvNS_16Flash_fwd_paramsE
    104 bytes stack frame, 120 bytes spill stores, 120 bytes spill loads
ptxas info    : Used 255 registers, 816 bytes cmem[0]
ptxas info    : Compiling entry function '_ZN15minitrain_flash16flash_fwd_kernelI23Flash_fwd_kernel_traitsILi64ELi128ELi64ELi4ELb0ELb0EN7cutlass6half_tE19Flash_kernel_traitsILi64ELi128ELi64ELi4ES3_EELb1ELb0ELb0ELb0ELb0ELb1ELb0ELb0EEEvNS_16Flash_fwd_paramsE' for 'sm_89'
ptxas info    : Function properties for _ZN15minitrain_flash16flash_fwd_kernelI23Flash_fwd_kernel_traitsILi64ELi128ELi64ELi4ELb0ELb0EN7cutlass6half_tE19Flash_kernel_traitsILi64ELi128ELi64ELi4ES3_EELb1ELb0ELb0ELb0ELb0ELb1ELb0ELb0EEEvNS_16Flash_fwd_paramsE
    0 bytes stack frame, 0 bytes spill stores, 0 bytes spill loads
ptxas info    : Used 254 registers, 816 bytes cmem[0]
ptxas info    : Compiling entry function '_ZN15minitrain_flash16flash_fwd_kernelI23Flash_fwd_kernel_traitsILi64ELi128ELi64ELi4ELb0ELb0EN7cutlass6half_tE19Flash_kernel_traitsILi64ELi128ELi64ELi4ES3_EELb1ELb0ELb0ELb0ELb0ELb0ELb0ELb0EEEvNS_16Flash_fwd_paramsE' for 'sm_89'
ptxas info    : Function properties for _ZN15minitrain_flash16flash_fwd_kernelI23Flash_fwd_kernel_traitsILi64ELi128ELi64ELi4ELb0ELb0EN7cutlass6half_tE19Flash_kernel_traitsILi64ELi128ELi64ELi4ES3_EELb1ELb0ELb0ELb0ELb0ELb0ELb0ELb0EEEvNS_16Flash_fwd_paramsE
    0 bytes stack frame, 0 bytes spill stores, 0 bytes spill loads
ptxas info    : Used 250 registers, 816 bytes cmem[0]
ptxas info    : Compiling entry function '_ZN15minitrain_flash16flash_fwd_kernelI23Flash_fwd_kernel_traitsILi64ELi128ELi64ELi4ELb0ELb0EN7cutlass6half_tE19Flash_kernel_traitsILi64ELi128ELi64ELi4ES3_EELb1ELb0ELb0ELb0ELb1ELb1ELb0ELb0EEEvNS_16Flash_fwd_paramsE' for 'sm_89'
ptxas info    : Function properties for _ZN15minitrain_flash16flash_fwd_kernelI23Flash_fwd_kernel_traitsILi64ELi128ELi64ELi4ELb0ELb0EN7cutlass6half_tE19Flash_kernel_traitsILi64ELi128ELi64ELi4ES3_EELb1ELb0ELb0ELb0ELb1ELb1ELb0ELb0EEEvNS_16Flash_fwd_paramsE
    0 bytes stack frame, 0 bytes spill stores, 0 bytes spill loads
ptxas info    : Used 255 registers, 816 bytes cmem[0]
ptxas info    : Compiling entry function '_ZN15minitrain_flash16flash_fwd_kernelI23Flash_fwd_kernel_traitsILi64ELi128ELi64ELi4ELb0ELb0EN7cutlass6half_tE19Flash_kernel_traitsILi64ELi128ELi64ELi4ES3_EELb1ELb0ELb0ELb0ELb0ELb0ELb0ELb1EEEvNS_16Flash_fwd_paramsE' for 'sm_89'
ptxas info    : Function properties for _ZN15minitrain_flash16flash_fwd_kernelI23Flash_fwd_kernel_traitsILi64ELi128ELi64ELi4ELb0ELb0EN7cutlass6half_tE19Flash_kernel_traitsILi64ELi128ELi64ELi4ES3_EELb1ELb0ELb0ELb0ELb0ELb0ELb0ELb1EEEvNS_16Flash_fwd_paramsE
    168 bytes stack frame, 126 bytes spill stores, 142 bytes spill loads
ptxas info    : Used 255 registers, 816 bytes cmem[0]
[3/10] /usr/local/cuda/bin/nvcc --generate-dependencies-with-compile --dependency-output flash_fwd_hdim64_fp16_causal_sm80.cuda.o.d -DTORCH_EXTENSION_NAME=minitrain_cuda_flash_8d01e50dc6dc -DTORCH_API_INCLUDE_EXTENSION_H -DPYBIND11_COMPILER_TYPE=\"_gcc\" -DPYBIND11_STDLIB=\"_libstdcpp\" -DPYBIND11_BUILD_ABI=\"_cxxabi1011\" -I/home/ubuntu/mini-train-sys/minitrain/kernels/cuda_ext/csrc -I/home/ubuntu/mini-train-sys/minitrain/kernels/cuda_ext/csrc/third_party/flash_attn/src -I/home/ubuntu/mini-train-sys/minitrain/kernels/cuda_ext/csrc/third_party/cutlass/include -isystem /home/ubuntu/mini-train-sys/.venv/lib/python3.10/site-packages/torch/include -isystem /home/ubuntu/mini-train-sys/.venv/lib/python3.10/site-packages/torch/include/torch/csrc/api/include -isystem /home/ubuntu/mini-train-sys/.venv/lib/python3.10/site-packages/torch/include/TH -isystem /home/ubuntu/mini-train-sys/.venv/lib/python3.10/site-packages/torch/include/THC -isystem /usr/local/cuda/include -isystem /usr/include/python3.10 -D_GLIBCXX_USE_CXX11_ABI=0 -D__CUDA_NO_HALF_OPERATORS__ -D__CUDA_NO_HALF_CONVERSIONS__ -D__CUDA_NO_BFLOAT16_CONVERSIONS__ -D__CUDA_NO_HALF2_OPERATORS__ --expt-relaxed-constexpr -gencode=arch=compute_89,code=compute_89 -gencode=arch=compute_89,code=sm_89 --compiler-options '-fPIC' -O3 -std=c++17 --use_fast_math --expt-relaxed-constexpr --expt-extended-lambda -U__CUDA_NO_HALF_OPERATORS__ -U__CUDA_NO_HALF_CONVERSIONS__ -U__CUDA_NO_HALF2_OPERATORS__ -U__CUDA_NO_BFLOAT16_CONVERSIONS__ --ptxas-options=-v -DFLASH_NAMESPACE=minitrain_flash -DFLASHATTENTION_DISABLE_ALIBI -DFLASHATTENTION_DISABLE_LOCAL -DFLASHATTENTION_DISABLE_SOFTCAP -DMINITRAIN_FLASH_HDIM_64 -DMINITRAIN_FLASH_ENABLE_FP16 -DMINITRAIN_FLASH_ENABLE_BF16 -c /home/ubuntu/mini-train-sys/minitrain/kernels/cuda_ext/csrc/instantiations/flash_fwd_hdim64_fp16_causal_sm80.cu -o flash_fwd_hdim64_fp16_causal_sm80.cuda.o 
ptxas info    : 509 bytes gmem
ptxas info    : Compiling entry function '_ZN15minitrain_flash16flash_fwd_kernelI23Flash_fwd_kernel_traitsILi64ELi128ELi128ELi4ELb0ELb0EN7cutlass6half_tE19Flash_kernel_traitsILi64ELi128ELi128ELi4ES3_EELb0ELb1ELb0ELb0ELb0ELb1ELb0ELb0EEEvNS_16Flash_fwd_paramsE' for 'sm_89'
ptxas info    : Function properties for _ZN15minitrain_flash16flash_fwd_kernelI23Flash_fwd_kernel_traitsILi64ELi128ELi128ELi4ELb0ELb0EN7cutlass6half_tE19Flash_kernel_traitsILi64ELi128ELi128ELi4ES3_EELb0ELb1ELb0ELb0ELb0ELb1ELb0ELb0EEEvNS_16Flash_fwd_paramsE
    168 bytes stack frame, 200 bytes spill stores, 272 bytes spill loads
ptxas info    : Used 255 registers, 816 bytes cmem[0]
ptxas info    : Compiling entry function '_ZN15minitrain_flash16flash_fwd_kernelI23Flash_fwd_kernel_traitsILi64ELi128ELi128ELi4ELb0ELb0EN7cutlass6half_tE19Flash_kernel_traitsILi64ELi128ELi128ELi4ES3_EELb0ELb1ELb0ELb0ELb1ELb1ELb0ELb0EEEvNS_16Flash_fwd_paramsE' for 'sm_89'
ptxas info    : Function properties for _ZN15minitrain_flash16flash_fwd_kernelI23Flash_fwd_kernel_traitsILi64ELi128ELi128ELi4ELb0ELb0EN7cutlass6half_tE19Flash_kernel_traitsILi64ELi128ELi128ELi4ES3_EELb0ELb1ELb0ELb0ELb1ELb1ELb0ELb0EEEvNS_16Flash_fwd_paramsE
    176 bytes stack frame, 188 bytes spill stores, 196 bytes spill loads
ptxas info    : Used 255 registers, 816 bytes cmem[0]
ptxas info    : Compiling entry function '_ZN15minitrain_flash16flash_fwd_kernelI23Flash_fwd_kernel_traitsILi64ELi128ELi128ELi4ELb0ELb0EN7cutlass6half_tE19Flash_kernel_traitsILi64ELi128ELi128ELi4ES3_EELb0ELb1ELb0ELb0ELb0ELb0ELb0ELb0EEEvNS_16Flash_fwd_paramsE' for 'sm_89'
ptxas info    : Function properties for _ZN15minitrain_flash16flash_fwd_kernelI23Flash_fwd_kernel_traitsILi64ELi128ELi128ELi4ELb0ELb0EN7cutlass6half_tE19Flash_kernel_traitsILi64ELi128ELi128ELi4ES3_EELb0ELb1ELb0ELb0ELb0ELb0ELb0ELb0EEEvNS_16Flash_fwd_paramsE
    144 bytes stack frame, 156 bytes spill stores, 228 bytes spill loads
ptxas info    : Used 255 registers, 816 bytes cmem[0]
ptxas info    : Compiling entry function '_ZN15minitrain_flash16flash_fwd_kernelI23Flash_fwd_kernel_traitsILi64ELi128ELi64ELi4ELb0ELb0EN7cutlass6half_tE19Flash_kernel_traitsILi64ELi128ELi64ELi4ES3_EELb1ELb1ELb0ELb0ELb0ELb1ELb0ELb0EEEvNS_16Flash_fwd_paramsE' for 'sm_89'
ptxas info    : Function properties for _ZN15minitrain_flash16flash_fwd_kernelI23Flash_fwd_kernel_traitsILi64ELi128ELi64ELi4ELb0ELb0EN7cutlass6half_tE19Flash_kernel_traitsILi64ELi128ELi64ELi4ES3_EELb1ELb1ELb0ELb0ELb0ELb1ELb0ELb0EEEvNS_16Flash_fwd_paramsE
    0 bytes stack frame, 0 bytes spill stores, 0 bytes spill loads
ptxas info    : Used 255 registers, 816 bytes cmem[0]
ptxas info    : Compiling entry function '_ZN15minitrain_flash16flash_fwd_kernelI23Flash_fwd_kernel_traitsILi64ELi128ELi64ELi4ELb0ELb0EN7cutlass6half_tE19Flash_kernel_traitsILi64ELi128ELi64ELi4ES3_EELb1ELb1ELb0ELb0ELb0ELb0ELb0ELb0EEEvNS_16Flash_fwd_paramsE' for 'sm_89'
ptxas info    : Function properties for _ZN15minitrain_flash16flash_fwd_kernelI23Flash_fwd_kernel_traitsILi64ELi128ELi64ELi4ELb0ELb0EN7cutlass6half_tE19Flash_kernel_traitsILi64ELi128ELi64ELi4ES3_EELb1ELb1ELb0ELb0ELb0ELb0ELb0ELb0EEEvNS_16Flash_fwd_paramsE
    0 bytes stack frame, 0 bytes spill stores, 0 bytes spill loads
ptxas info    : Used 254 registers, 816 bytes cmem[0]
ptxas info    : Compiling entry function '_ZN15minitrain_flash16flash_fwd_kernelI23Flash_fwd_kernel_traitsILi64ELi128ELi64ELi4ELb0ELb0EN7cutlass6half_tE19Flash_kernel_traitsILi64ELi128ELi64ELi4ES3_EELb1ELb1ELb0ELb0ELb1ELb1ELb0ELb0EEEvNS_16Flash_fwd_paramsE' for 'sm_89'
ptxas info    : Function properties for _ZN15minitrain_flash16flash_fwd_kernelI23Flash_fwd_kernel_traitsILi64ELi128ELi64ELi4ELb0ELb0EN7cutlass6half_tE19Flash_kernel_traitsILi64ELi128ELi64ELi4ES3_EELb1ELb1ELb0ELb0ELb1ELb1ELb0ELb0EEEvNS_16Flash_fwd_paramsE
    0 bytes stack frame, 0 bytes spill stores, 0 bytes spill loads
ptxas info    : Used 255 registers, 816 bytes cmem[0]
ptxas info    : Compiling entry function '_ZN15minitrain_flash16flash_fwd_kernelI23Flash_fwd_kernel_traitsILi64ELi128ELi64ELi4ELb0ELb0EN7cutlass6half_tE19Flash_kernel_traitsILi64ELi128ELi64ELi4ES3_EELb1ELb1ELb0ELb0ELb0ELb0ELb0ELb1EEEvNS_16Flash_fwd_paramsE' for 'sm_89'
ptxas info    : Function properties for _ZN15minitrain_flash16flash_fwd_kernelI23Flash_fwd_kernel_traitsILi64ELi128ELi64ELi4ELb0ELb0EN7cutlass6half_tE19Flash_kernel_traitsILi64ELi128ELi64ELi4ES3_EELb1ELb1ELb0ELb0ELb0ELb0ELb0ELb1EEEvNS_16Flash_fwd_paramsE
    224 bytes stack frame, 206 bytes spill stores, 344 bytes spill loads
ptxas info    : Used 255 registers, 816 bytes cmem[0]
[4/10] /usr/local/cuda/bin/nvcc --generate-dependencies-with-compile --dependency-output flash_fwd_hdim64_bf16_sm80.cuda.o.d -DTORCH_EXTENSION_NAME=minitrain_cuda_flash_8d01e50dc6dc -DTORCH_API_INCLUDE_EXTENSION_H -DPYBIND11_COMPILER_TYPE=\"_gcc\" -DPYBIND11_STDLIB=\"_libstdcpp\" -DPYBIND11_BUILD_ABI=\"_cxxabi1011\" -I/home/ubuntu/mini-train-sys/minitrain/kernels/cuda_ext/csrc -I/home/ubuntu/mini-train-sys/minitrain/kernels/cuda_ext/csrc/third_party/flash_attn/src -I/home/ubuntu/mini-train-sys/minitrain/kernels/cuda_ext/csrc/third_party/cutlass/include -isystem /home/ubuntu/mini-train-sys/.venv/lib/python3.10/site-packages/torch/include -isystem /home/ubuntu/mini-train-sys/.venv/lib/python3.10/site-packages/torch/include/torch/csrc/api/include -isystem /home/ubuntu/mini-train-sys/.venv/lib/python3.10/site-packages/torch/include/TH -isystem /home/ubuntu/mini-train-sys/.venv/lib/python3.10/site-packages/torch/include/THC -isystem /usr/local/cuda/include -isystem /usr/include/python3.10 -D_GLIBCXX_USE_CXX11_ABI=0 -D__CUDA_NO_HALF_OPERATORS__ -D__CUDA_NO_HALF_CONVERSIONS__ -D__CUDA_NO_BFLOAT16_CONVERSIONS__ -D__CUDA_NO_HALF2_OPERATORS__ --expt-relaxed-constexpr -gencode=arch=compute_89,code=compute_89 -gencode=arch=compute_89,code=sm_89 --compiler-options '-fPIC' -O3 -std=c++17 --use_fast_math --expt-relaxed-constexpr --expt-extended-lambda -U__CUDA_NO_HALF_OPERATORS__ -U__CUDA_NO_HALF_CONVERSIONS__ -U__CUDA_NO_HALF2_OPERATORS__ -U__CUDA_NO_BFLOAT16_CONVERSIONS__ --ptxas-options=-v -DFLASH_NAMESPACE=minitrain_flash -DFLASHATTENTION_DISABLE_ALIBI -DFLASHATTENTION_DISABLE_LOCAL -DFLASHATTENTION_DISABLE_SOFTCAP -DMINITRAIN_FLASH_HDIM_64 -DMINITRAIN_FLASH_ENABLE_FP16 -DMINITRAIN_FLASH_ENABLE_BF16 -c /home/ubuntu/mini-train-sys/minitrain/kernels/cuda_ext/csrc/instantiations/flash_fwd_hdim64_bf16_sm80.cu -o flash_fwd_hdim64_bf16_sm80.cuda.o 
ptxas info    : 505 bytes gmem
ptxas info    : Compiling entry function '_ZN15minitrain_flash16flash_fwd_kernelI23Flash_fwd_kernel_traitsILi64ELi128ELi128ELi4ELb0ELb0EN7cutlass10bfloat16_tE19Flash_kernel_traitsILi64ELi128ELi128ELi4ES3_EELb0ELb0ELb0ELb0ELb0ELb1ELb0ELb0EEEvNS_16Flash_fwd_paramsE' for 'sm_89'
ptxas info    : Function properties for _ZN15minitrain_flash16flash_fwd_kernelI23Flash_fwd_kernel_traitsILi64ELi128ELi128ELi4ELb0ELb0EN7cutlass10bfloat16_tE19Flash_kernel_traitsILi64ELi128ELi128ELi4ES3_EELb0ELb0ELb0ELb0ELb0ELb1ELb0ELb0EEEvNS_16Flash_fwd_paramsE
    136 bytes stack frame, 144 bytes spill stores, 152 bytes spill loads
ptxas info    : Used 255 registers, 816 bytes cmem[0]
ptxas info    : Compiling entry function '_ZN15minitrain_flash16flash_fwd_kernelI23Flash_fwd_kernel_traitsILi64ELi128ELi128ELi4ELb0ELb0EN7cutlass10bfloat16_tE19Flash_kernel_traitsILi64ELi128ELi128ELi4ES3_EELb0ELb0ELb0ELb0ELb1ELb1ELb0ELb0EEEvNS_16Flash_fwd_paramsE' for 'sm_89'
ptxas info    : Function properties for _ZN15minitrain_flash16flash_fwd_kernelI23Flash_fwd_kernel_traitsILi64ELi128ELi128ELi4ELb0ELb0EN7cutlass10bfloat16_tE19Flash_kernel_traitsILi64ELi128ELi128ELi4ES3_EELb0ELb0ELb0ELb0ELb1ELb1ELb0ELb0EEEvNS_16Flash_fwd_paramsE
    104 bytes stack frame, 112 bytes spill stores, 120 bytes spill loads
ptxas info    : Used 255 registers, 816 bytes cmem[0]
ptxas info    : Compiling entry function '_ZN15minitrain_flash16flash_fwd_kernelI23Flash_fwd_kernel_traitsILi64ELi128ELi128ELi4ELb0ELb0EN7cutlass10bfloat16_tE19Flash_kernel_traitsILi64ELi128ELi128ELi4ES3_EELb0ELb0ELb0ELb0ELb0ELb0ELb0ELb0EEEvNS_16Flash_fwd_paramsE' for 'sm_89'
ptxas info    : Function properties for _ZN15minitrain_flash16flash_fwd_kernelI23Flash_fwd_kernel_traitsILi64ELi128ELi128ELi4ELb0ELb0EN7cutlass10bfloat16_tE19Flash_kernel_traitsILi64ELi128ELi128ELi4ES3_EELb0ELb0ELb0ELb0ELb0ELb0ELb0ELb0EEEvNS_16Flash_fwd_paramsE
    104 bytes stack frame, 120 bytes spill stores, 120 bytes spill loads
ptxas info    : Used 255 registers, 816 bytes cmem[0]
ptxas info    : Compiling entry function '_ZN15minitrain_flash16flash_fwd_kernelI23Flash_fwd_kernel_traitsILi64ELi128ELi64ELi4ELb0ELb0EN7cutlass10bfloat16_tE19Flash_kernel_traitsILi64ELi128ELi64ELi4ES3_EELb1ELb0ELb0ELb0ELb0ELb1ELb0ELb0EEEvNS_16Flash_fwd_paramsE' for 'sm_89'
ptxas info    : Function properties for _ZN15minitrain_flash16flash_fwd_kernelI23Flash_fwd_kernel_traitsILi64ELi128ELi64ELi4ELb0ELb0EN7cutlass10bfloat16_tE19Flash_kernel_traitsILi64ELi128ELi64ELi4ES3_EELb1ELb0ELb0ELb0ELb0ELb1ELb0ELb0EEEvNS_16Flash_fwd_paramsE
    0 bytes stack frame, 0 bytes spill stores, 0 bytes spill loads
ptxas info    : Used 254 registers, 816 bytes cmem[0]
ptxas info    : Compiling entry function '_ZN15minitrain_flash16flash_fwd_kernelI23Flash_fwd_kernel_traitsILi64ELi128ELi64ELi4ELb0ELb0EN7cutlass10bfloat16_tE19Flash_kernel_traitsILi64ELi128ELi64ELi4ES3_EELb1ELb0ELb0ELb0ELb0ELb0ELb0ELb0EEEvNS_16Flash_fwd_paramsE' for 'sm_89'
ptxas info    : Function properties for _ZN15minitrain_flash16flash_fwd_kernelI23Flash_fwd_kernel_traitsILi64ELi128ELi64ELi4ELb0ELb0EN7cutlass10bfloat16_tE19Flash_kernel_traitsILi64ELi128ELi64ELi4ES3_EELb1ELb0ELb0ELb0ELb0ELb0ELb0ELb0EEEvNS_16Flash_fwd_paramsE
    0 bytes stack frame, 0 bytes spill stores, 0 bytes spill loads
ptxas info    : Used 250 registers, 816 bytes cmem[0]
ptxas info    : Compiling entry function '_ZN15minitrain_flash16flash_fwd_kernelI23Flash_fwd_kernel_traitsILi64ELi128ELi64ELi4ELb0ELb0EN7cutlass10bfloat16_tE19Flash_kernel_traitsILi64ELi128ELi64ELi4ES3_EELb1ELb0ELb0ELb0ELb1ELb1ELb0ELb0EEEvNS_16Flash_fwd_paramsE' for 'sm_89'
ptxas info    : Function properties for _ZN15minitrain_flash16flash_fwd_kernelI23Flash_fwd_kernel_traitsILi64ELi128ELi64ELi4ELb0ELb0EN7cutlass10bfloat16_tE19Flash_kernel_traitsILi64ELi128ELi64ELi4ES3_EELb1ELb0ELb0ELb0ELb1ELb1ELb0ELb0EEEvNS_16Flash_fwd_paramsE
    0 bytes stack frame, 0 bytes spill stores, 0 bytes spill loads
ptxas info    : Used 255 registers, 816 bytes cmem[0]
ptxas info    : Compiling entry function '_ZN15minitrain_flash16flash_fwd_kernelI23Flash_fwd_kernel_traitsILi64ELi128ELi64ELi4ELb0ELb0EN7cutlass10bfloat16_tE19Flash_kernel_traitsILi64ELi128ELi64ELi4ES3_EELb1ELb0ELb0ELb0ELb0ELb0ELb0ELb1EEEvNS_16Flash_fwd_paramsE' for 'sm_89'
ptxas info    : Function properties for _ZN15minitrain_flash16flash_fwd_kernelI23Flash_fwd_kernel_traitsILi64ELi128ELi64ELi4ELb0ELb0EN7cutlass10bfloat16_tE19Flash_kernel_traitsILi64ELi128ELi64ELi4ES3_EELb1ELb0ELb0ELb0ELb0ELb0ELb0ELb1EEEvNS_16Flash_fwd_paramsE
    168 bytes stack frame, 126 bytes spill stores, 142 bytes spill loads
ptxas info    : Used 255 registers, 816 bytes cmem[0]
[5/10] /usr/local/cuda/bin/nvcc --generate-dependencies-with-compile --dependency-output flash_fwd_hdim64_bf16_causal_sm80.cuda.o.d -DTORCH_EXTENSION_NAME=minitrain_cuda_flash_8d01e50dc6dc -DTORCH_API_INCLUDE_EXTENSION_H -DPYBIND11_COMPILER_TYPE=\"_gcc\" -DPYBIND11_STDLIB=\"_libstdcpp\" -DPYBIND11_BUILD_ABI=\"_cxxabi1011\" -I/home/ubuntu/mini-train-sys/minitrain/kernels/cuda_ext/csrc -I/home/ubuntu/mini-train-sys/minitrain/kernels/cuda_ext/csrc/third_party/flash_attn/src -I/home/ubuntu/mini-train-sys/minitrain/kernels/cuda_ext/csrc/third_party/cutlass/include -isystem /home/ubuntu/mini-train-sys/.venv/lib/python3.10/site-packages/torch/include -isystem /home/ubuntu/mini-train-sys/.venv/lib/python3.10/site-packages/torch/include/torch/csrc/api/include -isystem /home/ubuntu/mini-train-sys/.venv/lib/python3.10/site-packages/torch/include/TH -isystem /home/ubuntu/mini-train-sys/.venv/lib/python3.10/site-packages/torch/include/THC -isystem /usr/local/cuda/include -isystem /usr/include/python3.10 -D_GLIBCXX_USE_CXX11_ABI=0 -D__CUDA_NO_HALF_OPERATORS__ -D__CUDA_NO_HALF_CONVERSIONS__ -D__CUDA_NO_BFLOAT16_CONVERSIONS__ -D__CUDA_NO_HALF2_OPERATORS__ --expt-relaxed-constexpr -gencode=arch=compute_89,code=compute_89 -gencode=arch=compute_89,code=sm_89 --compiler-options '-fPIC' -O3 -std=c++17 --use_fast_math --expt-relaxed-constexpr --expt-extended-lambda -U__CUDA_NO_HALF_OPERATORS__ -U__CUDA_NO_HALF_CONVERSIONS__ -U__CUDA_NO_HALF2_OPERATORS__ -U__CUDA_NO_BFLOAT16_CONVERSIONS__ --ptxas-options=-v -DFLASH_NAMESPACE=minitrain_flash -DFLASHATTENTION_DISABLE_ALIBI -DFLASHATTENTION_DISABLE_LOCAL -DFLASHATTENTION_DISABLE_SOFTCAP -DMINITRAIN_FLASH_HDIM_64 -DMINITRAIN_FLASH_ENABLE_FP16 -DMINITRAIN_FLASH_ENABLE_BF16 -c /home/ubuntu/mini-train-sys/minitrain/kernels/cuda_ext/csrc/instantiations/flash_fwd_hdim64_bf16_causal_sm80.cu -o flash_fwd_hdim64_bf16_causal_sm80.cuda.o 
ptxas info    : 509 bytes gmem
ptxas info    : Compiling entry function '_ZN15minitrain_flash16flash_fwd_kernelI23Flash_fwd_kernel_traitsILi64ELi128ELi128ELi4ELb0ELb0EN7cutlass10bfloat16_tE19Flash_kernel_traitsILi64ELi128ELi128ELi4ES3_EELb0ELb1ELb0ELb0ELb0ELb1ELb0ELb0EEEvNS_16Flash_fwd_paramsE' for 'sm_89'
ptxas info    : Function properties for _ZN15minitrain_flash16flash_fwd_kernelI23Flash_fwd_kernel_traitsILi64ELi128ELi128ELi4ELb0ELb0EN7cutlass10bfloat16_tE19Flash_kernel_traitsILi64ELi128ELi128ELi4ES3_EELb0ELb1ELb0ELb0ELb0ELb1ELb0ELb0EEEvNS_16Flash_fwd_paramsE
    168 bytes stack frame, 200 bytes spill stores, 272 bytes spill loads
ptxas info    : Used 255 registers, 816 bytes cmem[0]
ptxas info    : Compiling entry function '_ZN15minitrain_flash16flash_fwd_kernelI23Flash_fwd_kernel_traitsILi64ELi128ELi128ELi4ELb0ELb0EN7cutlass10bfloat16_tE19Flash_kernel_traitsILi64ELi128ELi128ELi4ES3_EELb0ELb1ELb0ELb0ELb1ELb1ELb0ELb0EEEvNS_16Flash_fwd_paramsE' for 'sm_89'
ptxas info    : Function properties for _ZN15minitrain_flash16flash_fwd_kernelI23Flash_fwd_kernel_traitsILi64ELi128ELi128ELi4ELb0ELb0EN7cutlass10bfloat16_tE19Flash_kernel_traitsILi64ELi128ELi128ELi4ES3_EELb0ELb1ELb0ELb0ELb1ELb1ELb0ELb0EEEvNS_16Flash_fwd_paramsE
    176 bytes stack frame, 188 bytes spill stores, 196 bytes spill loads
ptxas info    : Used 255 registers, 816 bytes cmem[0]
ptxas info    : Compiling entry function '_ZN15minitrain_flash16flash_fwd_kernelI23Flash_fwd_kernel_traitsILi64ELi128ELi128ELi4ELb0ELb0EN7cutlass10bfloat16_tE19Flash_kernel_traitsILi64ELi128ELi128ELi4ES3_EELb0ELb1ELb0ELb0ELb0ELb0ELb0ELb0EEEvNS_16Flash_fwd_paramsE' for 'sm_89'
ptxas info    : Function properties for _ZN15minitrain_flash16flash_fwd_kernelI23Flash_fwd_kernel_traitsILi64ELi128ELi128ELi4ELb0ELb0EN7cutlass10bfloat16_tE19Flash_kernel_traitsILi64ELi128ELi128ELi4ES3_EELb0ELb1ELb0ELb0ELb0ELb0ELb0ELb0EEEvNS_16Flash_fwd_paramsE
    144 bytes stack frame, 156 bytes spill stores, 228 bytes spill loads
ptxas info    : Used 255 registers, 816 bytes cmem[0]
ptxas info    : Compiling entry function '_ZN15minitrain_flash16flash_fwd_kernelI23Flash_fwd_kernel_traitsILi64ELi128ELi64ELi4ELb0ELb0EN7cutlass10bfloat16_tE19Flash_kernel_traitsILi64ELi128ELi64ELi4ES3_EELb1ELb1ELb0ELb0ELb0ELb1ELb0ELb0EEEvNS_16Flash_fwd_paramsE' for 'sm_89'
ptxas info    : Function properties for _ZN15minitrain_flash16flash_fwd_kernelI23Flash_fwd_kernel_traitsILi64ELi128ELi64ELi4ELb0ELb0EN7cutlass10bfloat16_tE19Flash_kernel_traitsILi64ELi128ELi64ELi4ES3_EELb1ELb1ELb0ELb0ELb0ELb1ELb0ELb0EEEvNS_16Flash_fwd_paramsE
    0 bytes stack frame, 0 bytes spill stores, 0 bytes spill loads
ptxas info    : Used 255 registers, 816 bytes cmem[0]
ptxas info    : Compiling entry function '_ZN15minitrain_flash16flash_fwd_kernelI23Flash_fwd_kernel_traitsILi64ELi128ELi64ELi4ELb0ELb0EN7cutlass10bfloat16_tE19Flash_kernel_traitsILi64ELi128ELi64ELi4ES3_EELb1ELb1ELb0ELb0ELb0ELb0ELb0ELb0EEEvNS_16Flash_fwd_paramsE' for 'sm_89'
ptxas info    : Function properties for _ZN15minitrain_flash16flash_fwd_kernelI23Flash_fwd_kernel_traitsILi64ELi128ELi64ELi4ELb0ELb0EN7cutlass10bfloat16_tE19Flash_kernel_traitsILi64ELi128ELi64ELi4ES3_EELb1ELb1ELb0ELb0ELb0ELb0ELb0ELb0EEEvNS_16Flash_fwd_paramsE
    0 bytes stack frame, 0 bytes spill stores, 0 bytes spill loads
ptxas info    : Used 254 registers, 816 bytes cmem[0]
ptxas info    : Compiling entry function '_ZN15minitrain_flash16flash_fwd_kernelI23Flash_fwd_kernel_traitsILi64ELi128ELi64ELi4ELb0ELb0EN7cutlass10bfloat16_tE19Flash_kernel_traitsILi64ELi128ELi64ELi4ES3_EELb1ELb1ELb0ELb0ELb1ELb1ELb0ELb0EEEvNS_16Flash_fwd_paramsE' for 'sm_89'
ptxas info    : Function properties for _ZN15minitrain_flash16flash_fwd_kernelI23Flash_fwd_kernel_traitsILi64ELi128ELi64ELi4ELb0ELb0EN7cutlass10bfloat16_tE19Flash_kernel_traitsILi64ELi128ELi64ELi4ES3_EELb1ELb1ELb0ELb0ELb1ELb1ELb0ELb0EEEvNS_16Flash_fwd_paramsE
    0 bytes stack frame, 0 bytes spill stores, 0 bytes spill loads
ptxas info    : Used 255 registers, 816 bytes cmem[0]
ptxas info    : Compiling entry function '_ZN15minitrain_flash16flash_fwd_kernelI23Flash_fwd_kernel_traitsILi64ELi128ELi64ELi4ELb0ELb0EN7cutlass10bfloat16_tE19Flash_kernel_traitsILi64ELi128ELi64ELi4ES3_EELb1ELb1ELb0ELb0ELb0ELb0ELb0ELb1EEEvNS_16Flash_fwd_paramsE' for 'sm_89'
ptxas info    : Function properties for _ZN15minitrain_flash16flash_fwd_kernelI23Flash_fwd_kernel_traitsILi64ELi128ELi64ELi4ELb0ELb0EN7cutlass10bfloat16_tE19Flash_kernel_traitsILi64ELi128ELi64ELi4ES3_EELb1ELb1ELb0ELb0ELb0ELb0ELb0ELb1EEEvNS_16Flash_fwd_paramsE
    224 bytes stack frame, 206 bytes spill stores, 344 bytes spill loads
ptxas info    : Used 255 registers, 816 bytes cmem[0]
[6/10] /usr/local/cuda/bin/nvcc --generate-dependencies-with-compile --dependency-output flash_bwd_hdim64_fp16_sm80.cuda.o.d -DTORCH_EXTENSION_NAME=minitrain_cuda_flash_8d01e50dc6dc -DTORCH_API_INCLUDE_EXTENSION_H -DPYBIND11_COMPILER_TYPE=\"_gcc\" -DPYBIND11_STDLIB=\"_libstdcpp\" -DPYBIND11_BUILD_ABI=\"_cxxabi1011\" -I/home/ubuntu/mini-train-sys/minitrain/kernels/cuda_ext/csrc -I/home/ubuntu/mini-train-sys/minitrain/kernels/cuda_ext/csrc/third_party/flash_attn/src -I/home/ubuntu/mini-train-sys/minitrain/kernels/cuda_ext/csrc/third_party/cutlass/include -isystem /home/ubuntu/mini-train-sys/.venv/lib/python3.10/site-packages/torch/include -isystem /home/ubuntu/mini-train-sys/.venv/lib/python3.10/site-packages/torch/include/torch/csrc/api/include -isystem /home/ubuntu/mini-train-sys/.venv/lib/python3.10/site-packages/torch/include/TH -isystem /home/ubuntu/mini-train-sys/.venv/lib/python3.10/site-packages/torch/include/THC -isystem /usr/local/cuda/include -isystem /usr/include/python3.10 -D_GLIBCXX_USE_CXX11_ABI=0 -D__CUDA_NO_HALF_OPERATORS__ -D__CUDA_NO_HALF_CONVERSIONS__ -D__CUDA_NO_BFLOAT16_CONVERSIONS__ -D__CUDA_NO_HALF2_OPERATORS__ --expt-relaxed-constexpr -gencode=arch=compute_89,code=compute_89 -gencode=arch=compute_89,code=sm_89 --compiler-options '-fPIC' -O3 -std=c++17 --use_fast_math --expt-relaxed-constexpr --expt-extended-lambda -U__CUDA_NO_HALF_OPERATORS__ -U__CUDA_NO_HALF_CONVERSIONS__ -U__CUDA_NO_HALF2_OPERATORS__ -U__CUDA_NO_BFLOAT16_CONVERSIONS__ --ptxas-options=-v -DFLASH_NAMESPACE=minitrain_flash -DFLASHATTENTION_DISABLE_ALIBI -DFLASHATTENTION_DISABLE_LOCAL -DFLASHATTENTION_DISABLE_SOFTCAP -DMINITRAIN_FLASH_HDIM_64 -DMINITRAIN_FLASH_ENABLE_FP16 -DMINITRAIN_FLASH_ENABLE_BF16 -c /home/ubuntu/mini-train-sys/minitrain/kernels/cuda_ext/csrc/instantiations/flash_bwd_hdim64_fp16_sm80.cu -o flash_bwd_hdim64_fp16_sm80.cuda.o 
ptxas info    : 499 bytes gmem
ptxas info    : Compiling entry function '_ZN15minitrain_flash44flash_bwd_dq_dk_dv_loop_seqk_parallel_kernelI23Flash_bwd_kernel_traitsILi64ELi64ELi128ELi8ELi2ELi4ELi4ELb1ELb0EN7cutlass6half_tE19Flash_kernel_traitsILi64ELi64ELi128ELi8ES3_EELb0ELb0ELb0ELb0ELb0ELb1ELb0EEEvNS_16Flash_bwd_paramsE' for 'sm_89'
ptxas info    : Function properties for _ZN15minitrain_flash44flash_bwd_dq_dk_dv_loop_seqk_parallel_kernelI23Flash_bwd_kernel_traitsILi64ELi64ELi128ELi8ELi2ELi4ELi4ELb1ELb0EN7cutlass6half_tE19Flash_kernel_traitsILi64ELi64ELi128ELi8ES3_EELb0ELb0ELb0ELb0ELb0ELb1ELb0EEEvNS_16Flash_bwd_paramsE
    0 bytes stack frame, 0 bytes spill stores, 0 bytes spill loads
ptxas info    : Used 251 registers, 992 bytes cmem[0]
ptxas info    : Compiling entry function '_ZN15minitrain_flash44flash_bwd_dq_dk_dv_loop_seqk_parallel_kernelI23Flash_bwd_kernel_traitsILi64ELi64ELi128ELi8ELi2ELi4ELi4ELb1ELb0EN7cutlass6half_tE19Flash_kernel_traitsILi64ELi64ELi128ELi8ES3_EELb0ELb0ELb0ELb0ELb0ELb0ELb0EEEvNS_16Flash_bwd_paramsE' for 'sm_89'
ptxas info    : Function properties for _ZN15minitrain_flash44flash_bwd_dq_dk_dv_loop_seqk_parallel_kernelI23Flash_bwd_kernel_traitsILi64ELi64ELi128ELi8ELi2ELi4ELi4ELb1ELb0EN7cutlass6half_tE19Flash_kernel_traitsILi64ELi64ELi128ELi8ES3_EELb0ELb0ELb0ELb0ELb0ELb0ELb0EEEvNS_16Flash_bwd_paramsE
    0 bytes stack frame, 0 bytes spill stores, 0 bytes spill loads
ptxas info    : Used 252 registers, 992 bytes cmem[0]
ptxas info    : Compiling entry function '_ZN15minitrain_flash44flash_bwd_dq_dk_dv_loop_seqk_parallel_kernelI23Flash_bwd_kernel_traitsILi64ELi64ELi128ELi8ELi2ELi4ELi4ELb1ELb0EN7cutlass6half_tE19Flash_kernel_traitsILi64ELi64ELi128ELi8ES3_EELb0ELb0ELb0ELb0ELb1ELb1ELb0EEEvNS_16Flash_bwd_paramsE' for 'sm_89'
ptxas info    : Function properties for _ZN15minitrain_flash44flash_bwd_dq_dk_dv_loop_seqk_parallel_kernelI23Flash_bwd_kernel_traitsILi64ELi64ELi128ELi8ELi2ELi4ELi4ELb1ELb0EN7cutlass6half_tE19Flash_kernel_traitsILi64ELi64ELi128ELi8ES3_EELb0ELb0ELb0ELb0ELb1ELb1ELb0EEEvNS_16Flash_bwd_paramsE
    0 bytes stack frame, 0 bytes spill stores, 0 bytes spill loads
ptxas info    : Used 248 registers, 992 bytes cmem[0]
ptxas info    : Compiling entry function '_ZN15minitrain_flash44flash_bwd_dq_dk_dv_loop_seqk_parallel_kernelI23Flash_bwd_kernel_traitsILi64ELi128ELi128ELi8ELi4ELi4ELi4ELb0ELb0EN7cutlass6half_tE19Flash_kernel_traitsILi64ELi128ELi128ELi8ES3_EELb0ELb0ELb0ELb0ELb0ELb1ELb0EEEvNS_16Flash_bwd_paramsE' for 'sm_89'
ptxas info    : Function properties for _ZN15minitrain_flash44flash_bwd_dq_dk_dv_loop_seqk_parallel_kernelI23Flash_bwd_kernel_traitsILi64ELi128ELi128ELi8ELi4ELi4ELi4ELb0ELb0EN7cutlass6half_tE19Flash_kernel_traitsILi64ELi128ELi128ELi8ES3_EELb0ELb0ELb0ELb0ELb0ELb1ELb0EEEvNS_16Flash_bwd_paramsE
    328 bytes stack frame, 324 bytes spill stores, 332 bytes spill loads
ptxas info    : Used 255 registers, 992 bytes cmem[0]
ptxas info    : Compiling entry function '_ZN15minitrain_flash44flash_bwd_dq_dk_dv_loop_seqk_parallel_kernelI23Flash_bwd_kernel_traitsILi64ELi128ELi128ELi8ELi4ELi4ELi4ELb0ELb0EN7cutlass6half_tE19Flash_kernel_traitsILi64ELi128ELi128ELi8ES3_EELb0ELb0ELb0ELb0ELb0ELb0ELb0EEEvNS_16Flash_bwd_paramsE' for 'sm_89'
ptxas info    : Function properties for _ZN15minitrain_flash44flash_bwd_dq_dk_dv_loop_seqk_parallel_kernelI23Flash_bwd_kernel_traitsILi64ELi128ELi128ELi8ELi4ELi4ELi4ELb0ELb0EN7cutlass6half_tE19Flash_kernel_traitsILi64ELi128ELi128ELi8ES3_EELb0ELb0ELb0ELb0ELb0ELb0ELb0EEEvNS_16Flash_bwd_paramsE
    352 bytes stack frame, 348 bytes spill stores, 356 bytes spill loads
ptxas info    : Used 255 registers, 992 bytes cmem[0]
ptxas info    : Compiling entry function '_ZN15minitrain_flash44flash_bwd_dq_dk_dv_loop_seqk_parallel_kernelI23Flash_bwd_kernel_traitsILi64ELi128ELi128ELi8ELi4ELi4ELi4ELb0ELb0EN7cutlass6half_tE19Flash_kernel_traitsILi64ELi128ELi128ELi8ES3_EELb0ELb0ELb0ELb0ELb1ELb1ELb0EEEvNS_16Flash_bwd_paramsE' for 'sm_89'
ptxas info    : Function properties for _ZN15minitrain_flash44flash_bwd_dq_dk_dv_loop_seqk_parallel_kernelI23Flash_bwd_kernel_traitsILi64ELi128ELi128ELi8ELi4ELi4ELi4ELb0ELb0EN7cutlass6half_tE19Flash_kernel_traitsILi64ELi128ELi128ELi8ES3_EELb0ELb0ELb0ELb0ELb1ELb1ELb0EEEvNS_16Flash_bwd_paramsE
    64 bytes stack frame, 64 bytes spill stores, 72 bytes spill loads
ptxas info    : Used 255 registers, 992 bytes cmem[0]
ptxas info    : Compiling entry function '_ZN15minitrain_flash27flash_bwd_convert_dq_kernelI23Flash_bwd_kernel_traitsILi64ELi64ELi128ELi8ELi2ELi4ELi4ELb1ELb0EN7cutlass6half_tE19Flash_kernel_traitsILi64ELi64ELi128ELi8ES3_EEEEvNS_16Flash_bwd_paramsEi' for 'sm_89'
ptxas info    : Function properties for _ZN15minitrain_flash27flash_bwd_convert_dq_kernelI23Flash_bwd_kernel_traitsILi64ELi64ELi128ELi8ELi2ELi4ELi4ELb1ELb0EN7cutlass6half_tE19Flash_kernel_traitsILi64ELi64ELi128ELi8ES3_EEEEvNS_16Flash_bwd_paramsEi
    0 bytes stack frame, 0 bytes spill stores, 0 bytes spill loads
ptxas info    : Used 40 registers, 996 bytes cmem[0]
ptxas info    : Compiling entry function '_ZN15minitrain_flash44flash_bwd_dq_dk_dv_loop_seqk_parallel_kernelI23Flash_bwd_kernel_traitsILi64ELi64ELi128ELi8ELi2ELi4ELi4ELb1ELb0EN7cutlass6half_tE19Flash_kernel_traitsILi64ELi64ELi128ELi8ES3_EELb1ELb0ELb0ELb0ELb0ELb1ELb0EEEvNS_16Flash_bwd_paramsE' for 'sm_89'
ptxas info    : Function properties for _ZN15minitrain_flash44flash_bwd_dq_dk_dv_loop_seqk_parallel_kernelI23Flash_bwd_kernel_traitsILi64ELi64ELi128ELi8ELi2ELi4ELi4ELb1ELb0EN7cutlass6half_tE19Flash_kernel_traitsILi64ELi64ELi128ELi8ES3_EELb1ELb0ELb0ELb0ELb0ELb1ELb0EEEvNS_16Flash_bwd_paramsE
    0 bytes stack frame, 0 bytes spill stores, 0 bytes spill loads
ptxas info    : Used 252 registers, 992 bytes cmem[0]
ptxas info    : Compiling entry function '_ZN15minitrain_flash44flash_bwd_dq_dk_dv_loop_seqk_parallel_kernelI23Flash_bwd_kernel_traitsILi64ELi64ELi128ELi8ELi2ELi4ELi4ELb1ELb0EN7cutlass6half_tE19Flash_kernel_traitsILi64ELi64ELi128ELi8ES3_EELb1ELb0ELb0ELb0ELb0ELb0ELb0EEEvNS_16Flash_bwd_paramsE' for 'sm_89'
ptxas info    : Function properties for _ZN15minitrain_flash44flash_bwd_dq_dk_dv_loop_seqk_parallel_kernelI23Flash_bwd_kernel_traitsILi64ELi64ELi128ELi8ELi2ELi4ELi4ELb1ELb0EN7cutlass6half_tE19Flash_kernel_traitsILi64ELi64ELi128ELi8ES3_EELb1ELb0ELb0ELb0ELb0ELb0ELb0EEEvNS_16Flash_bwd_paramsE
    0 bytes stack frame, 0 bytes spill stores, 0 bytes spill loads
ptxas info    : Used 252 registers, 992 bytes cmem[0]
ptxas info    : Compiling entry function '_ZN15minitrain_flash44flash_bwd_dq_dk_dv_loop_seqk_parallel_kernelI23Flash_bwd_kernel_traitsILi64ELi64ELi128ELi8ELi2ELi4ELi4ELb1ELb0EN7cutlass6half_tE19Flash_kernel_traitsILi64ELi64ELi128ELi8ES3_EELb1ELb0ELb0ELb0ELb1ELb1ELb0EEEvNS_16Flash_bwd_paramsE' for 'sm_89'
ptxas info    : Function properties for _ZN15minitrain_flash44flash_bwd_dq_dk_dv_loop_seqk_parallel_kernelI23Flash_bwd_kernel_traitsILi64ELi64ELi128ELi8ELi2ELi4ELi4ELb1ELb0EN7cutlass6half_tE19Flash_kernel_traitsILi64ELi64ELi128ELi8ES3_EELb1ELb0ELb0ELb0ELb1ELb1ELb0EEEvNS_16Flash_bwd_paramsE
    0 bytes stack frame, 0 bytes spill stores, 0 bytes spill loads
ptxas info    : Used 250 registers, 992 bytes cmem[0]
ptxas info    : Compiling entry function '_ZN15minitrain_flash25flash_bwd_dot_do_o_kernelILb0E23Flash_bwd_kernel_traitsILi64ELi64ELi128ELi8ELi2ELi4ELi4ELb1ELb0EN7cutlass6half_tE19Flash_kernel_traitsILi64ELi64ELi128ELi8ES3_EEEEvNS_16Flash_bwd_paramsE' for 'sm_89'
ptxas info    : Function properties for _ZN15minitrain_flash25flash_bwd_dot_do_o_kernelILb0E23Flash_bwd_kernel_traitsILi64ELi64ELi128ELi8ELi2ELi4ELi4ELb1ELb0EN7cutlass6half_tE19Flash_kernel_traitsILi64ELi64ELi128ELi8ES3_EEEEvNS_16Flash_bwd_paramsE
    0 bytes stack frame, 0 bytes spill stores, 0 bytes spill loads
ptxas info    : Used 34 registers, 992 bytes cmem[0]
ptxas info    : Compiling entry function '_ZN15minitrain_flash25flash_bwd_dot_do_o_kernelILb1E23Flash_bwd_kernel_traitsILi64ELi64ELi128ELi8ELi2ELi4ELi4ELb1ELb0EN7cutlass6half_tE19Flash_kernel_traitsILi64ELi64ELi128ELi8ES3_EEEEvNS_16Flash_bwd_paramsE' for 'sm_89'
ptxas info    : Function properties for _ZN15minitrain_flash25flash_bwd_dot_do_o_kernelILb1E23Flash_bwd_kernel_traitsILi64ELi64ELi128ELi8ELi2ELi4ELi4ELb1ELb0EN7cutlass6half_tE19Flash_kernel_traitsILi64ELi64ELi128ELi8ES3_EEEEvNS_16Flash_bwd_paramsE
    0 bytes stack frame, 0 bytes spill stores, 0 bytes spill loads
ptxas info    : Used 40 registers, 992 bytes cmem[0]
ptxas info    : Compiling entry function '_ZN15minitrain_flash27flash_bwd_convert_dq_kernelI23Flash_bwd_kernel_traitsILi64ELi128ELi128ELi8ELi4ELi4ELi4ELb0ELb0EN7cutlass6half_tE19Flash_kernel_traitsILi64ELi128ELi128ELi8ES3_EEEEvNS_16Flash_bwd_paramsEi' for 'sm_89'
ptxas info    : Function properties for _ZN15minitrain_flash27flash_bwd_convert_dq_kernelI23Flash_bwd_kernel_traitsILi64ELi128ELi128ELi8ELi4ELi4ELi4ELb0ELb0EN7cutlass6half_tE19Flash_kernel_traitsILi64ELi128ELi128ELi8ES3_EEEEvNS_16Flash_bwd_paramsEi
    0 bytes stack frame, 0 bytes spill stores, 0 bytes spill loads
ptxas info    : Used 56 registers, 996 bytes cmem[0]
ptxas info    : Compiling entry function '_ZN15minitrain_flash44flash_bwd_dq_dk_dv_loop_seqk_parallel_kernelI23Flash_bwd_kernel_traitsILi64ELi128ELi128ELi8ELi4ELi4ELi4ELb0ELb0EN7cutlass6half_tE19Flash_kernel_traitsILi64ELi128ELi128ELi8ES3_EELb1ELb0ELb0ELb0ELb0ELb1ELb0EEEvNS_16Flash_bwd_paramsE' for 'sm_89'
ptxas info    : Function properties for _ZN15minitrain_flash44flash_bwd_dq_dk_dv_loop_seqk_parallel_kernelI23Flash_bwd_kernel_traitsILi64ELi128ELi128ELi8ELi4ELi4ELi4ELb0ELb0EN7cutlass6half_tE19Flash_kernel_traitsILi64ELi128ELi128ELi8ES3_EELb1ELb0ELb0ELb0ELb0ELb1ELb0EEEvNS_16Flash_bwd_paramsE
    320 bytes stack frame, 312 bytes spill stores, 324 bytes spill loads
ptxas info    : Used 255 registers, 992 bytes cmem[0]
ptxas info    : Compiling entry function '_ZN15minitrain_flash44flash_bwd_dq_dk_dv_loop_seqk_parallel_kernelI23Flash_bwd_kernel_traitsILi64ELi128ELi128ELi8ELi4ELi4ELi4ELb0ELb0EN7cutlass6half_tE19Flash_kernel_traitsILi64ELi128ELi128ELi8ES3_EELb1ELb0ELb0ELb0ELb0ELb0ELb0EEEvNS_16Flash_bwd_paramsE' for 'sm_89'
ptxas info    : Function properties for _ZN15minitrain_flash44flash_bwd_dq_dk_dv_loop_seqk_parallel_kernelI23Flash_bwd_kernel_traitsILi64ELi128ELi128ELi8ELi4ELi4ELi4ELb0ELb0EN7cutlass6half_tE19Flash_kernel_traitsILi64ELi128ELi128ELi8ES3_EELb1ELb0ELb0ELb0ELb0ELb0ELb0EEEvNS_16Flash_bwd_paramsE
    352 bytes stack frame, 348 bytes spill stores, 360 bytes spill loads
ptxas info    : Used 255 registers, 992 bytes cmem[0]
ptxas info    : Compiling entry function '_ZN15minitrain_flash44flash_bwd_dq_dk_dv_loop_seqk_parallel_kernelI23Flash_bwd_kernel_traitsILi64ELi128ELi128ELi8ELi4ELi4ELi4ELb0ELb0EN7cutlass6half_tE19Flash_kernel_traitsILi64ELi128ELi128ELi8ES3_EELb1ELb0ELb0ELb0ELb1ELb1ELb0EEEvNS_16Flash_bwd_paramsE' for 'sm_89'
ptxas info    : Function properties for _ZN15minitrain_flash44flash_bwd_dq_dk_dv_loop_seqk_parallel_kernelI23Flash_bwd_kernel_traitsILi64ELi128ELi128ELi8ELi4ELi4ELi4ELb0ELb0EN7cutlass6half_tE19Flash_kernel_traitsILi64ELi128ELi128ELi8ES3_EELb1ELb0ELb0ELb0ELb1ELb1ELb0EEEvNS_16Flash_bwd_paramsE
    88 bytes stack frame, 84 bytes spill stores, 96 bytes spill loads
ptxas info    : Used 255 registers, 992 bytes cmem[0]
ptxas info    : Compiling entry function '_ZN15minitrain_flash25flash_bwd_dot_do_o_kernelILb0E23Flash_bwd_kernel_traitsILi64ELi128ELi128ELi8ELi4ELi4ELi4ELb0ELb0EN7cutlass6half_tE19Flash_kernel_traitsILi64ELi128ELi128ELi8ES3_EEEEvNS_16Flash_bwd_paramsE' for 'sm_89'
ptxas info    : Function properties for _ZN15minitrain_flash25flash_bwd_dot_do_o_kernelILb0E23Flash_bwd_kernel_traitsILi64ELi128ELi128ELi8ELi4ELi4ELi4ELb0ELb0EN7cutlass6half_tE19Flash_kernel_traitsILi64ELi128ELi128ELi8ES3_EEEEvNS_16Flash_bwd_paramsE
    0 bytes stack frame, 0 bytes spill stores, 0 bytes spill loads
ptxas info    : Used 40 registers, 992 bytes cmem[0]
ptxas info    : Compiling entry function '_ZN15minitrain_flash25flash_bwd_dot_do_o_kernelILb1E23Flash_bwd_kernel_traitsILi64ELi128ELi128ELi8ELi4ELi4ELi4ELb0ELb0EN7cutlass6half_tE19Flash_kernel_traitsILi64ELi128ELi128ELi8ES3_EEEEvNS_16Flash_bwd_paramsE' for 'sm_89'
ptxas info    : Function properties for _ZN15minitrain_flash25flash_bwd_dot_do_o_kernelILb1E23Flash_bwd_kernel_traitsILi64ELi128ELi128ELi8ELi4ELi4ELi4ELb0ELb0EN7cutlass6half_tE19Flash_kernel_traitsILi64ELi128ELi128ELi8ES3_EEEEvNS_16Flash_bwd_paramsE
    0 bytes stack frame, 0 bytes spill stores, 0 bytes spill loads
ptxas info    : Used 40 registers, 992 bytes cmem[0]
[7/10] /usr/local/cuda/bin/nvcc --generate-dependencies-with-compile --dependency-output flash_bwd_hdim64_fp16_causal_sm80.cuda.o.d -DTORCH_EXTENSION_NAME=minitrain_cuda_flash_8d01e50dc6dc -DTORCH_API_INCLUDE_EXTENSION_H -DPYBIND11_COMPILER_TYPE=\"_gcc\" -DPYBIND11_STDLIB=\"_libstdcpp\" -DPYBIND11_BUILD_ABI=\"_cxxabi1011\" -I/home/ubuntu/mini-train-sys/minitrain/kernels/cuda_ext/csrc -I/home/ubuntu/mini-train-sys/minitrain/kernels/cuda_ext/csrc/third_party/flash_attn/src -I/home/ubuntu/mini-train-sys/minitrain/kernels/cuda_ext/csrc/third_party/cutlass/include -isystem /home/ubuntu/mini-train-sys/.venv/lib/python3.10/site-packages/torch/include -isystem /home/ubuntu/mini-train-sys/.venv/lib/python3.10/site-packages/torch/include/torch/csrc/api/include -isystem /home/ubuntu/mini-train-sys/.venv/lib/python3.10/site-packages/torch/include/TH -isystem /home/ubuntu/mini-train-sys/.venv/lib/python3.10/site-packages/torch/include/THC -isystem /usr/local/cuda/include -isystem /usr/include/python3.10 -D_GLIBCXX_USE_CXX11_ABI=0 -D__CUDA_NO_HALF_OPERATORS__ -D__CUDA_NO_HALF_CONVERSIONS__ -D__CUDA_NO_BFLOAT16_CONVERSIONS__ -D__CUDA_NO_HALF2_OPERATORS__ --expt-relaxed-constexpr -gencode=arch=compute_89,code=compute_89 -gencode=arch=compute_89,code=sm_89 --compiler-options '-fPIC' -O3 -std=c++17 --use_fast_math --expt-relaxed-constexpr --expt-extended-lambda -U__CUDA_NO_HALF_OPERATORS__ -U__CUDA_NO_HALF_CONVERSIONS__ -U__CUDA_NO_HALF2_OPERATORS__ -U__CUDA_NO_BFLOAT16_CONVERSIONS__ --ptxas-options=-v -DFLASH_NAMESPACE=minitrain_flash -DFLASHATTENTION_DISABLE_ALIBI -DFLASHATTENTION_DISABLE_LOCAL -DFLASHATTENTION_DISABLE_SOFTCAP -DMINITRAIN_FLASH_HDIM_64 -DMINITRAIN_FLASH_ENABLE_FP16 -DMINITRAIN_FLASH_ENABLE_BF16 -c /home/ubuntu/mini-train-sys/minitrain/kernels/cuda_ext/csrc/instantiations/flash_bwd_hdim64_fp16_causal_sm80.cu -o flash_bwd_hdim64_fp16_causal_sm80.cuda.o 
ptxas info    : 499 bytes gmem
ptxas info    : Compiling entry function '_ZN15minitrain_flash44flash_bwd_dq_dk_dv_loop_seqk_parallel_kernelI23Flash_bwd_kernel_traitsILi64ELi64ELi128ELi8ELi2ELi4ELi4ELb1ELb0EN7cutlass6half_tE19Flash_kernel_traitsILi64ELi64ELi128ELi8ES3_EELb0ELb1ELb0ELb0ELb0ELb1ELb0EEEvNS_16Flash_bwd_paramsE' for 'sm_89'
ptxas info    : Function properties for _ZN15minitrain_flash44flash_bwd_dq_dk_dv_loop_seqk_parallel_kernelI23Flash_bwd_kernel_traitsILi64ELi64ELi128ELi8ELi2ELi4ELi4ELb1ELb0EN7cutlass6half_tE19Flash_kernel_traitsILi64ELi64ELi128ELi8ES3_EELb0ELb1ELb0ELb0ELb0ELb1ELb0EEEvNS_16Flash_bwd_paramsE
    8 bytes stack frame, 4 bytes spill stores, 4 bytes spill loads
ptxas info    : Used 255 registers, 992 bytes cmem[0]
ptxas info    : Compiling entry function '_ZN15minitrain_flash44flash_bwd_dq_dk_dv_loop_seqk_parallel_kernelI23Flash_bwd_kernel_traitsILi64ELi64ELi128ELi8ELi2ELi4ELi4ELb1ELb0EN7cutlass6half_tE19Flash_kernel_traitsILi64ELi64ELi128ELi8ES3_EELb0ELb1ELb0ELb0ELb0ELb0ELb0EEEvNS_16Flash_bwd_paramsE' for 'sm_89'
ptxas info    : Function properties for _ZN15minitrain_flash44flash_bwd_dq_dk_dv_loop_seqk_parallel_kernelI23Flash_bwd_kernel_traitsILi64ELi64ELi128ELi8ELi2ELi4ELi4ELb1ELb0EN7cutlass6half_tE19Flash_kernel_traitsILi64ELi64ELi128ELi8ES3_EELb0ELb1ELb0ELb0ELb0ELb0ELb0EEEvNS_16Flash_bwd_paramsE
    8 bytes stack frame, 4 bytes spill stores, 4 bytes spill loads
ptxas info    : Used 255 registers, 992 bytes cmem[0]
ptxas info    : Compiling entry function '_ZN15minitrain_flash44flash_bwd_dq_dk_dv_loop_seqk_parallel_kernelI23Flash_bwd_kernel_traitsILi64ELi64ELi128ELi8ELi2ELi4ELi4ELb1ELb0EN7cutlass6half_tE19Flash_kernel_traitsILi64ELi64ELi128ELi8ES3_EELb0ELb1ELb0ELb0ELb1ELb1ELb0EEEvNS_16Flash_bwd_paramsE' for 'sm_89'
ptxas info    : Function properties for _ZN15minitrain_flash44flash_bwd_dq_dk_dv_loop_seqk_parallel_kernelI23Flash_bwd_kernel_traitsILi64ELi64ELi128ELi8ELi2ELi4ELi4ELb1ELb0EN7cutlass6half_tE19Flash_kernel_traitsILi64ELi64ELi128ELi8ES3_EELb0ELb1ELb0ELb0ELb1ELb1ELb0EEEvNS_16Flash_bwd_paramsE
    0 bytes stack frame, 0 bytes spill stores, 0 bytes spill loads
ptxas info    : Used 250 registers, 992 bytes cmem[0]
ptxas info    : Compiling entry function '_ZN15minitrain_flash44flash_bwd_dq_dk_dv_loop_seqk_parallel_kernelI23Flash_bwd_kernel_traitsILi64ELi128ELi128ELi8ELi4ELi4ELi4ELb0ELb0EN7cutlass6half_tE19Flash_kernel_traitsILi64ELi128ELi128ELi8ES3_EELb0ELb1ELb0ELb0ELb0ELb1ELb0EEEvNS_16Flash_bwd_paramsE' for 'sm_89'
ptxas info    : Function properties for _ZN15minitrain_flash44flash_bwd_dq_dk_dv_loop_seqk_parallel_kernelI23Flash_bwd_kernel_traitsILi64ELi128ELi128ELi8ELi4ELi4ELi4ELb0ELb0EN7cutlass6half_tE19Flash_kernel_traitsILi64ELi128ELi128ELi8ES3_EELb0ELb1ELb0ELb0ELb0ELb1ELb0EEEvNS_16Flash_bwd_paramsE
    368 bytes stack frame, 364 bytes spill stores, 384 bytes spill loads
ptxas info    : Used 255 registers, 992 bytes cmem[0]
ptxas info    : Compiling entry function '_ZN15minitrain_flash44flash_bwd_dq_dk_dv_loop_seqk_parallel_kernelI23Flash_bwd_kernel_traitsILi64ELi128ELi128ELi8ELi4ELi4ELi4ELb0ELb0EN7cutlass6half_tE19Flash_kernel_traitsILi64ELi128ELi128ELi8ES3_EELb0ELb1ELb0ELb0ELb0ELb0ELb0EEEvNS_16Flash_bwd_paramsE' for 'sm_89'
ptxas info    : Function properties for _ZN15minitrain_flash44flash_bwd_dq_dk_dv_loop_seqk_parallel_kernelI23Flash_bwd_kernel_traitsILi64ELi128ELi128ELi8ELi4ELi4ELi4ELb0ELb0EN7cutlass6half_tE19Flash_kernel_traitsILi64ELi128ELi128ELi8ES3_EELb0ELb1ELb0ELb0ELb0ELb0ELb0EEEvNS_16Flash_bwd_paramsE
    368 bytes stack frame, 364 bytes spill stores, 368 bytes spill loads
ptxas info    : Used 255 registers, 992 bytes cmem[0]
ptxas info    : Compiling entry function '_ZN15minitrain_flash44flash_bwd_dq_dk_dv_loop_seqk_parallel_kernelI23Flash_bwd_kernel_traitsILi64ELi128ELi128ELi8ELi4ELi4ELi4ELb0ELb0EN7cutlass6half_tE19Flash_kernel_traitsILi64ELi128ELi128ELi8ES3_EELb0ELb1ELb0ELb0ELb1ELb1ELb0EEEvNS_16Flash_bwd_paramsE' for 'sm_89'
ptxas info    : Function properties for _ZN15minitrain_flash44flash_bwd_dq_dk_dv_loop_seqk_parallel_kernelI23Flash_bwd_kernel_traitsILi64ELi128ELi128ELi8ELi4ELi4ELi4ELb0ELb0EN7cutlass6half_tE19Flash_kernel_traitsILi64ELi128ELi128ELi8ES3_EELb0ELb1ELb0ELb0ELb1ELb1ELb0EEEvNS_16Flash_bwd_paramsE
    96 bytes stack frame, 92 bytes spill stores, 100 bytes spill loads
ptxas info    : Used 255 registers, 992 bytes cmem[0]
ptxas info    : Compiling entry function '_ZN15minitrain_flash27flash_bwd_convert_dq_kernelI23Flash_bwd_kernel_traitsILi64ELi64ELi128ELi8ELi2ELi4ELi4ELb1ELb0EN7cutlass6half_tE19Flash_kernel_traitsILi64ELi64ELi128ELi8ES3_EEEEvNS_16Flash_bwd_paramsEi' for 'sm_89'
ptxas info    : Function properties for _ZN15minitrain_flash27flash_bwd_convert_dq_kernelI23Flash_bwd_kernel_traitsILi64ELi64ELi128ELi8ELi2ELi4ELi4ELb1ELb0EN7cutlass6half_tE19Flash_kernel_traitsILi64ELi64ELi128ELi8ES3_EEEEvNS_16Flash_bwd_paramsEi
    0 bytes stack frame, 0 bytes spill stores, 0 bytes spill loads
ptxas info    : Used 40 registers, 996 bytes cmem[0]
ptxas info    : Compiling entry function '_ZN15minitrain_flash44flash_bwd_dq_dk_dv_loop_seqk_parallel_kernelI23Flash_bwd_kernel_traitsILi64ELi64ELi128ELi8ELi2ELi4ELi4ELb1ELb0EN7cutlass6half_tE19Flash_kernel_traitsILi64ELi64ELi128ELi8ES3_EELb1ELb1ELb0ELb0ELb0ELb1ELb0EEEvNS_16Flash_bwd_paramsE' for 'sm_89'
ptxas info    : Function properties for _ZN15minitrain_flash44flash_bwd_dq_dk_dv_loop_seqk_parallel_kernelI23Flash_bwd_kernel_traitsILi64ELi64ELi128ELi8ELi2ELi4ELi4ELb1ELb0EN7cutlass6half_tE19Flash_kernel_traitsILi64ELi64ELi128ELi8ES3_EELb1ELb1ELb0ELb0ELb0ELb1ELb0EEEvNS_16Flash_bwd_paramsE
    0 bytes stack frame, 0 bytes spill stores, 0 bytes spill loads
ptxas info    : Used 255 registers, 992 bytes cmem[0]
ptxas info    : Compiling entry function '_ZN15minitrain_flash44flash_bwd_dq_dk_dv_loop_seqk_parallel_kernelI23Flash_bwd_kernel_traitsILi64ELi64ELi128ELi8ELi2ELi4ELi4ELb1ELb0EN7cutlass6half_tE19Flash_kernel_traitsILi64ELi64ELi128ELi8ES3_EELb1ELb1ELb0ELb0ELb0ELb0ELb0EEEvNS_16Flash_bwd_paramsE' for 'sm_89'
ptxas info    : Function properties for _ZN15minitrain_flash44flash_bwd_dq_dk_dv_loop_seqk_parallel_kernelI23Flash_bwd_kernel_traitsILi64ELi64ELi128ELi8ELi2ELi4ELi4ELb1ELb0EN7cutlass6half_tE19Flash_kernel_traitsILi64ELi64ELi128ELi8ES3_EELb1ELb1ELb0ELb0ELb0ELb0ELb0EEEvNS_16Flash_bwd_paramsE
    0 bytes stack frame, 0 bytes spill stores, 0 bytes spill loads
ptxas info    : Used 254 registers, 992 bytes cmem[0]
ptxas info    : Compiling entry function '_ZN15minitrain_flash44flash_bwd_dq_dk_dv_loop_seqk_parallel_kernelI23Flash_bwd_kernel_traitsILi64ELi64ELi128ELi8ELi2ELi4ELi4ELb1ELb0EN7cutlass6half_tE19Flash_kernel_traitsILi64ELi64ELi128ELi8ES3_EELb1ELb1ELb0ELb0ELb1ELb1ELb0EEEvNS_16Flash_bwd_paramsE' for 'sm_89'
ptxas info    : Function properties for _ZN15minitrain_flash44flash_bwd_dq_dk_dv_loop_seqk_parallel_kernelI23Flash_bwd_kernel_traitsILi64ELi64ELi128ELi8ELi2ELi4ELi4ELb1ELb0EN7cutlass6half_tE19Flash_kernel_traitsILi64ELi64ELi128ELi8ES3_EELb1ELb1ELb0ELb0ELb1ELb1ELb0EEEvNS_16Flash_bwd_paramsE
    0 bytes stack frame, 0 bytes spill stores, 0 bytes spill loads
ptxas info    : Used 252 registers, 992 bytes cmem[0]
ptxas info    : Compiling entry function '_ZN15minitrain_flash25flash_bwd_dot_do_o_kernelILb0E23Flash_bwd_kernel_traitsILi64ELi64ELi128ELi8ELi2ELi4ELi4ELb1ELb0EN7cutlass6half_tE19Flash_kernel_traitsILi64ELi64ELi128ELi8ES3_EEEEvNS_16Flash_bwd_paramsE' for 'sm_89'
ptxas info    : Function properties for _ZN15minitrain_flash25flash_bwd_dot_do_o_kernelILb0E23Flash_bwd_kernel_traitsILi64ELi64ELi128ELi8ELi2ELi4ELi4ELb1ELb0EN7cutlass6half_tE19Flash_kernel_traitsILi64ELi64ELi128ELi8ES3_EEEEvNS_16Flash_bwd_paramsE
    0 bytes stack frame, 0 bytes spill stores, 0 bytes spill loads
ptxas info    : Used 34 registers, 992 bytes cmem[0]
ptxas info    : Compiling entry function '_ZN15minitrain_flash25flash_bwd_dot_do_o_kernelILb1E23Flash_bwd_kernel_traitsILi64ELi64ELi128ELi8ELi2ELi4ELi4ELb1ELb0EN7cutlass6half_tE19Flash_kernel_traitsILi64ELi64ELi128ELi8ES3_EEEEvNS_16Flash_bwd_paramsE' for 'sm_89'
ptxas info    : Function properties for _ZN15minitrain_flash25flash_bwd_dot_do_o_kernelILb1E23Flash_bwd_kernel_traitsILi64ELi64ELi128ELi8ELi2ELi4ELi4ELb1ELb0EN7cutlass6half_tE19Flash_kernel_traitsILi64ELi64ELi128ELi8ES3_EEEEvNS_16Flash_bwd_paramsE
    0 bytes stack frame, 0 bytes spill stores, 0 bytes spill loads
ptxas info    : Used 40 registers, 992 bytes cmem[0]
ptxas info    : Compiling entry function '_ZN15minitrain_flash27flash_bwd_convert_dq_kernelI23Flash_bwd_kernel_traitsILi64ELi128ELi128ELi8ELi4ELi4ELi4ELb0ELb0EN7cutlass6half_tE19Flash_kernel_traitsILi64ELi128ELi128ELi8ES3_EEEEvNS_16Flash_bwd_paramsEi' for 'sm_89'
ptxas info    : Function properties for _ZN15minitrain_flash27flash_bwd_convert_dq_kernelI23Flash_bwd_kernel_traitsILi64ELi128ELi128ELi8ELi4ELi4ELi4ELb0ELb0EN7cutlass6half_tE19Flash_kernel_traitsILi64ELi128ELi128ELi8ES3_EEEEvNS_16Flash_bwd_paramsEi
    0 bytes stack frame, 0 bytes spill stores, 0 bytes spill loads
ptxas info    : Used 56 registers, 996 bytes cmem[0]
ptxas info    : Compiling entry function '_ZN15minitrain_flash44flash_bwd_dq_dk_dv_loop_seqk_parallel_kernelI23Flash_bwd_kernel_traitsILi64ELi128ELi128ELi8ELi4ELi4ELi4ELb0ELb0EN7cutlass6half_tE19Flash_kernel_traitsILi64ELi128ELi128ELi8ES3_EELb1ELb1ELb0ELb0ELb0ELb1ELb0EEEvNS_16Flash_bwd_paramsE' for 'sm_89'
ptxas info    : Function properties for _ZN15minitrain_flash44flash_bwd_dq_dk_dv_loop_seqk_parallel_kernelI23Flash_bwd_kernel_traitsILi64ELi128ELi128ELi8ELi4ELi4ELi4ELb0ELb0EN7cutlass6half_tE19Flash_kernel_traitsILi64ELi128ELi128ELi8ES3_EELb1ELb1ELb0ELb0ELb0ELb1ELb0EEEvNS_16Flash_bwd_paramsE
    384 bytes stack frame, 400 bytes spill stores, 392 bytes spill loads
ptxas info    : Used 255 registers, 992 bytes cmem[0]
ptxas info    : Compiling entry function '_ZN15minitrain_flash44flash_bwd_dq_dk_dv_loop_seqk_parallel_kernelI23Flash_bwd_kernel_traitsILi64ELi128ELi128ELi8ELi4ELi4ELi4ELb0ELb0EN7cutlass6half_tE19Flash_kernel_traitsILi64ELi128ELi128ELi8ES3_EELb1ELb1ELb0ELb0ELb0ELb0ELb0EEEvNS_16Flash_bwd_paramsE' for 'sm_89'
ptxas info    : Function properties for _ZN15minitrain_flash44flash_bwd_dq_dk_dv_loop_seqk_parallel_kernelI23Flash_bwd_kernel_traitsILi64ELi128ELi128ELi8ELi4ELi4ELi4ELb0ELb0EN7cutlass6half_tE19Flash_kernel_traitsILi64ELi128ELi128ELi8ES3_EELb1ELb1ELb0ELb0ELb0ELb0ELb0EEEvNS_16Flash_bwd_paramsE
    384 bytes stack frame, 408 bytes spill stores, 408 bytes spill loads
ptxas info    : Used 255 registers, 992 bytes cmem[0]
ptxas info    : Compiling entry function '_ZN15minitrain_flash44flash_bwd_dq_dk_dv_loop_seqk_parallel_kernelI23Flash_bwd_kernel_traitsILi64ELi128ELi128ELi8ELi4ELi4ELi4ELb0ELb0EN7cutlass6half_tE19Flash_kernel_traitsILi64ELi128ELi128ELi8ES3_EELb1ELb1ELb0ELb0ELb1ELb1ELb0EEEvNS_16Flash_bwd_paramsE' for 'sm_89'
ptxas info    : Function properties for _ZN15minitrain_flash44flash_bwd_dq_dk_dv_loop_seqk_parallel_kernelI23Flash_bwd_kernel_traitsILi64ELi128ELi128ELi8ELi4ELi4ELi4ELb0ELb0EN7cutlass6half_tE19Flash_kernel_traitsILi64ELi128ELi128ELi8ES3_EELb1ELb1ELb0ELb0ELb1ELb1ELb0EEEvNS_16Flash_bwd_paramsE
    96 bytes stack frame, 92 bytes spill stores, 104 bytes spill loads
ptxas info    : Used 255 registers, 992 bytes cmem[0]
ptxas info    : Compiling entry function '_ZN15minitrain_flash25flash_bwd_dot_do_o_kernelILb0E23Flash_bwd_kernel_traitsILi64ELi128ELi128ELi8ELi4ELi4ELi4ELb0ELb0EN7cutlass6half_tE19Flash_kernel_traitsILi64ELi128ELi128ELi8ES3_EEEEvNS_16Flash_bwd_paramsE' for 'sm_89'
ptxas info    : Function properties for _ZN15minitrain_flash25flash_bwd_dot_do_o_kernelILb0E23Flash_bwd_kernel_traitsILi64ELi128ELi128ELi8ELi4ELi4ELi4ELb0ELb0EN7cutlass6half_tE19Flash_kernel_traitsILi64ELi128ELi128ELi8ES3_EEEEvNS_16Flash_bwd_paramsE
    0 bytes stack frame, 0 bytes spill stores, 0 bytes spill loads
ptxas info    : Used 40 registers, 992 bytes cmem[0]
ptxas info    : Compiling entry function '_ZN15minitrain_flash25flash_bwd_dot_do_o_kernelILb1E23Flash_bwd_kernel_traitsILi64ELi128ELi128ELi8ELi4ELi4ELi4ELb0ELb0EN7cutlass6half_tE19Flash_kernel_traitsILi64ELi128ELi128ELi8ES3_EEEEvNS_16Flash_bwd_paramsE' for 'sm_89'
ptxas info    : Function properties for _ZN15minitrain_flash25flash_bwd_dot_do_o_kernelILb1E23Flash_bwd_kernel_traitsILi64ELi128ELi128ELi8ELi4ELi4ELi4ELb0ELb0EN7cutlass6half_tE19Flash_kernel_traitsILi64ELi128ELi128ELi8ES3_EEEEvNS_16Flash_bwd_paramsE
    0 bytes stack frame, 0 bytes spill stores, 0 bytes spill loads
ptxas info    : Used 40 registers, 992 bytes cmem[0]
[8/10] /usr/local/cuda/bin/nvcc --generate-dependencies-with-compile --dependency-output flash_bwd_hdim64_bf16_sm80.cuda.o.d -DTORCH_EXTENSION_NAME=minitrain_cuda_flash_8d01e50dc6dc -DTORCH_API_INCLUDE_EXTENSION_H -DPYBIND11_COMPILER_TYPE=\"_gcc\" -DPYBIND11_STDLIB=\"_libstdcpp\" -DPYBIND11_BUILD_ABI=\"_cxxabi1011\" -I/home/ubuntu/mini-train-sys/minitrain/kernels/cuda_ext/csrc -I/home/ubuntu/mini-train-sys/minitrain/kernels/cuda_ext/csrc/third_party/flash_attn/src -I/home/ubuntu/mini-train-sys/minitrain/kernels/cuda_ext/csrc/third_party/cutlass/include -isystem /home/ubuntu/mini-train-sys/.venv/lib/python3.10/site-packages/torch/include -isystem /home/ubuntu/mini-train-sys/.venv/lib/python3.10/site-packages/torch/include/torch/csrc/api/include -isystem /home/ubuntu/mini-train-sys/.venv/lib/python3.10/site-packages/torch/include/TH -isystem /home/ubuntu/mini-train-sys/.venv/lib/python3.10/site-packages/torch/include/THC -isystem /usr/local/cuda/include -isystem /usr/include/python3.10 -D_GLIBCXX_USE_CXX11_ABI=0 -D__CUDA_NO_HALF_OPERATORS__ -D__CUDA_NO_HALF_CONVERSIONS__ -D__CUDA_NO_BFLOAT16_CONVERSIONS__ -D__CUDA_NO_HALF2_OPERATORS__ --expt-relaxed-constexpr -gencode=arch=compute_89,code=compute_89 -gencode=arch=compute_89,code=sm_89 --compiler-options '-fPIC' -O3 -std=c++17 --use_fast_math --expt-relaxed-constexpr --expt-extended-lambda -U__CUDA_NO_HALF_OPERATORS__ -U__CUDA_NO_HALF_CONVERSIONS__ -U__CUDA_NO_HALF2_OPERATORS__ -U__CUDA_NO_BFLOAT16_CONVERSIONS__ --ptxas-options=-v -DFLASH_NAMESPACE=minitrain_flash -DFLASHATTENTION_DISABLE_ALIBI -DFLASHATTENTION_DISABLE_LOCAL -DFLASHATTENTION_DISABLE_SOFTCAP -DMINITRAIN_FLASH_HDIM_64 -DMINITRAIN_FLASH_ENABLE_FP16 -DMINITRAIN_FLASH_ENABLE_BF16 -c /home/ubuntu/mini-train-sys/minitrain/kernels/cuda_ext/csrc/instantiations/flash_bwd_hdim64_bf16_sm80.cu -o flash_bwd_hdim64_bf16_sm80.cuda.o 
ptxas info    : 499 bytes gmem
ptxas info    : Compiling entry function '_ZN15minitrain_flash44flash_bwd_dq_dk_dv_loop_seqk_parallel_kernelI23Flash_bwd_kernel_traitsILi64ELi64ELi128ELi8ELi2ELi4ELi4ELb1ELb0EN7cutlass10bfloat16_tE19Flash_kernel_traitsILi64ELi64ELi128ELi8ES3_EELb0ELb0ELb0ELb0ELb0ELb1ELb0EEEvNS_16Flash_bwd_paramsE' for 'sm_89'
ptxas info    : Function properties for _ZN15minitrain_flash44flash_bwd_dq_dk_dv_loop_seqk_parallel_kernelI23Flash_bwd_kernel_traitsILi64ELi64ELi128ELi8ELi2ELi4ELi4ELb1ELb0EN7cutlass10bfloat16_tE19Flash_kernel_traitsILi64ELi64ELi128ELi8ES3_EELb0ELb0ELb0ELb0ELb0ELb1ELb0EEEvNS_16Flash_bwd_paramsE
    0 bytes stack frame, 0 bytes spill stores, 0 bytes spill loads
ptxas info    : Used 251 registers, 992 bytes cmem[0]
ptxas info    : Compiling entry function '_ZN15minitrain_flash44flash_bwd_dq_dk_dv_loop_seqk_parallel_kernelI23Flash_bwd_kernel_traitsILi64ELi64ELi128ELi8ELi2ELi4ELi4ELb1ELb0EN7cutlass10bfloat16_tE19Flash_kernel_traitsILi64ELi64ELi128ELi8ES3_EELb0ELb0ELb0ELb0ELb0ELb0ELb0EEEvNS_16Flash_bwd_paramsE' for 'sm_89'
ptxas info    : Function properties for _ZN15minitrain_flash44flash_bwd_dq_dk_dv_loop_seqk_parallel_kernelI23Flash_bwd_kernel_traitsILi64ELi64ELi128ELi8ELi2ELi4ELi4ELb1ELb0EN7cutlass10bfloat16_tE19Flash_kernel_traitsILi64ELi64ELi128ELi8ES3_EELb0ELb0ELb0ELb0ELb0ELb0ELb0EEEvNS_16Flash_bwd_paramsE
    0 bytes stack frame, 0 bytes spill stores, 0 bytes spill loads
ptxas info    : Used 252 registers, 992 bytes cmem[0]
ptxas info    : Compiling entry function '_ZN15minitrain_flash44flash_bwd_dq_dk_dv_loop_seqk_parallel_kernelI23Flash_bwd_kernel_traitsILi64ELi64ELi128ELi8ELi2ELi4ELi4ELb1ELb0EN7cutlass10bfloat16_tE19Flash_kernel_traitsILi64ELi64ELi128ELi8ES3_EELb0ELb0ELb0ELb0ELb1ELb1ELb0EEEvNS_16Flash_bwd_paramsE' for 'sm_89'
ptxas info    : Function properties for _ZN15minitrain_flash44flash_bwd_dq_dk_dv_loop_seqk_parallel_kernelI23Flash_bwd_kernel_traitsILi64ELi64ELi128ELi8ELi2ELi4ELi4ELb1ELb0EN7cutlass10bfloat16_tE19Flash_kernel_traitsILi64ELi64ELi128ELi8ES3_EELb0ELb0ELb0ELb0ELb1ELb1ELb0EEEvNS_16Flash_bwd_paramsE
    0 bytes stack frame, 0 bytes spill stores, 0 bytes spill loads
ptxas info    : Used 248 registers, 992 bytes cmem[0]
ptxas info    : Compiling entry function '_ZN15minitrain_flash44flash_bwd_dq_dk_dv_loop_seqk_parallel_kernelI23Flash_bwd_kernel_traitsILi64ELi128ELi128ELi8ELi4ELi4ELi4ELb0ELb0EN7cutlass10bfloat16_tE19Flash_kernel_traitsILi64ELi128ELi128ELi8ES3_EELb0ELb0ELb0ELb0ELb0ELb1ELb0EEEvNS_16Flash_bwd_paramsE' for 'sm_89'
ptxas info    : Function properties for _ZN15minitrain_flash44flash_bwd_dq_dk_dv_loop_seqk_parallel_kernelI23Flash_bwd_kernel_traitsILi64ELi128ELi128ELi8ELi4ELi4ELi4ELb0ELb0EN7cutlass10bfloat16_tE19Flash_kernel_traitsILi64ELi128ELi128ELi8ES3_EELb0ELb0ELb0ELb0ELb0ELb1ELb0EEEvNS_16Flash_bwd_paramsE
    328 bytes stack frame, 324 bytes spill stores, 332 bytes spill loads
ptxas info    : Used 255 registers, 992 bytes cmem[0]
ptxas info    : Compiling entry function '_ZN15minitrain_flash44flash_bwd_dq_dk_dv_loop_seqk_parallel_kernelI23Flash_bwd_kernel_traitsILi64ELi128ELi128ELi8ELi4ELi4ELi4ELb0ELb0EN7cutlass10bfloat16_tE19Flash_kernel_traitsILi64ELi128ELi128ELi8ES3_EELb0ELb0ELb0ELb0ELb0ELb0ELb0EEEvNS_16Flash_bwd_paramsE' for 'sm_89'
ptxas info    : Function properties for _ZN15minitrain_flash44flash_bwd_dq_dk_dv_loop_seqk_parallel_kernelI23Flash_bwd_kernel_traitsILi64ELi128ELi128ELi8ELi4ELi4ELi4ELb0ELb0EN7cutlass10bfloat16_tE19Flash_kernel_traitsILi64ELi128ELi128ELi8ES3_EELb0ELb0ELb0ELb0ELb0ELb0ELb0EEEvNS_16Flash_bwd_paramsE
    352 bytes stack frame, 348 bytes spill stores, 356 bytes spill loads
ptxas info    : Used 255 registers, 992 bytes cmem[0]
ptxas info    : Compiling entry function '_ZN15minitrain_flash44flash_bwd_dq_dk_dv_loop_seqk_parallel_kernelI23Flash_bwd_kernel_traitsILi64ELi128ELi128ELi8ELi4ELi4ELi4ELb0ELb0EN7cutlass10bfloat16_tE19Flash_kernel_traitsILi64ELi128ELi128ELi8ES3_EELb0ELb0ELb0ELb0ELb1ELb1ELb0EEEvNS_16Flash_bwd_paramsE' for 'sm_89'
ptxas info    : Function properties for _ZN15minitrain_flash44flash_bwd_dq_dk_dv_loop_seqk_parallel_kernelI23Flash_bwd_kernel_traitsILi64ELi128ELi128ELi8ELi4ELi4ELi4ELb0ELb0EN7cutlass10bfloat16_tE19Flash_kernel_traitsILi64ELi128ELi128ELi8ES3_EELb0ELb0ELb0ELb0ELb1ELb1ELb0EEEvNS_16Flash_bwd_paramsE
    64 bytes stack frame, 64 bytes spill stores, 72 bytes spill loads
ptxas info    : Used 255 registers, 992 bytes cmem[0]
ptxas info    : Compiling entry function '_ZN15minitrain_flash27flash_bwd_convert_dq_kernelI23Flash_bwd_kernel_traitsILi64ELi64ELi128ELi8ELi2ELi4ELi4ELb1ELb0EN7cutlass10bfloat16_tE19Flash_kernel_traitsILi64ELi64ELi128ELi8ES3_EEEEvNS_16Flash_bwd_paramsEi' for 'sm_89'
ptxas info    : Function properties for _ZN15minitrain_flash27flash_bwd_convert_dq_kernelI23Flash_bwd_kernel_traitsILi64ELi64ELi128ELi8ELi2ELi4ELi4ELb1ELb0EN7cutlass10bfloat16_tE19Flash_kernel_traitsILi64ELi64ELi128ELi8ES3_EEEEvNS_16Flash_bwd_paramsEi
    0 bytes stack frame, 0 bytes spill stores, 0 bytes spill loads
ptxas info    : Used 40 registers, 996 bytes cmem[0]
ptxas info    : Compiling entry function '_ZN15minitrain_flash44flash_bwd_dq_dk_dv_loop_seqk_parallel_kernelI23Flash_bwd_kernel_traitsILi64ELi64ELi128ELi8ELi2ELi4ELi4ELb1ELb0EN7cutlass10bfloat16_tE19Flash_kernel_traitsILi64ELi64ELi128ELi8ES3_EELb1ELb0ELb0ELb0ELb0ELb1ELb0EEEvNS_16Flash_bwd_paramsE' for 'sm_89'
ptxas info    : Function properties for _ZN15minitrain_flash44flash_bwd_dq_dk_dv_loop_seqk_parallel_kernelI23Flash_bwd_kernel_traitsILi64ELi64ELi128ELi8ELi2ELi4ELi4ELb1ELb0EN7cutlass10bfloat16_tE19Flash_kernel_traitsILi64ELi64ELi128ELi8ES3_EELb1ELb0ELb0ELb0ELb0ELb1ELb0EEEvNS_16Flash_bwd_paramsE
    0 bytes stack frame, 0 bytes spill stores, 0 bytes spill loads
ptxas info    : Used 252 registers, 992 bytes cmem[0]
ptxas info    : Compiling entry function '_ZN15minitrain_flash44flash_bwd_dq_dk_dv_loop_seqk_parallel_kernelI23Flash_bwd_kernel_traitsILi64ELi64ELi128ELi8ELi2ELi4ELi4ELb1ELb0EN7cutlass10bfloat16_tE19Flash_kernel_traitsILi64ELi64ELi128ELi8ES3_EELb1ELb0ELb0ELb0ELb0ELb0ELb0EEEvNS_16Flash_bwd_paramsE' for 'sm_89'
ptxas info    : Function properties for _ZN15minitrain_flash44flash_bwd_dq_dk_dv_loop_seqk_parallel_kernelI23Flash_bwd_kernel_traitsILi64ELi64ELi128ELi8ELi2ELi4ELi4ELb1ELb0EN7cutlass10bfloat16_tE19Flash_kernel_traitsILi64ELi64ELi128ELi8ES3_EELb1ELb0ELb0ELb0ELb0ELb0ELb0EEEvNS_16Flash_bwd_paramsE
    0 bytes stack frame, 0 bytes spill stores, 0 bytes spill loads
ptxas info    : Used 252 registers, 992 bytes cmem[0]
ptxas info    : Compiling entry function '_ZN15minitrain_flash44flash_bwd_dq_dk_dv_loop_seqk_parallel_kernelI23Flash_bwd_kernel_traitsILi64ELi64ELi128ELi8ELi2ELi4ELi4ELb1ELb0EN7cutlass10bfloat16_tE19Flash_kernel_traitsILi64ELi64ELi128ELi8ES3_EELb1ELb0ELb0ELb0ELb1ELb1ELb0EEEvNS_16Flash_bwd_paramsE' for 'sm_89'
ptxas info    : Function properties for _ZN15minitrain_flash44flash_bwd_dq_dk_dv_loop_seqk_parallel_kernelI23Flash_bwd_kernel_traitsILi64ELi64ELi128ELi8ELi2ELi4ELi4ELb1ELb0EN7cutlass10bfloat16_tE19Flash_kernel_traitsILi64ELi64ELi128ELi8ES3_EELb1ELb0ELb0ELb0ELb1ELb1ELb0EEEvNS_16Flash_bwd_paramsE
    0 bytes stack frame, 0 bytes spill stores, 0 bytes spill loads
ptxas info    : Used 250 registers, 992 bytes cmem[0]
ptxas info    : Compiling entry function '_ZN15minitrain_flash25flash_bwd_dot_do_o_kernelILb0E23Flash_bwd_kernel_traitsILi64ELi64ELi128ELi8ELi2ELi4ELi4ELb1ELb0EN7cutlass10bfloat16_tE19Flash_kernel_traitsILi64ELi64ELi128ELi8ES3_EEEEvNS_16Flash_bwd_paramsE' for 'sm_89'
ptxas info    : Function properties for _ZN15minitrain_flash25flash_bwd_dot_do_o_kernelILb0E23Flash_bwd_kernel_traitsILi64ELi64ELi128ELi8ELi2ELi4ELi4ELb1ELb0EN7cutlass10bfloat16_tE19Flash_kernel_traitsILi64ELi64ELi128ELi8ES3_EEEEvNS_16Flash_bwd_paramsE
    0 bytes stack frame, 0 bytes spill stores, 0 bytes spill loads
ptxas info    : Used 32 registers, 992 bytes cmem[0]
ptxas info    : Compiling entry function '_ZN15minitrain_flash25flash_bwd_dot_do_o_kernelILb1E23Flash_bwd_kernel_traitsILi64ELi64ELi128ELi8ELi2ELi4ELi4ELb1ELb0EN7cutlass10bfloat16_tE19Flash_kernel_traitsILi64ELi64ELi128ELi8ES3_EEEEvNS_16Flash_bwd_paramsE' for 'sm_89'
ptxas info    : Function properties for _ZN15minitrain_flash25flash_bwd_dot_do_o_kernelILb1E23Flash_bwd_kernel_traitsILi64ELi64ELi128ELi8ELi2ELi4ELi4ELb1ELb0EN7cutlass10bfloat16_tE19Flash_kernel_traitsILi64ELi64ELi128ELi8ES3_EEEEvNS_16Flash_bwd_paramsE
    0 bytes stack frame, 0 bytes spill stores, 0 bytes spill loads
ptxas info    : Used 40 registers, 992 bytes cmem[0]
ptxas info    : Compiling entry function '_ZN15minitrain_flash27flash_bwd_convert_dq_kernelI23Flash_bwd_kernel_traitsILi64ELi128ELi128ELi8ELi4ELi4ELi4ELb0ELb0EN7cutlass10bfloat16_tE19Flash_kernel_traitsILi64ELi128ELi128ELi8ES3_EEEEvNS_16Flash_bwd_paramsEi' for 'sm_89'
ptxas info    : Function properties for _ZN15minitrain_flash27flash_bwd_convert_dq_kernelI23Flash_bwd_kernel_traitsILi64ELi128ELi128ELi8ELi4ELi4ELi4ELb0ELb0EN7cutlass10bfloat16_tE19Flash_kernel_traitsILi64ELi128ELi128ELi8ES3_EEEEvNS_16Flash_bwd_paramsEi
    0 bytes stack frame, 0 bytes spill stores, 0 bytes spill loads
ptxas info    : Used 56 registers, 996 bytes cmem[0]
ptxas info    : Compiling entry function '_ZN15minitrain_flash44flash_bwd_dq_dk_dv_loop_seqk_parallel_kernelI23Flash_bwd_kernel_traitsILi64ELi128ELi128ELi8ELi4ELi4ELi4ELb0ELb0EN7cutlass10bfloat16_tE19Flash_kernel_traitsILi64ELi128ELi128ELi8ES3_EELb1ELb0ELb0ELb0ELb0ELb1ELb0EEEvNS_16Flash_bwd_paramsE' for 'sm_89'
ptxas info    : Function properties for _ZN15minitrain_flash44flash_bwd_dq_dk_dv_loop_seqk_parallel_kernelI23Flash_bwd_kernel_traitsILi64ELi128ELi128ELi8ELi4ELi4ELi4ELb0ELb0EN7cutlass10bfloat16_tE19Flash_kernel_traitsILi64ELi128ELi128ELi8ES3_EELb1ELb0ELb0ELb0ELb0ELb1ELb0EEEvNS_16Flash_bwd_paramsE
    320 bytes stack frame, 312 bytes spill stores, 324 bytes spill loads
ptxas info    : Used 255 registers, 992 bytes cmem[0]
ptxas info    : Compiling entry function '_ZN15minitrain_flash44flash_bwd_dq_dk_dv_loop_seqk_parallel_kernelI23Flash_bwd_kernel_traitsILi64ELi128ELi128ELi8ELi4ELi4ELi4ELb0ELb0EN7cutlass10bfloat16_tE19Flash_kernel_traitsILi64ELi128ELi128ELi8ES3_EELb1ELb0ELb0ELb0ELb0ELb0ELb0EEEvNS_16Flash_bwd_paramsE' for 'sm_89'
ptxas info    : Function properties for _ZN15minitrain_flash44flash_bwd_dq_dk_dv_loop_seqk_parallel_kernelI23Flash_bwd_kernel_traitsILi64ELi128ELi128ELi8ELi4ELi4ELi4ELb0ELb0EN7cutlass10bfloat16_tE19Flash_kernel_traitsILi64ELi128ELi128ELi8ES3_EELb1ELb0ELb0ELb0ELb0ELb0ELb0EEEvNS_16Flash_bwd_paramsE
    352 bytes stack frame, 348 bytes spill stores, 360 bytes spill loads
ptxas info    : Used 255 registers, 992 bytes cmem[0]
ptxas info    : Compiling entry function '_ZN15minitrain_flash44flash_bwd_dq_dk_dv_loop_seqk_parallel_kernelI23Flash_bwd_kernel_traitsILi64ELi128ELi128ELi8ELi4ELi4ELi4ELb0ELb0EN7cutlass10bfloat16_tE19Flash_kernel_traitsILi64ELi128ELi128ELi8ES3_EELb1ELb0ELb0ELb0ELb1ELb1ELb0EEEvNS_16Flash_bwd_paramsE' for 'sm_89'
ptxas info    : Function properties for _ZN15minitrain_flash44flash_bwd_dq_dk_dv_loop_seqk_parallel_kernelI23Flash_bwd_kernel_traitsILi64ELi128ELi128ELi8ELi4ELi4ELi4ELb0ELb0EN7cutlass10bfloat16_tE19Flash_kernel_traitsILi64ELi128ELi128ELi8ES3_EELb1ELb0ELb0ELb0ELb1ELb1ELb0EEEvNS_16Flash_bwd_paramsE
    88 bytes stack frame, 84 bytes spill stores, 96 bytes spill loads
ptxas info    : Used 255 registers, 992 bytes cmem[0]
ptxas info    : Compiling entry function '_ZN15minitrain_flash25flash_bwd_dot_do_o_kernelILb0E23Flash_bwd_kernel_traitsILi64ELi128ELi128ELi8ELi4ELi4ELi4ELb0ELb0EN7cutlass10bfloat16_tE19Flash_kernel_traitsILi64ELi128ELi128ELi8ES3_EEEEvNS_16Flash_bwd_paramsE' for 'sm_89'
ptxas info    : Function properties for _ZN15minitrain_flash25flash_bwd_dot_do_o_kernelILb0E23Flash_bwd_kernel_traitsILi64ELi128ELi128ELi8ELi4ELi4ELi4ELb0ELb0EN7cutlass10bfloat16_tE19Flash_kernel_traitsILi64ELi128ELi128ELi8ES3_EEEEvNS_16Flash_bwd_paramsE
    0 bytes stack frame, 0 bytes spill stores, 0 bytes spill loads
ptxas info    : Used 40 registers, 992 bytes cmem[0]
ptxas info    : Compiling entry function '_ZN15minitrain_flash25flash_bwd_dot_do_o_kernelILb1E23Flash_bwd_kernel_traitsILi64ELi128ELi128ELi8ELi4ELi4ELi4ELb0ELb0EN7cutlass10bfloat16_tE19Flash_kernel_traitsILi64ELi128ELi128ELi8ES3_EEEEvNS_16Flash_bwd_paramsE' for 'sm_89'
ptxas info    : Function properties for _ZN15minitrain_flash25flash_bwd_dot_do_o_kernelILb1E23Flash_bwd_kernel_traitsILi64ELi128ELi128ELi8ELi4ELi4ELi4ELb0ELb0EN7cutlass10bfloat16_tE19Flash_kernel_traitsILi64ELi128ELi128ELi8ES3_EEEEvNS_16Flash_bwd_paramsE
    0 bytes stack frame, 0 bytes spill stores, 0 bytes spill loads
ptxas info    : Used 40 registers, 992 bytes cmem[0]
[9/10] /usr/local/cuda/bin/nvcc --generate-dependencies-with-compile --dependency-output flash_bwd_hdim64_bf16_causal_sm80.cuda.o.d -DTORCH_EXTENSION_NAME=minitrain_cuda_flash_8d01e50dc6dc -DTORCH_API_INCLUDE_EXTENSION_H -DPYBIND11_COMPILER_TYPE=\"_gcc\" -DPYBIND11_STDLIB=\"_libstdcpp\" -DPYBIND11_BUILD_ABI=\"_cxxabi1011\" -I/home/ubuntu/mini-train-sys/minitrain/kernels/cuda_ext/csrc -I/home/ubuntu/mini-train-sys/minitrain/kernels/cuda_ext/csrc/third_party/flash_attn/src -I/home/ubuntu/mini-train-sys/minitrain/kernels/cuda_ext/csrc/third_party/cutlass/include -isystem /home/ubuntu/mini-train-sys/.venv/lib/python3.10/site-packages/torch/include -isystem /home/ubuntu/mini-train-sys/.venv/lib/python3.10/site-packages/torch/include/torch/csrc/api/include -isystem /home/ubuntu/mini-train-sys/.venv/lib/python3.10/site-packages/torch/include/TH -isystem /home/ubuntu/mini-train-sys/.venv/lib/python3.10/site-packages/torch/include/THC -isystem /usr/local/cuda/include -isystem /usr/include/python3.10 -D_GLIBCXX_USE_CXX11_ABI=0 -D__CUDA_NO_HALF_OPERATORS__ -D__CUDA_NO_HALF_CONVERSIONS__ -D__CUDA_NO_BFLOAT16_CONVERSIONS__ -D__CUDA_NO_HALF2_OPERATORS__ --expt-relaxed-constexpr -gencode=arch=compute_89,code=compute_89 -gencode=arch=compute_89,code=sm_89 --compiler-options '-fPIC' -O3 -std=c++17 --use_fast_math --expt-relaxed-constexpr --expt-extended-lambda -U__CUDA_NO_HALF_OPERATORS__ -U__CUDA_NO_HALF_CONVERSIONS__ -U__CUDA_NO_HALF2_OPERATORS__ -U__CUDA_NO_BFLOAT16_CONVERSIONS__ --ptxas-options=-v -DFLASH_NAMESPACE=minitrain_flash -DFLASHATTENTION_DISABLE_ALIBI -DFLASHATTENTION_DISABLE_LOCAL -DFLASHATTENTION_DISABLE_SOFTCAP -DMINITRAIN_FLASH_HDIM_64 -DMINITRAIN_FLASH_ENABLE_FP16 -DMINITRAIN_FLASH_ENABLE_BF16 -c /home/ubuntu/mini-train-sys/minitrain/kernels/cuda_ext/csrc/instantiations/flash_bwd_hdim64_bf16_causal_sm80.cu -o flash_bwd_hdim64_bf16_causal_sm80.cuda.o 
ptxas info    : 499 bytes gmem
ptxas info    : Compiling entry function '_ZN15minitrain_flash44flash_bwd_dq_dk_dv_loop_seqk_parallel_kernelI23Flash_bwd_kernel_traitsILi64ELi64ELi128ELi8ELi2ELi4ELi4ELb1ELb0EN7cutlass10bfloat16_tE19Flash_kernel_traitsILi64ELi64ELi128ELi8ES3_EELb0ELb1ELb0ELb0ELb0ELb1ELb0EEEvNS_16Flash_bwd_paramsE' for 'sm_89'
ptxas info    : Function properties for _ZN15minitrain_flash44flash_bwd_dq_dk_dv_loop_seqk_parallel_kernelI23Flash_bwd_kernel_traitsILi64ELi64ELi128ELi8ELi2ELi4ELi4ELb1ELb0EN7cutlass10bfloat16_tE19Flash_kernel_traitsILi64ELi64ELi128ELi8ES3_EELb0ELb1ELb0ELb0ELb0ELb1ELb0EEEvNS_16Flash_bwd_paramsE
    8 bytes stack frame, 4 bytes spill stores, 4 bytes spill loads
ptxas info    : Used 255 registers, 992 bytes cmem[0]
ptxas info    : Compiling entry function '_ZN15minitrain_flash44flash_bwd_dq_dk_dv_loop_seqk_parallel_kernelI23Flash_bwd_kernel_traitsILi64ELi64ELi128ELi8ELi2ELi4ELi4ELb1ELb0EN7cutlass10bfloat16_tE19Flash_kernel_traitsILi64ELi64ELi128ELi8ES3_EELb0ELb1ELb0ELb0ELb0ELb0ELb0EEEvNS_16Flash_bwd_paramsE' for 'sm_89'
ptxas info    : Function properties for _ZN15minitrain_flash44flash_bwd_dq_dk_dv_loop_seqk_parallel_kernelI23Flash_bwd_kernel_traitsILi64ELi64ELi128ELi8ELi2ELi4ELi4ELb1ELb0EN7cutlass10bfloat16_tE19Flash_kernel_traitsILi64ELi64ELi128ELi8ES3_EELb0ELb1ELb0ELb0ELb0ELb0ELb0EEEvNS_16Flash_bwd_paramsE
    8 bytes stack frame, 4 bytes spill stores, 4 bytes spill loads
ptxas info    : Used 255 registers, 992 bytes cmem[0]
ptxas info    : Compiling entry function '_ZN15minitrain_flash44flash_bwd_dq_dk_dv_loop_seqk_parallel_kernelI23Flash_bwd_kernel_traitsILi64ELi64ELi128ELi8ELi2ELi4ELi4ELb1ELb0EN7cutlass10bfloat16_tE19Flash_kernel_traitsILi64ELi64ELi128ELi8ES3_EELb0ELb1ELb0ELb0ELb1ELb1ELb0EEEvNS_16Flash_bwd_paramsE' for 'sm_89'
ptxas info    : Function properties for _ZN15minitrain_flash44flash_bwd_dq_dk_dv_loop_seqk_parallel_kernelI23Flash_bwd_kernel_traitsILi64ELi64ELi128ELi8ELi2ELi4ELi4ELb1ELb0EN7cutlass10bfloat16_tE19Flash_kernel_traitsILi64ELi64ELi128ELi8ES3_EELb0ELb1ELb0ELb0ELb1ELb1ELb0EEEvNS_16Flash_bwd_paramsE
    0 bytes stack frame, 0 bytes spill stores, 0 bytes spill loads
ptxas info    : Used 250 registers, 992 bytes cmem[0]
ptxas info    : Compiling entry function '_ZN15minitrain_flash44flash_bwd_dq_dk_dv_loop_seqk_parallel_kernelI23Flash_bwd_kernel_traitsILi64ELi128ELi128ELi8ELi4ELi4ELi4ELb0ELb0EN7cutlass10bfloat16_tE19Flash_kernel_traitsILi64ELi128ELi128ELi8ES3_EELb0ELb1ELb0ELb0ELb0ELb1ELb0EEEvNS_16Flash_bwd_paramsE' for 'sm_89'
ptxas info    : Function properties for _ZN15minitrain_flash44flash_bwd_dq_dk_dv_loop_seqk_parallel_kernelI23Flash_bwd_kernel_traitsILi64ELi128ELi128ELi8ELi4ELi4ELi4ELb0ELb0EN7cutlass10bfloat16_tE19Flash_kernel_traitsILi64ELi128ELi128ELi8ES3_EELb0ELb1ELb0ELb0ELb0ELb1ELb0EEEvNS_16Flash_bwd_paramsE
    368 bytes stack frame, 364 bytes spill stores, 384 bytes spill loads
ptxas info    : Used 255 registers, 992 bytes cmem[0]
ptxas info    : Compiling entry function '_ZN15minitrain_flash44flash_bwd_dq_dk_dv_loop_seqk_parallel_kernelI23Flash_bwd_kernel_traitsILi64ELi128ELi128ELi8ELi4ELi4ELi4ELb0ELb0EN7cutlass10bfloat16_tE19Flash_kernel_traitsILi64ELi128ELi128ELi8ES3_EELb0ELb1ELb0ELb0ELb0ELb0ELb0EEEvNS_16Flash_bwd_paramsE' for 'sm_89'
ptxas info    : Function properties for _ZN15minitrain_flash44flash_bwd_dq_dk_dv_loop_seqk_parallel_kernelI23Flash_bwd_kernel_traitsILi64ELi128ELi128ELi8ELi4ELi4ELi4ELb0ELb0EN7cutlass10bfloat16_tE19Flash_kernel_traitsILi64ELi128ELi128ELi8ES3_EELb0ELb1ELb0ELb0ELb0ELb0ELb0EEEvNS_16Flash_bwd_paramsE
    368 bytes stack frame, 364 bytes spill stores, 368 bytes spill loads
ptxas info    : Used 255 registers, 992 bytes cmem[0]
ptxas info    : Compiling entry function '_ZN15minitrain_flash44flash_bwd_dq_dk_dv_loop_seqk_parallel_kernelI23Flash_bwd_kernel_traitsILi64ELi128ELi128ELi8ELi4ELi4ELi4ELb0ELb0EN7cutlass10bfloat16_tE19Flash_kernel_traitsILi64ELi128ELi128ELi8ES3_EELb0ELb1ELb0ELb0ELb1ELb1ELb0EEEvNS_16Flash_bwd_paramsE' for 'sm_89'
ptxas info    : Function properties for _ZN15minitrain_flash44flash_bwd_dq_dk_dv_loop_seqk_parallel_kernelI23Flash_bwd_kernel_traitsILi64ELi128ELi128ELi8ELi4ELi4ELi4ELb0ELb0EN7cutlass10bfloat16_tE19Flash_kernel_traitsILi64ELi128ELi128ELi8ES3_EELb0ELb1ELb0ELb0ELb1ELb1ELb0EEEvNS_16Flash_bwd_paramsE
    96 bytes stack frame, 92 bytes spill stores, 100 bytes spill loads
ptxas info    : Used 255 registers, 992 bytes cmem[0]
ptxas info    : Compiling entry function '_ZN15minitrain_flash27flash_bwd_convert_dq_kernelI23Flash_bwd_kernel_traitsILi64ELi64ELi128ELi8ELi2ELi4ELi4ELb1ELb0EN7cutlass10bfloat16_tE19Flash_kernel_traitsILi64ELi64ELi128ELi8ES3_EEEEvNS_16Flash_bwd_paramsEi' for 'sm_89'
ptxas info    : Function properties for _ZN15minitrain_flash27flash_bwd_convert_dq_kernelI23Flash_bwd_kernel_traitsILi64ELi64ELi128ELi8ELi2ELi4ELi4ELb1ELb0EN7cutlass10bfloat16_tE19Flash_kernel_traitsILi64ELi64ELi128ELi8ES3_EEEEvNS_16Flash_bwd_paramsEi
    0 bytes stack frame, 0 bytes spill stores, 0 bytes spill loads
ptxas info    : Used 40 registers, 996 bytes cmem[0]
ptxas info    : Compiling entry function '_ZN15minitrain_flash44flash_bwd_dq_dk_dv_loop_seqk_parallel_kernelI23Flash_bwd_kernel_traitsILi64ELi64ELi128ELi8ELi2ELi4ELi4ELb1ELb0EN7cutlass10bfloat16_tE19Flash_kernel_traitsILi64ELi64ELi128ELi8ES3_EELb1ELb1ELb0ELb0ELb0ELb1ELb0EEEvNS_16Flash_bwd_paramsE' for 'sm_89'
ptxas info    : Function properties for _ZN15minitrain_flash44flash_bwd_dq_dk_dv_loop_seqk_parallel_kernelI23Flash_bwd_kernel_traitsILi64ELi64ELi128ELi8ELi2ELi4ELi4ELb1ELb0EN7cutlass10bfloat16_tE19Flash_kernel_traitsILi64ELi64ELi128ELi8ES3_EELb1ELb1ELb0ELb0ELb0ELb1ELb0EEEvNS_16Flash_bwd_paramsE
    0 bytes stack frame, 0 bytes spill stores, 0 bytes spill loads
ptxas info    : Used 255 registers, 992 bytes cmem[0]
ptxas info    : Compiling entry function '_ZN15minitrain_flash44flash_bwd_dq_dk_dv_loop_seqk_parallel_kernelI23Flash_bwd_kernel_traitsILi64ELi64ELi128ELi8ELi2ELi4ELi4ELb1ELb0EN7cutlass10bfloat16_tE19Flash_kernel_traitsILi64ELi64ELi128ELi8ES3_EELb1ELb1ELb0ELb0ELb0ELb0ELb0EEEvNS_16Flash_bwd_paramsE' for 'sm_89'
ptxas info    : Function properties for _ZN15minitrain_flash44flash_bwd_dq_dk_dv_loop_seqk_parallel_kernelI23Flash_bwd_kernel_traitsILi64ELi64ELi128ELi8ELi2ELi4ELi4ELb1ELb0EN7cutlass10bfloat16_tE19Flash_kernel_traitsILi64ELi64ELi128ELi8ES3_EELb1ELb1ELb0ELb0ELb0ELb0ELb0EEEvNS_16Flash_bwd_paramsE
    0 bytes stack frame, 0 bytes spill stores, 0 bytes spill loads
ptxas info    : Used 254 registers, 992 bytes cmem[0]
ptxas info    : Compiling entry function '_ZN15minitrain_flash44flash_bwd_dq_dk_dv_loop_seqk_parallel_kernelI23Flash_bwd_kernel_traitsILi64ELi64ELi128ELi8ELi2ELi4ELi4ELb1ELb0EN7cutlass10bfloat16_tE19Flash_kernel_traitsILi64ELi64ELi128ELi8ES3_EELb1ELb1ELb0ELb0ELb1ELb1ELb0EEEvNS_16Flash_bwd_paramsE' for 'sm_89'
ptxas info    : Function properties for _ZN15minitrain_flash44flash_bwd_dq_dk_dv_loop_seqk_parallel_kernelI23Flash_bwd_kernel_traitsILi64ELi64ELi128ELi8ELi2ELi4ELi4ELb1ELb0EN7cutlass10bfloat16_tE19Flash_kernel_traitsILi64ELi64ELi128ELi8ES3_EELb1ELb1ELb0ELb0ELb1ELb1ELb0EEEvNS_16Flash_bwd_paramsE
    0 bytes stack frame, 0 bytes spill stores, 0 bytes spill loads
ptxas info    : Used 252 registers, 992 bytes cmem[0]
ptxas info    : Compiling entry function '_ZN15minitrain_flash25flash_bwd_dot_do_o_kernelILb0E23Flash_bwd_kernel_traitsILi64ELi64ELi128ELi8ELi2ELi4ELi4ELb1ELb0EN7cutlass10bfloat16_tE19Flash_kernel_traitsILi64ELi64ELi128ELi8ES3_EEEEvNS_16Flash_bwd_paramsE' for 'sm_89'
ptxas info    : Function properties for _ZN15minitrain_flash25flash_bwd_dot_do_o_kernelILb0E23Flash_bwd_kernel_traitsILi64ELi64ELi128ELi8ELi2ELi4ELi4ELb1ELb0EN7cutlass10bfloat16_tE19Flash_kernel_traitsILi64ELi64ELi128ELi8ES3_EEEEvNS_16Flash_bwd_paramsE
    0 bytes stack frame, 0 bytes spill stores, 0 bytes spill loads
ptxas info    : Used 32 registers, 992 bytes cmem[0]
ptxas info    : Compiling entry function '_ZN15minitrain_flash25flash_bwd_dot_do_o_kernelILb1E23Flash_bwd_kernel_traitsILi64ELi64ELi128ELi8ELi2ELi4ELi4ELb1ELb0EN7cutlass10bfloat16_tE19Flash_kernel_traitsILi64ELi64ELi128ELi8ES3_EEEEvNS_16Flash_bwd_paramsE' for 'sm_89'
ptxas info    : Function properties for _ZN15minitrain_flash25flash_bwd_dot_do_o_kernelILb1E23Flash_bwd_kernel_traitsILi64ELi64ELi128ELi8ELi2ELi4ELi4ELb1ELb0EN7cutlass10bfloat16_tE19Flash_kernel_traitsILi64ELi64ELi128ELi8ES3_EEEEvNS_16Flash_bwd_paramsE
    0 bytes stack frame, 0 bytes spill stores, 0 bytes spill loads
ptxas info    : Used 40 registers, 992 bytes cmem[0]
ptxas info    : Compiling entry function '_ZN15minitrain_flash27flash_bwd_convert_dq_kernelI23Flash_bwd_kernel_traitsILi64ELi128ELi128ELi8ELi4ELi4ELi4ELb0ELb0EN7cutlass10bfloat16_tE19Flash_kernel_traitsILi64ELi128ELi128ELi8ES3_EEEEvNS_16Flash_bwd_paramsEi' for 'sm_89'
ptxas info    : Function properties for _ZN15minitrain_flash27flash_bwd_convert_dq_kernelI23Flash_bwd_kernel_traitsILi64ELi128ELi128ELi8ELi4ELi4ELi4ELb0ELb0EN7cutlass10bfloat16_tE19Flash_kernel_traitsILi64ELi128ELi128ELi8ES3_EEEEvNS_16Flash_bwd_paramsEi
    0 bytes stack frame, 0 bytes spill stores, 0 bytes spill loads
ptxas info    : Used 56 registers, 996 bytes cmem[0]
ptxas info    : Compiling entry function '_ZN15minitrain_flash44flash_bwd_dq_dk_dv_loop_seqk_parallel_kernelI23Flash_bwd_kernel_traitsILi64ELi128ELi128ELi8ELi4ELi4ELi4ELb0ELb0EN7cutlass10bfloat16_tE19Flash_kernel_traitsILi64ELi128ELi128ELi8ES3_EELb1ELb1ELb0ELb0ELb0ELb1ELb0EEEvNS_16Flash_bwd_paramsE' for 'sm_89'
ptxas info    : Function properties for _ZN15minitrain_flash44flash_bwd_dq_dk_dv_loop_seqk_parallel_kernelI23Flash_bwd_kernel_traitsILi64ELi128ELi128ELi8ELi4ELi4ELi4ELb0ELb0EN7cutlass10bfloat16_tE19Flash_kernel_traitsILi64ELi128ELi128ELi8ES3_EELb1ELb1ELb0ELb0ELb0ELb1ELb0EEEvNS_16Flash_bwd_paramsE
    384 bytes stack frame, 400 bytes spill stores, 392 bytes spill loads
ptxas info    : Used 255 registers, 992 bytes cmem[0]
ptxas info    : Compiling entry function '_ZN15minitrain_flash44flash_bwd_dq_dk_dv_loop_seqk_parallel_kernelI23Flash_bwd_kernel_traitsILi64ELi128ELi128ELi8ELi4ELi4ELi4ELb0ELb0EN7cutlass10bfloat16_tE19Flash_kernel_traitsILi64ELi128ELi128ELi8ES3_EELb1ELb1ELb0ELb0ELb0ELb0ELb0EEEvNS_16Flash_bwd_paramsE' for 'sm_89'
ptxas info    : Function properties for _ZN15minitrain_flash44flash_bwd_dq_dk_dv_loop_seqk_parallel_kernelI23Flash_bwd_kernel_traitsILi64ELi128ELi128ELi8ELi4ELi4ELi4ELb0ELb0EN7cutlass10bfloat16_tE19Flash_kernel_traitsILi64ELi128ELi128ELi8ES3_EELb1ELb1ELb0ELb0ELb0ELb0ELb0EEEvNS_16Flash_bwd_paramsE
    384 bytes stack frame, 408 bytes spill stores, 408 bytes spill loads
ptxas info    : Used 255 registers, 992 bytes cmem[0]
ptxas info    : Compiling entry function '_ZN15minitrain_flash44flash_bwd_dq_dk_dv_loop_seqk_parallel_kernelI23Flash_bwd_kernel_traitsILi64ELi128ELi128ELi8ELi4ELi4ELi4ELb0ELb0EN7cutlass10bfloat16_tE19Flash_kernel_traitsILi64ELi128ELi128ELi8ES3_EELb1ELb1ELb0ELb0ELb1ELb1ELb0EEEvNS_16Flash_bwd_paramsE' for 'sm_89'
ptxas info    : Function properties for _ZN15minitrain_flash44flash_bwd_dq_dk_dv_loop_seqk_parallel_kernelI23Flash_bwd_kernel_traitsILi64ELi128ELi128ELi8ELi4ELi4ELi4ELb0ELb0EN7cutlass10bfloat16_tE19Flash_kernel_traitsILi64ELi128ELi128ELi8ES3_EELb1ELb1ELb0ELb0ELb1ELb1ELb0EEEvNS_16Flash_bwd_paramsE
    96 bytes stack frame, 92 bytes spill stores, 104 bytes spill loads
ptxas info    : Used 255 registers, 992 bytes cmem[0]
ptxas info    : Compiling entry function '_ZN15minitrain_flash25flash_bwd_dot_do_o_kernelILb0E23Flash_bwd_kernel_traitsILi64ELi128ELi128ELi8ELi4ELi4ELi4ELb0ELb0EN7cutlass10bfloat16_tE19Flash_kernel_traitsILi64ELi128ELi128ELi8ES3_EEEEvNS_16Flash_bwd_paramsE' for 'sm_89'
ptxas info    : Function properties for _ZN15minitrain_flash25flash_bwd_dot_do_o_kernelILb0E23Flash_bwd_kernel_traitsILi64ELi128ELi128ELi8ELi4ELi4ELi4ELb0ELb0EN7cutlass10bfloat16_tE19Flash_kernel_traitsILi64ELi128ELi128ELi8ES3_EEEEvNS_16Flash_bwd_paramsE
    0 bytes stack frame, 0 bytes spill stores, 0 bytes spill loads
ptxas info    : Used 40 registers, 992 bytes cmem[0]
ptxas info    : Compiling entry function '_ZN15minitrain_flash25flash_bwd_dot_do_o_kernelILb1E23Flash_bwd_kernel_traitsILi64ELi128ELi128ELi8ELi4ELi4ELi4ELb0ELb0EN7cutlass10bfloat16_tE19Flash_kernel_traitsILi64ELi128ELi128ELi8ES3_EEEEvNS_16Flash_bwd_paramsE' for 'sm_89'
ptxas info    : Function properties for _ZN15minitrain_flash25flash_bwd_dot_do_o_kernelILb1E23Flash_bwd_kernel_traitsILi64ELi128ELi128ELi8ELi4ELi4ELi4ELb0ELb0EN7cutlass10bfloat16_tE19Flash_kernel_traitsILi64ELi128ELi128ELi8ES3_EEEEvNS_16Flash_bwd_paramsE
    0 bytes stack frame, 0 bytes spill stores, 0 bytes spill loads
ptxas info    : Used 40 registers, 992 bytes cmem[0]
[10/10] c++ flash_api_upstream.o flash_fwd_hdim64_fp16_sm80.cuda.o flash_fwd_hdim64_fp16_causal_sm80.cuda.o flash_fwd_hdim64_bf16_sm80.cuda.o flash_fwd_hdim64_bf16_causal_sm80.cuda.o flash_bwd_hdim64_fp16_sm80.cuda.o flash_bwd_hdim64_fp16_causal_sm80.cuda.o flash_bwd_hdim64_bf16_sm80.cuda.o flash_bwd_hdim64_bf16_causal_sm80.cuda.o -shared -L/home/ubuntu/mini-train-sys/.venv/lib/python3.10/site-packages/torch/lib -lc10 -lc10_cuda -ltorch_cpu -ltorch_cuda -ltorch -ltorch_python -L/usr/local/cuda/lib64 -lcudart -o minitrain_cuda_flash_8d01e50dc6dc.so
Loading extension module minitrain_cuda_flash_8d01e50dc6dc...
<module 'minitrain_cuda_flash_8d01e50dc6dc' from '/data/mini-train-sys/cache/cuda_ext/cpython-310_5217543196fa/minitrain_cuda_flash_8d01e50dc6dc/minitrain_cuda_flash_8d01e50dc6dc.so'>
